Component: ARM Compiler 6.15 Tool: armlink [5dd79300]

==============================================================================

Section Cross References

    main.o(.text.main) refers to systick.o(.text.systick_config) for systick_config
    main.o(.text.main) refers to uart.o(.text.usart0_init) for usart0_init
    main.o(.text.main) refers to uart.o(.text.usart1_init) for usart1_init
    main.o(.text.main) refers to uart.o(.text.usart2_init) for usart2_init
    main.o(.text.main) refers to gate.o(.text.gate_init) for gate_init
    main.o(.text.main) refers to relay.o(.text.bsp_relay_init) for bsp_relay_init
    main.o(.text.main) refers to relay.o(.text.beep_init) for beep_init
    main.o(.text.main) refers to relay.o(.text.led_init) for led_init
    main.o(.text.main) refers to gd32e10x_gpio.o(.text.gpio_bit_reset) for gpio_bit_reset
    main.o(.text.main) refers to gate.o(.text.com_gate_for_usart) for com_gate_for_usart
    main.o(.text.main) refers to main.o(.bss.time_1ms) for time_1ms
    main.o(.text.main) refers to uart.o(.text.usart_dma_send_data) for usart_dma_send_data
    main.o(.text.main) refers to systick.o(.text.delay_1ms) for delay_1ms
    main.o(.text.main) refers to gd32e10x_gpio.o(.text.gpio_bit_set) for gpio_bit_set
    main.o(.ARM.exidx.text.main) refers to main.o(.text.main) for [Anonymous Symbol]
    main.o(.text.TIMER3_IRQHandler) refers to gd32e10x_timer.o(.text.timer_interrupt_flag_get) for timer_interrupt_flag_get
    main.o(.text.TIMER3_IRQHandler) refers to gd32e10x_timer.o(.text.timer_interrupt_flag_clear) for timer_interrupt_flag_clear
    main.o(.ARM.exidx.text.TIMER3_IRQHandler) refers to main.o(.text.TIMER3_IRQHandler) for [Anonymous Symbol]
    systick.o(.text.systick_config) refers to system_gd32e10x.o(.data.SystemCoreClock) for SystemCoreClock
    systick.o(.ARM.exidx.text.systick_config) refers to systick.o(.text.systick_config) for [Anonymous Symbol]
    systick.o(.text.delay_1ms) refers to systick.o(.bss.delay) for delay
    systick.o(.ARM.exidx.text.delay_1ms) refers to systick.o(.text.delay_1ms) for [Anonymous Symbol]
    systick.o(.text.delay_decrement) refers to systick.o(.bss.delay) for delay
    systick.o(.ARM.exidx.text.delay_decrement) refers to systick.o(.text.delay_decrement) for [Anonymous Symbol]
    gd32e10x_it.o(.ARM.exidx.text.NMI_Handler) refers to gd32e10x_it.o(.text.NMI_Handler) for [Anonymous Symbol]
    gd32e10x_it.o(.ARM.exidx.text.HardFault_Handler) refers to gd32e10x_it.o(.text.HardFault_Handler) for [Anonymous Symbol]
    gd32e10x_it.o(.ARM.exidx.text.MemManage_Handler) refers to gd32e10x_it.o(.text.MemManage_Handler) for [Anonymous Symbol]
    gd32e10x_it.o(.ARM.exidx.text.BusFault_Handler) refers to gd32e10x_it.o(.text.BusFault_Handler) for [Anonymous Symbol]
    gd32e10x_it.o(.ARM.exidx.text.UsageFault_Handler) refers to gd32e10x_it.o(.text.UsageFault_Handler) for [Anonymous Symbol]
    gd32e10x_it.o(.ARM.exidx.text.SVC_Handler) refers to gd32e10x_it.o(.text.SVC_Handler) for [Anonymous Symbol]
    gd32e10x_it.o(.ARM.exidx.text.DebugMon_Handler) refers to gd32e10x_it.o(.text.DebugMon_Handler) for [Anonymous Symbol]
    gd32e10x_it.o(.ARM.exidx.text.PendSV_Handler) refers to gd32e10x_it.o(.text.PendSV_Handler) for [Anonymous Symbol]
    gd32e10x_it.o(.text.SysTick_Handler) refers to systick.o(.text.delay_decrement) for delay_decrement
    gd32e10x_it.o(.ARM.exidx.text.SysTick_Handler) refers to gd32e10x_it.o(.text.SysTick_Handler) for [Anonymous Symbol]
    gd32e10x_it.o(.text.TIMER2_IRQHandler) refers to gd32e10x_timer.o(.text.timer_interrupt_flag_get) for timer_interrupt_flag_get
    gd32e10x_it.o(.text.TIMER2_IRQHandler) refers to gd32e10x_timer.o(.text.timer_interrupt_flag_clear) for timer_interrupt_flag_clear
    gd32e10x_it.o(.text.TIMER2_IRQHandler) refers to gd32e10x_it.o(.bss..L_MergedGlobals) for .L_MergedGlobals
    gd32e10x_it.o(.text.TIMER2_IRQHandler) refers to gd32e10x_timer.o(.text.timer_channel_capture_value_register_read) for timer_channel_capture_value_register_read
    gd32e10x_it.o(.ARM.exidx.text.TIMER2_IRQHandler) refers to gd32e10x_it.o(.text.TIMER2_IRQHandler) for [Anonymous Symbol]
    gd32e10x_hw.o(.text.usb_rcu_config) refers to gd32e10x_rcu.o(.text.rcu_clock_freq_get) for rcu_clock_freq_get
    gd32e10x_hw.o(.text.usb_rcu_config) refers to gd32e10x_hw.o(.data.timer_prescaler) for timer_prescaler
    gd32e10x_hw.o(.text.usb_rcu_config) refers to gd32e10x_hw.o(.bss.usbfs_prescaler) for usbfs_prescaler
    gd32e10x_hw.o(.text.usb_rcu_config) refers to gd32e10x_rcu.o(.text.rcu_usb_clock_config) for rcu_usb_clock_config
    gd32e10x_hw.o(.text.usb_rcu_config) refers to gd32e10x_rcu.o(.text.rcu_periph_clock_enable) for rcu_periph_clock_enable
    gd32e10x_hw.o(.ARM.exidx.text.usb_rcu_config) refers to gd32e10x_hw.o(.text.usb_rcu_config) for [Anonymous Symbol]
    gd32e10x_hw.o(.text.usb_intr_config) refers to gd32e10x_misc.o(.text.nvic_priority_group_set) for nvic_priority_group_set
[...]
    Removing gd32e10x_usart.o(.text.usart_smartcard_mode_enable), (10 bytes).
    Removing gd32e10x_usart.o(.ARM.exidx.text.usart_smartcard_mode_enable), (8 bytes).
    Removing gd32e10x_usart.o(.text.usart_smartcard_mode_disable), (10 bytes).
    Removing gd32e10x_usart.o(.ARM.exidx.text.usart_smartcard_mode_disable), (8 bytes).
    Removing gd32e10x_usart.o(.text.usart_smartcard_mode_nack_enable), (10 bytes).
    Removing gd32e10x_usart.o(.ARM.exidx.text.usart_smartcard_mode_nack_enable), (8 bytes).
    Removing gd32e10x_usart.o(.text.usart_smartcard_mode_nack_disable), (10 bytes).
    Removing gd32e10x_usart.o(.ARM.exidx.text.usart_smartcard_mode_nack_disable), (8 bytes).
    Removing gd32e10x_usart.o(.text.usart_smartcard_autoretry_config), (30 bytes).
    Removing gd32e10x_usart.o(.ARM.exidx.text.usart_smartcard_autoretry_config), (8 bytes).
    Removing gd32e10x_usart.o(.text.usart_block_length_config), (26 bytes).
    Removing gd32e10x_usart.o(.ARM.exidx.text.usart_block_length_config), (8 bytes).
    Removing gd32e10x_usart.o(.text.usart_irda_mode_enable), (10 bytes).
    Removing gd32e10x_usart.o(.ARM.exidx.text.usart_irda_mode_enable), (8 bytes).
    Removing gd32e10x_usart.o(.text.usart_irda_mode_disable), (10 bytes).
    Removing gd32e10x_usart.o(.ARM.exidx.text.usart_irda_mode_disable), (8 bytes).
    Removing gd32e10x_usart.o(.text.usart_prescaler_config), (16 bytes).
    Removing gd32e10x_usart.o(.ARM.exidx.text.usart_prescaler_config), (8 bytes).
    Removing gd32e10x_usart.o(.text.usart_irda_lowpower_config), (20 bytes).
    Removing gd32e10x_usart.o(.ARM.exidx.text.usart_irda_lowpower_config), (8 bytes).
    Removing gd32e10x_usart.o(.text.usart_hardware_flow_rts_config), (12 bytes).
    Removing gd32e10x_usart.o(.ARM.exidx.text.usart_hardware_flow_rts_config), (8 bytes).
    Removing gd32e10x_usart.o(.text.usart_hardware_flow_cts_config), (12 bytes).
    Removing gd32e10x_usart.o(.ARM.exidx.text.usart_hardware_flow_cts_config), (8 bytes).
    Removing gd32e10x_usart.o(.ARM.exidx.text.usart_dma_receive_config), (8 bytes).
    Removing gd32e10x_usart.o(.ARM.exidx.text.usart_dma_transmit_config), (8 bytes).
    Removing gd32e10x_usart.o(.text.usart_hardware_flow_coherence_config), (28 bytes).
    Removing gd32e10x_usart.o(.ARM.exidx.text.usart_hardware_flow_coherence_config), (8 bytes).
    Removing gd32e10x_usart.o(.text.usart_flag_get), (16 bytes).
    Removing gd32e10x_usart.o(.ARM.exidx.text.usart_flag_get), (8 bytes).
    Removing gd32e10x_usart.o(.text.usart_flag_clear), (24 bytes).
    Removing gd32e10x_usart.o(.ARM.exidx.text.usart_flag_clear), (8 bytes).
    Removing gd32e10x_usart.o(.ARM.exidx.text.usart_interrupt_enable), (8 bytes).
    Removing gd32e10x_usart.o(.text.usart_interrupt_disable), (24 bytes).
    Removing gd32e10x_usart.o(.ARM.exidx.text.usart_interrupt_disable), (8 bytes).
    Removing gd32e10x_usart.o(.ARM.exidx.text.usart_interrupt_flag_get), (8 bytes).
    Removing gd32e10x_usart.o(.text.usart_interrupt_flag_clear), (24 bytes).
    Removing gd32e10x_usart.o(.ARM.exidx.text.usart_interrupt_flag_clear), (8 bytes).
    Removing gd32e10x_wwdgt.o(.text), (0 bytes).
    Removing gd32e10x_wwdgt.o(.text.wwdgt_deinit), (22 bytes).
    Removing gd32e10x_wwdgt.o(.ARM.exidx.text.wwdgt_deinit), (8 bytes).
    Removing gd32e10x_wwdgt.o(.text.wwdgt_enable), (18 bytes).
    Removing gd32e10x_wwdgt.o(.ARM.exidx.text.wwdgt_enable), (8 bytes).
    Removing gd32e10x_wwdgt.o(.text.wwdgt_counter_update), (18 bytes).
    Removing gd32e10x_wwdgt.o(.ARM.exidx.text.wwdgt_counter_update), (8 bytes).
    Removing gd32e10x_wwdgt.o(.text.wwdgt_config), (50 bytes).
    Removing gd32e10x_wwdgt.o(.ARM.exidx.text.wwdgt_config), (8 bytes).
    Removing gd32e10x_wwdgt.o(.text.wwdgt_interrupt_enable), (18 bytes).
    Removing gd32e10x_wwdgt.o(.ARM.exidx.text.wwdgt_interrupt_enable), (8 bytes).
    Removing gd32e10x_wwdgt.o(.text.wwdgt_flag_get), (16 bytes).
    Removing gd32e10x_wwdgt.o(.ARM.exidx.text.wwdgt_flag_get), (8 bytes).
    Removing gd32e10x_wwdgt.o(.text.wwdgt_flag_clear), (18 bytes).
    Removing gd32e10x_wwdgt.o(.ARM.exidx.text.wwdgt_flag_clear), (8 bytes).
    Removing startup_gd32e10x.o(HEAP), (1024 bytes).
    Removing timer.o(.text), (0 bytes).
    Removing timer.o(.text.timer_config), (212 bytes).
    Removing timer.o(.ARM.exidx.text.timer_config), (8 bytes).
    Removing timer.o(.text.timer_config2), (212 bytes).
    Removing timer.o(.ARM.exidx.text.timer_config2), (8 bytes).
    Removing uart.o(.text), (0 bytes).
    Removing uart.o(.ARM.exidx.text.usart0_init), (8 bytes).
    Removing uart.o(.ARM.exidx.text.gd_eval_com_init), (8 bytes).
    Removing uart.o(.text.nvic_config), (202 bytes).
    Removing uart.o(.ARM.exidx.text.nvic_config), (8 bytes).
    Removing uart.o(.text.dma0_ch3_usart0_tx_init), (130 bytes).
    Removing uart.o(.ARM.exidx.text.dma0_ch3_usart0_tx_init), (8 bytes).
    Removing uart.o(.text.dma0_ch4_usart0_rx_init), (124 bytes).
    Removing uart.o(.ARM.exidx.text.dma0_ch4_usart0_rx_init), (8 bytes).
    Removing uart.o(.ARM.exidx.text.usart1_init), (8 bytes).
    Removing uart.o(.text.dma0_ch6_usart1_tx_init), (130 bytes).
    Removing uart.o(.ARM.exidx.text.dma0_ch6_usart1_tx_init), (8 bytes).
    Removing uart.o(.text.dma0_ch5_usart1_rx_init), (140 bytes).
    Removing uart.o(.ARM.exidx.text.dma0_ch5_usart1_rx_init), (8 bytes).
    Removing uart.o(.ARM.exidx.text.usart2_init), (8 bytes).
    Removing uart.o(.text.dma0_ch1_usart2_tx_init), (130 bytes).
    Removing uart.o(.ARM.exidx.text.dma0_ch1_usart2_tx_init), (8 bytes).
    Removing uart.o(.text.dma0_ch2_usart2_rx_init), (140 bytes).
    Removing uart.o(.ARM.exidx.text.dma0_ch2_usart2_rx_init), (8 bytes).
    Removing uart.o(.text.usart3_init), (312 bytes).
    Removing uart.o(.ARM.exidx.text.usart3_init), (8 bytes).
    Removing uart.o(.text.dma1_ch4_usart3_tx_init), (132 bytes).
    Removing uart.o(.ARM.exidx.text.dma1_ch4_usart3_tx_init), (8 bytes).
    Removing uart.o(.text.dma1_ch2_usart3_rx_init), (142 bytes).
    Removing uart.o(.ARM.exidx.text.dma1_ch2_usart3_rx_init), (8 bytes).
    Removing uart.o(.text.fputc), (36 bytes).
    Removing uart.o(.ARM.exidx.text.fputc), (8 bytes).
    Removing uart.o(.ARM.exidx.text.DMA0_Channel1_IRQHandler), (8 bytes).
    Removing uart.o(.ARM.exidx.text.DMA0_Channel3_IRQHandler), (8 bytes).
    Removing uart.o(.ARM.exidx.text.DMA0_Channel6_IRQHandler), (8 bytes).
    Removing uart.o(.ARM.exidx.text.DMA1_Channel4_IRQHandler), (8 bytes).
    Removing uart.o(.ARM.exidx.text.usart_dma_send_data), (8 bytes).
    Removing uart.o(.text.usart0_dma_send_data), (94 bytes).
    Removing uart.o(.ARM.exidx.text.usart0_dma_send_data), (8 bytes).
    Removing uart.o(.text.usart1_dma_send_data), (94 bytes).
    Removing uart.o(.ARM.exidx.text.usart1_dma_send_data), (8 bytes).
    Removing uart.o(.text.usart2_dma_send_data), (94 bytes).
    Removing uart.o(.ARM.exidx.text.usart2_dma_send_data), (8 bytes).
    Removing uart.o(.text.uart3_dma_send_data), (96 bytes).
    Removing uart.o(.ARM.exidx.text.uart3_dma_send_data), (8 bytes).
    Removing uart.o(.ARM.exidx.text.USART0_IRQHandler), (8 bytes).
    Removing uart.o(.ARM.exidx.text.USART1_IRQHandler), (8 bytes).
    Removing uart.o(.ARM.exidx.text.USART2_IRQHandler), (8 bytes).
    Removing uart.o(.ARM.exidx.text.UART3_IRQHandler), (8 bytes).
    Removing uart.o(.ARM.exidx.text.DMA0_Channel4_IRQHandler), (8 bytes).
    Removing uart.o(.text.usart_recv), (38 bytes).
    Removing uart.o(.ARM.exidx.text.usart_recv), (8 bytes).
    Removing uart.o(.text.usart_read), (72 bytes).
    Removing uart.o(.ARM.exidx.text.usart_read), (8 bytes).
    Removing uart.o(.text.usart_at), (26 bytes).
    Removing uart.o(.ARM.exidx.text.usart_at), (8 bytes).
    Removing uart.o(.text.usart_drop), (74 bytes).
    Removing uart.o(.ARM.exidx.text.usart_drop), (8 bytes).
    Removing uart.o(.text.usart_get_rx_data_count), (26 bytes).
    Removing uart.o(.ARM.exidx.text.usart_get_rx_data_count), (8 bytes).
    Removing uart.o(.text.usart_rx_probe), (26 bytes).
    Removing uart.o(.ARM.exidx.text.usart_rx_probe), (8 bytes).
    Removing uart.o(.bss.USART3_RxBuff), (512 bytes).
    Removing uart.o(.bss.USART3_TxBuff), (512 bytes).
    Removing uart.o(.rodata..Lswitch.table.usart_rx_probe), (16 bytes).
    Removing circular_buffer.o(.text), (0 bytes).
    Removing circular_buffer.o(.text.IsPowerOf2), (32 bytes).
    Removing circular_buffer.o(.ARM.exidx.text.IsPowerOf2), (8 bytes).
    Removing circular_buffer.o(.text.RoundUp_PowerOf2), (112 bytes).
    Removing circular_buffer.o(.ARM.exidx.text.RoundUp_PowerOf2), (8 bytes).
    Removing circular_buffer.o(.text.RoundDown_PowerOf2), (112 bytes).
    Removing circular_buffer.o(.ARM.exidx.text.RoundDown_PowerOf2), (8 bytes).
    Removing circular_buffer.o(.ARM.exidx.text.CircBuf_Init), (8 bytes).
    Removing circular_buffer.o(.text.CircBuf_Alloc), (120 bytes).
    Removing circular_buffer.o(.ARM.exidx.text.CircBuf_Alloc), (8 bytes).
    Removing circular_buffer.o(.text.CircBuf_Free), (6 bytes).
    Removing circular_buffer.o(.ARM.exidx.text.CircBuf_Free), (8 bytes).
    Removing circular_buffer.o(.ARM.exidx.text.CircBuf_Push), (8 bytes).
    Removing circular_buffer.o(.text.CircBuf_Pop), (68 bytes).
    Removing circular_buffer.o(.ARM.exidx.text.CircBuf_Pop), (8 bytes).
    Removing circular_buffer.o(.text.CircBuf_PopOneChar), (70 bytes).
    Removing circular_buffer.o(.ARM.exidx.text.CircBuf_PopOneChar), (8 bytes).
    Removing circular_buffer.o(.text.CircBuf_At), (16 bytes).
    Removing circular_buffer.o(.ARM.exidx.text.CircBuf_At), (8 bytes).
    Removing circular_buffer.o(.text.CircBuf_Read), (62 bytes).
    Removing circular_buffer.o(.ARM.exidx.text.CircBuf_Read), (8 bytes).
    Removing circular_buffer.o(.text.CircBuf_Drop), (16 bytes).
    Removing circular_buffer.o(.ARM.exidx.text.CircBuf_Drop), (8 bytes).
    Removing circular_buffer.o(.text.CircBuf_GetAvalaibleSize), (18 bytes).
    Removing circular_buffer.o(.ARM.exidx.text.CircBuf_GetAvalaibleSize), (8 bytes).
    Removing circular_buffer.o(.text.CircBuf_GetUsedSize), (8 bytes).
    Removing circular_buffer.o(.ARM.exidx.text.CircBuf_GetUsedSize), (8 bytes).
    Removing circular_buffer.o(.text.CircBuf_IsEmpty), (24 bytes).
    Removing circular_buffer.o(.ARM.exidx.text.CircBuf_IsEmpty), (8 bytes).
    Removing circular_buffer.o(.text.CircBuf_IsFull), (26 bytes).
    Removing circular_buffer.o(.ARM.exidx.text.CircBuf_IsFull), (8 bytes).
    Removing filter.o(.text), (0 bytes).
    Removing filter.o(.text.get_filter_value), (532 bytes).
    Removing filter.o(.ARM.exidx.text.get_filter_value), (8 bytes).
    Removing filter.o(.bss.mean_temp_buffer), (2048 bytes).
    Removing filter.o(.bss.mean_buffer), (2048 bytes).
    Removing motor.o(.text), (0 bytes).
    Removing motor.o(.text.uint8_to_float), (18 bytes).
    Removing motor.o(.ARM.exidx.text.uint8_to_float), (8 bytes).
    Removing motor.o(.text.motor_init), (126 bytes).
    Removing motor.o(.ARM.exidx.text.motor_init), (8 bytes).
    Removing motor.o(.text.motor_enable), (48 bytes).
    Removing motor.o(.ARM.exidx.text.motor_enable), (8 bytes).
    Removing motor.o(.text.clear_angele), (16 bytes).
    Removing motor.o(.ARM.exidx.text.clear_angele), (8 bytes).
    Removing motor.o(.text.speed_counter), (46 bytes).
    Removing motor.o(.ARM.exidx.text.speed_counter), (8 bytes).
    Removing motor.o(.text.Motor_run_), (108 bytes).
    Removing motor.o(.ARM.exidx.text.Motor_run_), (8 bytes).
    Removing motor.o(.text.Motor_run_H), (112 bytes).
    Removing motor.o(.ARM.exidx.text.Motor_run_H), (8 bytes).
    Removing motor.o(.text.get_curr), (26 bytes).
    Removing motor.o(.ARM.exidx.text.get_curr), (8 bytes).
    Removing motor.o(.text.get_err), (26 bytes).
    Removing motor.o(.ARM.exidx.text.get_err), (8 bytes).
    Removing motor.o(.text.Check_data_from_python), (18 bytes).
    Removing motor.o(.ARM.exidx.text.Check_data_from_python), (8 bytes).
    Removing motor.o(.text.moto_to_zero), (200 bytes).
    Removing motor.o(.ARM.exidx.text.moto_to_zero), (8 bytes).
    Removing motor.o(.text.getJsonTask), (192 bytes).
    Removing motor.o(.ARM.exidx.text.getJsonTask), (8 bytes).
    Removing motor.o(.bss.get_vofa), (128 bytes).
    Removing motor.o(.bss.get_motor), (128 bytes).
    Removing motor.o(.bss.cbuff_state), (4 bytes).
    Removing motor.o(.bss.cbuff_state2), (4 bytes).
    Removing motor.o(.bss.motor_curr), (2 bytes).
    Removing motor.o(.bss.get_curr.abc), (3 bytes).
    Removing motor.o(.bss.motor_err), (4 bytes).
    Removing motor.o(.bss.get_err.abc), (3 bytes).
    Removing motor.o(.bss.pressure), (2 bytes).
    Removing motor.o(.bss.Motor1_curr), (5 bytes).
    Removing motor.o(.bss.a), (2 bytes).
    Removing motor.o(.bss..L_MergedGlobals), (31 bytes).
    Removing counter_robo.o(.text), (0 bytes).
    Removing adc.o(.text), (0 bytes).
    Removing adc.o(.text.rcu_config), (36 bytes).
    Removing adc.o(.ARM.exidx.text.rcu_config), (8 bytes).
    Removing adc.o(.ARM.exidx.text.DMA0_Channel0_IRQHandler), (8 bytes).
    Removing adc.o(.text.dma_config), (102 bytes).
    Removing adc.o(.ARM.exidx.text.dma_config), (8 bytes).
    Removing adc.o(.text.adc_config), (162 bytes).
    Removing adc.o(.ARM.exidx.text.adc_config), (8 bytes).
    Removing adc.o(.text.adc_5init), (184 bytes).
    Removing adc.o(.ARM.exidx.text.adc_5init), (8 bytes).
    Removing adc.o(.bss.adc_value), (16 bytes).
    Removing adc.o(.bss.Vol_Value), (2 bytes).
    Removing pressure.o(.text), (0 bytes).
    Removing pressure.o(.text.get_pressure), (32 bytes).
    Removing pressure.o(.ARM.exidx.text.get_pressure), (8 bytes).
    Removing pressure.o(.bss.get_pressure.abc), (8 bytes).
    Removing uniaxial.o(.text), (0 bytes).
    Removing uniaxial.o(.text.uniaxial_init), (26 bytes).
    Removing uniaxial.o(.ARM.exidx.text.uniaxial_init), (8 bytes).
    Removing uniaxial.o(.text.send_press_resis), (28 bytes).
    Removing uniaxial.o(.ARM.exidx.text.send_press_resis), (8 bytes).
    Removing uniaxial.o(.text.demo), (114 bytes).
    Removing uniaxial.o(.ARM.exidx.text.demo), (8 bytes).
    Removing uniaxial.o(.data.demo.resis), (4 bytes).
    Removing uniaxial.o(.bss..L_MergedGlobals), (22 bytes).
    Removing cjson.o(.text), (0 bytes).
    Removing cjson.o(.text.cJSON_GetErrorPtr), (16 bytes).
    Removing cjson.o(.ARM.exidx.text.cJSON_GetErrorPtr), (8 bytes).
    Removing cjson.o(.text.cJSON_GetStringValue), (16 bytes).
    Removing cjson.o(.ARM.exidx.text.cJSON_GetStringValue), (8 bytes).
    Removing cjson.o(.text.cJSON_IsString), (20 bytes).
    Removing cjson.o(.ARM.exidx.text.cJSON_IsString), (8 bytes).
    Removing cjson.o(.text.cJSON_Version), (52 bytes).
    Removing cjson.o(.ARM.exidx.text.cJSON_Version), (8 bytes).
    Removing cjson.o(.text.cJSON_InitHooks), (112 bytes).
    Removing cjson.o(.ARM.exidx.text.cJSON_InitHooks), (8 bytes).
    Removing cjson.o(.text.cJSON_Delete), (80 bytes).
    Removing cjson.o(.ARM.exidx.text.cJSON_Delete), (8 bytes).
    Removing cjson.o(.text.cJSON_SetNumberHelper), (112 bytes).
    Removing cjson.o(.ARM.exidx.text.cJSON_SetNumberHelper), (8 bytes).
    Removing cjson.o(.text.cJSON_ParseWithOpts), (416 bytes).
    Removing cjson.o(.ARM.exidx.text.cJSON_ParseWithOpts), (8 bytes).
    Removing cjson.o(.text.parse_value), (1822 bytes).
    Removing cjson.o(.ARM.exidx.text.parse_value), (8 bytes).
    Removing cjson.o(.text.cJSON_Parse), (8 bytes).
    Removing cjson.o(.ARM.exidx.text.cJSON_Parse), (8 bytes).
    Removing cjson.o(.text.cJSON_Print), (6 bytes).
    Removing cjson.o(.ARM.exidx.text.cJSON_Print), (8 bytes).
    Removing cjson.o(.text.print), (180 bytes).
    Removing cjson.o(.ARM.exidx.text.print), (8 bytes).
    Removing cjson.o(.text.cJSON_PrintUnformatted), (6 bytes).
    Removing cjson.o(.ARM.exidx.text.cJSON_PrintUnformatted), (8 bytes).
    Removing cjson.o(.text.cJSON_PrintBuffered), (90 bytes).
    Removing cjson.o(.ARM.exidx.text.cJSON_PrintBuffered), (8 bytes).
    Removing cjson.o(.text.print_value), (1360 bytes).
    Removing cjson.o(.ARM.exidx.text.print_value), (8 bytes).
    Removing cjson.o(.text.cJSON_PrintPreallocated), (76 bytes).
    Removing cjson.o(.ARM.exidx.text.cJSON_PrintPreallocated), (8 bytes).
    Removing cjson.o(.text.cJSON_GetArraySize), (52 bytes).
    Removing cjson.o(.ARM.exidx.text.cJSON_GetArraySize), (8 bytes).
    Removing cjson.o(.text.cJSON_GetArrayItem), (80 bytes).
    Removing cjson.o(.ARM.exidx.text.cJSON_GetArrayItem), (8 bytes).
    Removing cjson.o(.text.cJSON_GetObjectItem), (134 bytes).
    Removing cjson.o(.ARM.exidx.text.cJSON_GetObjectItem), (8 bytes).
    Removing cjson.o(.text.get_object_item), (154 bytes).
    Removing cjson.o(.ARM.exidx.text.get_object_item), (8 bytes).
    Removing cjson.o(.text.cJSON_GetObjectItemCaseSensitive), (42 bytes).
    Removing cjson.o(.ARM.exidx.text.cJSON_GetObjectItemCaseSensitive), (8 bytes).
    Removing cjson.o(.text.cJSON_HasObjectItem), (144 bytes).
    Removing cjson.o(.ARM.exidx.text.cJSON_HasObjectItem), (8 bytes).
    Removing cjson.o(.text.cJSON_AddItemToArray), (52 bytes).
    Removing cjson.o(.ARM.exidx.text.cJSON_AddItemToArray), (8 bytes).
    Removing cjson.o(.text.cJSON_AddItemToObject), (132 bytes).
    Removing cjson.o(.ARM.exidx.text.cJSON_AddItemToObject), (8 bytes).
    Removing cjson.o(.text.cJSON_AddItemToObjectCS), (92 bytes).
    Removing cjson.o(.ARM.exidx.text.cJSON_AddItemToObjectCS), (8 bytes).
    Removing cjson.o(.text.cJSON_AddItemReferenceToArray), (124 bytes).
    Removing cjson.o(.ARM.exidx.text.cJSON_AddItemReferenceToArray), (8 bytes).
    Removing cjson.o(.text.cJSON_AddItemReferenceToObject), (204 bytes).
    Removing cjson.o(.ARM.exidx.text.cJSON_AddItemReferenceToObject), (8 bytes).
    Removing cjson.o(.text.cJSON_AddNullToObject), (184 bytes).
    Removing cjson.o(.ARM.exidx.text.cJSON_AddNullToObject), (8 bytes).
    Removing cjson.o(.text.cJSON_CreateNull), (36 bytes).
    Removing cjson.o(.ARM.exidx.text.cJSON_CreateNull), (8 bytes).
    Removing cjson.o(.text.cJSON_AddTrueToObject), (184 bytes).
    Removing cjson.o(.ARM.exidx.text.cJSON_AddTrueToObject), (8 bytes).
    Removing cjson.o(.text.cJSON_CreateTrue), (36 bytes).
    Removing cjson.o(.ARM.exidx.text.cJSON_CreateTrue), (8 bytes).
    Removing cjson.o(.text.cJSON_AddFalseToObject), (184 bytes).
    Removing cjson.o(.ARM.exidx.text.cJSON_AddFalseToObject), (8 bytes).
    Removing cjson.o(.text.cJSON_CreateFalse), (36 bytes).
    Removing cjson.o(.ARM.exidx.text.cJSON_CreateFalse), (8 bytes).
    Removing cjson.o(.text.cJSON_AddBoolToObject), (192 bytes).
    Removing cjson.o(.ARM.exidx.text.cJSON_AddBoolToObject), (8 bytes).
    Removing cjson.o(.text.cJSON_CreateBool), (44 bytes).
    Removing cjson.o(.ARM.exidx.text.cJSON_CreateBool), (8 bytes).
    Removing cjson.o(.text.cJSON_AddNumberToObject), (296 bytes).
    Removing cjson.o(.ARM.exidx.text.cJSON_AddNumberToObject), (8 bytes).
    Removing cjson.o(.text.cJSON_CreateNumber), (136 bytes).
    Removing cjson.o(.ARM.exidx.text.cJSON_CreateNumber), (8 bytes).
    Removing cjson.o(.text.cJSON_AddStringToObject), (230 bytes).
    Removing cjson.o(.ARM.exidx.text.cJSON_AddStringToObject), (8 bytes).
    Removing cjson.o(.text.cJSON_CreateString), (96 bytes).
    Removing cjson.o(.ARM.exidx.text.cJSON_CreateString), (8 bytes).
    Removing cjson.o(.text.cJSON_AddRawToObject), (230 bytes).
    Removing cjson.o(.ARM.exidx.text.cJSON_AddRawToObject), (8 bytes).
    Removing cjson.o(.text.cJSON_CreateRaw), (96 bytes).
    Removing cjson.o(.ARM.exidx.text.cJSON_CreateRaw), (8 bytes).
    Removing cjson.o(.text.cJSON_AddObjectToObject), (184 bytes).
    Removing cjson.o(.ARM.exidx.text.cJSON_AddObjectToObject), (8 bytes).
    Removing cjson.o(.text.cJSON_CreateObject), (36 bytes).
    Removing cjson.o(.ARM.exidx.text.cJSON_CreateObject), (8 bytes).
    Removing cjson.o(.text.cJSON_AddArrayToObject), (184 bytes).
    Removing cjson.o(.ARM.exidx.text.cJSON_AddArrayToObject), (8 bytes).
    Removing cjson.o(.text.cJSON_CreateArray), (36 bytes).
    Removing cjson.o(.ARM.exidx.text.cJSON_CreateArray), (8 bytes).
    Removing cjson.o(.text.cJSON_DetachItemViaPointer), (54 bytes).
    Removing cjson.o(.ARM.exidx.text.cJSON_DetachItemViaPointer), (8 bytes).
    Removing cjson.o(.text.cJSON_DetachItemFromArray), (124 bytes).
    Removing cjson.o(.ARM.exidx.text.cJSON_DetachItemFromArray), (8 bytes).
    Removing cjson.o(.text.cJSON_DeleteItemFromArray), (128 bytes).
    Removing cjson.o(.ARM.exidx.text.cJSON_DeleteItemFromArray), (8 bytes).
    Removing cjson.o(.text.cJSON_DetachItemFromObject), (174 bytes).
    Removing cjson.o(.ARM.exidx.text.cJSON_DetachItemFromObject), (8 bytes).
    Removing cjson.o(.text.cJSON_DetachItemFromObjectCaseSensitive), (92 bytes).
    Removing cjson.o(.ARM.exidx.text.cJSON_DetachItemFromObjectCaseSensitive), (8 bytes).
    Removing cjson.o(.text.cJSON_DeleteItemFromObject), (14 bytes).
    Removing cjson.o(.ARM.exidx.text.cJSON_DeleteItemFromObject), (8 bytes).
    Removing cjson.o(.text.cJSON_DeleteItemFromObjectCaseSensitive), (110 bytes).
    Removing cjson.o(.ARM.exidx.text.cJSON_DeleteItemFromObjectCaseSensitive), (8 bytes).
    Removing cjson.o(.text.cJSON_InsertItemInArray), (158 bytes).
    Removing cjson.o(.ARM.exidx.text.cJSON_InsertItemInArray), (8 bytes).
    Removing cjson.o(.text.cJSON_ReplaceItemViaPointer), (88 bytes).
    Removing cjson.o(.ARM.exidx.text.cJSON_ReplaceItemViaPointer), (8 bytes).
    Removing cjson.o(.text.cJSON_ReplaceItemInArray), (152 bytes).
    Removing cjson.o(.ARM.exidx.text.cJSON_ReplaceItemInArray), (8 bytes).
    Removing cjson.o(.text.cJSON_ReplaceItemInObject), (266 bytes).
    Removing cjson.o(.ARM.exidx.text.cJSON_ReplaceItemInObject), (8 bytes).
    Removing cjson.o(.text.cJSON_ReplaceItemInObjectCaseSensitive), (174 bytes).
    Removing cjson.o(.ARM.exidx.text.cJSON_ReplaceItemInObjectCaseSensitive), (8 bytes).
    Removing cjson.o(.text.cJSON_CreateStringReference), (42 bytes).
    Removing cjson.o(.ARM.exidx.text.cJSON_CreateStringReference), (8 bytes).
    Removing cjson.o(.text.cJSON_CreateObjectReference), (42 bytes).
    Removing cjson.o(.ARM.exidx.text.cJSON_CreateObjectReference), (8 bytes).
    Removing cjson.o(.text.cJSON_CreateArrayReference), (42 bytes).
    Removing cjson.o(.ARM.exidx.text.cJSON_CreateArrayReference), (8 bytes).
    Removing cjson.o(.text.cJSON_CreateIntArray), (186 bytes).
    Removing cjson.o(.ARM.exidx.text.cJSON_CreateIntArray), (8 bytes).
    Removing cjson.o(.text.cJSON_CreateFloatArray), (260 bytes).
    Removing cjson.o(.ARM.exidx.text.cJSON_CreateFloatArray), (8 bytes).
    Removing cjson.o(.text.cJSON_CreateDoubleArray), (264 bytes).
    Removing cjson.o(.ARM.exidx.text.cJSON_CreateDoubleArray), (8 bytes).
    Removing cjson.o(.text.cJSON_CreateStringArray), (210 bytes).
    Removing cjson.o(.ARM.exidx.text.cJSON_CreateStringArray), (8 bytes).
    Removing cjson.o(.text.cJSON_Duplicate), (218 bytes).
    Removing cjson.o(.ARM.exidx.text.cJSON_Duplicate), (8 bytes).
    Removing cjson.o(.text.cJSON_Minify), (500 bytes).
    Removing cjson.o(.ARM.exidx.text.cJSON_Minify), (8 bytes).
    Removing cjson.o(.text.cJSON_IsInvalid), (16 bytes).
    Removing cjson.o(.ARM.exidx.text.cJSON_IsInvalid), (8 bytes).
    Removing cjson.o(.text.cJSON_IsFalse), (20 bytes).
    Removing cjson.o(.ARM.exidx.text.cJSON_IsFalse), (8 bytes).
    Removing cjson.o(.text.cJSON_IsTrue), (20 bytes).
    Removing cjson.o(.ARM.exidx.text.cJSON_IsTrue), (8 bytes).
    Removing cjson.o(.text.cJSON_IsBool), (20 bytes).
    Removing cjson.o(.ARM.exidx.text.cJSON_IsBool), (8 bytes).
    Removing cjson.o(.text.cJSON_IsNull), (20 bytes).
    Removing cjson.o(.ARM.exidx.text.cJSON_IsNull), (8 bytes).
    Removing cjson.o(.text.cJSON_IsNumber), (20 bytes).
    Removing cjson.o(.ARM.exidx.text.cJSON_IsNumber), (8 bytes).
    Removing cjson.o(.text.cJSON_IsArray), (20 bytes).
    Removing cjson.o(.ARM.exidx.text.cJSON_IsArray), (8 bytes).
    Removing cjson.o(.text.cJSON_IsObject), (20 bytes).
    Removing cjson.o(.ARM.exidx.text.cJSON_IsObject), (8 bytes).
    Removing cjson.o(.text.cJSON_IsRaw), (20 bytes).
    Removing cjson.o(.ARM.exidx.text.cJSON_IsRaw), (8 bytes).
    Removing cjson.o(.text.cJSON_Compare), (472 bytes).
    Removing cjson.o(.ARM.exidx.text.cJSON_Compare), (8 bytes).
    Removing cjson.o(.text.cJSON_malloc), (12 bytes).
    Removing cjson.o(.ARM.exidx.text.cJSON_malloc), (8 bytes).
    Removing cjson.o(.text.cJSON_free), (12 bytes).
    Removing cjson.o(.ARM.exidx.text.cJSON_free), (8 bytes).
    Removing cjson.o(.text.parse_string), (748 bytes).
    Removing cjson.o(.ARM.exidx.text.parse_string), (8 bytes).
    Removing cjson.o(.text.parse_hex4), (250 bytes).
    Removing cjson.o(.ARM.exidx.text.parse_hex4), (8 bytes).
    Removing cjson.o(.text.ensure), (148 bytes).
    Removing cjson.o(.ARM.exidx.text.ensure), (8 bytes).
    Removing cjson.o(.text.print_string_ptr), (788 bytes).
    Removing cjson.o(.ARM.exidx.text.print_string_ptr), (8 bytes).
    Removing cjson.o(.bss.cJSON_Version.version), (15 bytes).
    Removing cjson.o(.data.global_hooks), (12 bytes).
    Removing cjson.o(.rodata.str1.1), (19 bytes).
    Removing cjson.o(.bss..L_MergedGlobals), (8 bytes).
    Removing getjson.o(.text), (0 bytes).
    Removing getjson.o(.text.get_Json_data), (92 bytes).
    Removing getjson.o(.ARM.exidx.text.get_Json_data), (8 bytes).
    Removing getjson.o(.text.get_run_test_num), (12 bytes).
    Removing getjson.o(.ARM.exidx.text.get_run_test_num), (8 bytes).
    Removing getjson.o(.text.get_run_test_laction), (12 bytes).
    Removing getjson.o(.ARM.exidx.text.get_run_test_laction), (8 bytes).
    Removing getjson.o(.text.get_run_location), (12 bytes).
    Removing getjson.o(.ARM.exidx.text.get_run_location), (8 bytes).
    Removing getjson.o(.bss.read_sizE), (4 bytes).
    Removing getjson.o(.data.json_buffer_test), (76 bytes).
    Removing getjson.o(.data.json_buffer_test1), (193 bytes).
    Removing getjson.o(.bss.uart_rx_buffer), (1024 bytes).
    Removing getjson.o(.bss.jsondata), (16 bytes).
    Removing priv_malloc.o(.text), (0 bytes).
    Removing priv_malloc.o(.text.my_mem_init), (74 bytes).
    Removing priv_malloc.o(.ARM.exidx.text.my_mem_init), (8 bytes).
    Removing priv_malloc.o(.text.my_mem_perused), (168 bytes).
    Removing priv_malloc.o(.ARM.exidx.text.my_mem_perused), (8 bytes).
    Removing priv_malloc.o(.text.mymemcpy), (110 bytes).
    Removing priv_malloc.o(.ARM.exidx.text.mymemcpy), (8 bytes).
    Removing priv_malloc.o(.text.mymemset), (24 bytes).
    Removing priv_malloc.o(.ARM.exidx.text.mymemset), (8 bytes).
    Removing priv_malloc.o(.text.my_mem_malloc), (294 bytes).
    Removing priv_malloc.o(.ARM.exidx.text.my_mem_malloc), (8 bytes).
    Removing priv_malloc.o(.text.my_mem_free), (192 bytes).
    Removing priv_malloc.o(.ARM.exidx.text.my_mem_free), (8 bytes).
    Removing priv_malloc.o(.text.myfree), (196 bytes).
    Removing priv_malloc.o(.ARM.exidx.text.myfree), (8 bytes).
    Removing priv_malloc.o(.text.mymalloc), (290 bytes).
    Removing priv_malloc.o(.ARM.exidx.text.mymalloc), (8 bytes).
    Removing priv_malloc.o(.text.myrealloc), (606 bytes).
    Removing priv_malloc.o(.ARM.exidx.text.myrealloc), (8 bytes).
    Removing priv_malloc.o(.text.board_calloc), (318 bytes).
    Removing priv_malloc.o(.ARM.exidx.text.board_calloc), (8 bytes).
    Removing priv_malloc.o(.text.board_malloc), (280 bytes).
    Removing priv_malloc.o(.ARM.exidx.text.board_malloc), (8 bytes).
    Removing priv_malloc.o(.text.board_realloc), (10 bytes).
    Removing priv_malloc.o(.ARM.exidx.text.board_realloc), (8 bytes).
    Removing priv_malloc.o(.text.board_free), (62 bytes).
    Removing priv_malloc.o(.ARM.exidx.text.board_free), (8 bytes).
    Removing priv_malloc.o(.rodata.memtblsize), (8 bytes).
    Removing priv_malloc.o(.rodata.memblksize), (8 bytes).
    Removing priv_malloc.o(.rodata.memsize), (8 bytes).
    Removing priv_malloc.o(.bss.mem1base), (20480 bytes).
    Removing priv_malloc.o(.bss.mem2base), (64 bytes).
    Removing priv_malloc.o(.bss.mem1mapbase), (1280 bytes).
    Removing priv_malloc.o(.bss.mem2mapbase), (4 bytes).
    Removing priv_malloc.o(.data.mallco_dev), (28 bytes).
    Removing gate.o(.text), (0 bytes).
    Removing gate.o(.ARM.exidx.text.gate_init), (8 bytes).
    Removing gate.o(.ARM.exidx.text.com_gate_for_usart), (8 bytes).
    Removing relay.o(.text), (0 bytes).
    Removing relay.o(.ARM.exidx.text.bsp_relay_init), (8 bytes).
    Removing relay.o(.ARM.exidx.text.beep_init), (8 bytes).
    Removing relay.o(.ARM.exidx.text.led_init), (8 bytes).
    Removing dcmple.o(.text), (54 bytes).
    Removing dcmpge.o(.text), (54 bytes).
    Removing dcmpeq.o(.text), (56 bytes).
    Removing dflti.o(.text), (34 bytes).
    Removing dfixi.o(.text), (62 bytes).
    Removing f2d.o(.text), (38 bytes).
    Removing depilogue.o(.text), (186 bytes).
    Removing dadd.o(.text), (334 bytes).
    Removing dmul.o(.text), (228 bytes).
    Removing ddiv.o(.text), (222 bytes).
    Removing dfltul.o(.text), (24 bytes).
    Removing dfixul.o(.text), (48 bytes).
    Removing cdrcmple.o(.text), (48 bytes).
    Removing d2f.o(.text), (56 bytes).
    Removing fepilogue.o(.text), (110 bytes).

1517 unused section(s) (total 84381 bytes) removed from the image.

==============================================================================

Image Symbol Table

    Local Symbols

    Symbol Name                              Value     Ov Type        Size  Object(Section)

    ../clib/division.s                       0x00000000   Number         0  aeabi_sdiv.o ABSOLUTE
    ../clib/microlib/ctype/ctype.c           0x00000000   Number         0  isspace_c.o ABSOLUTE
    ../clib/microlib/ctype/ctype.c           0x00000000   Number         0  ctype_c.o ABSOLUTE
    ../clib/microlib/ctype/tolower.c         0x00000000   Number         0  tolower.o ABSOLUTE
    ../clib/microlib/division.c              0x00000000   Number         0  uidiv.o ABSOLUTE
    ../clib/microlib/division.c              0x00000000   Number         0  uldiv.o ABSOLUTE
    ../clib/microlib/init/entry.s            0x00000000   Number         0  entry.o ABSOLUTE
    ../clib/microlib/init/entry.s            0x00000000   Number         0  entry2.o ABSOLUTE
    ../clib/microlib/init/entry.s            0x00000000   Number         0  entry5.o ABSOLUTE
    ../clib/microlib/init/entry.s            0x00000000   Number         0  entry7a.o ABSOLUTE
    ../clib/microlib/init/entry.s            0x00000000   Number         0  entry7b.o ABSOLUTE
    ../clib/microlib/init/entry.s            0x00000000   Number         0  entry8a.o ABSOLUTE
    ../clib/microlib/init/entry.s            0x00000000   Number         0  entry8b.o ABSOLUTE
    ../clib/microlib/init/entry.s            0x00000000   Number         0  entry9a.o ABSOLUTE
    ../clib/microlib/init/entry.s            0x00000000   Number         0  entry9b.o ABSOLUTE
    ../clib/microlib/init/entry.s            0x00000000   Number         0  entry10a.o ABSOLUTE
    ../clib/microlib/init/entry.s            0x00000000   Number         0  entry10b.o ABSOLUTE
    ../clib/microlib/init/entry.s            0x00000000   Number         0  entry11a.o ABSOLUTE
    ../clib/microlib/init/entry.s            0x00000000   Number         0  entry11b.o ABSOLUTE
    ../clib/microlib/longlong.c              0x00000000   Number         0  llushr.o ABSOLUTE
    ../clib/microlib/longlong.c              0x00000000   Number         0  llshl.o ABSOLUTE
    ../clib/microlib/longlong.c              0x00000000   Number         0  llsshr.o ABSOLUTE
    ../clib/microlib/malloc/calloc.c         0x00000000   Number         0  calloc.o ABSOLUTE
    ../clib/microlib/malloc/malloc.c         0x00000000   Number         0  malloc.o ABSOLUTE
    ../clib/microlib/malloc/malloc.c         0x00000000   Number         0  mallocr.o ABSOLUTE
    ../clib/microlib/malloc/malloc.c         0x00000000   Number         0  malloca.o ABSOLUTE
    ../clib/microlib/malloc/malloc.c         0x00000000   Number         0  mallocra.o ABSOLUTE
    ../clib/microlib/malloc/mvars.c          0x00000000   Number         0  mvars.o ABSOLUTE
    ../clib/microlib/printf/printf.c         0x00000000   Number         0  printfb.o ABSOLUTE
    ../clib/microlib/printf/printf.c         0x00000000   Number         0  printf0.o ABSOLUTE
    ../clib/microlib/printf/printf.c         0x00000000   Number         0  printf1.o ABSOLUTE
    ../clib/microlib/printf/printf.c         0x00000000   Number         0  printf2.o ABSOLUTE
    ../clib/microlib/printf/printf.c         0x00000000   Number         0  printf3.o ABSOLUTE
    ../clib/microlib/printf/printf.c         0x00000000   Number         0  printf4.o ABSOLUTE
    ../clib/microlib/printf/printf.c         0x00000000   Number         0  printf5.o ABSOLUTE
    ../clib/microlib/printf/printf.c         0x00000000   Number         0  printf6.o ABSOLUTE
    ../clib/microlib/printf/printf.c         0x00000000   Number         0  printf7.o ABSOLUTE
    ../clib/microlib/printf/printf.c         0x00000000   Number         0  printf8.o ABSOLUTE
    ../clib/microlib/printf/printf.c         0x00000000   Number         0  printfa.o ABSOLUTE
    ../clib/microlib/printf/stubs.s          0x00000000   Number         0  printfstubs.o ABSOLUTE
    ../clib/microlib/stdio/streams.c         0x00000000   Number         0  stdout.o ABSOLUTE
    ../clib/microlib/string/memcpy.c         0x00000000   Number         0  memcpya.o ABSOLUTE
    ../clib/microlib/string/memcpy.c         0x00000000   Number         0  memcpyb.o ABSOLUTE
    ../clib/microlib/string/memset.c         0x00000000   Number         0  memseta.o ABSOLUTE
    ../clib/microlib/string/strcmp.c         0x00000000   Number         0  strcmp.o ABSOLUTE
    ../clib/microlib/string/strlen.c         0x00000000   Number         0  strlen.o ABSOLUTE
    ../clib/microlib/string/strncmp.c        0x00000000   Number         0  strncmp.o ABSOLUTE
    ../clib/microlib/stubs.s                 0x00000000   Number         0  iusefp.o ABSOLUTE
    ../clib/scanf.c                          0x00000000   Number         0  __0sscanf.o ABSOLUTE
    ../clib/scanf.c                          0x00000000   Number         0  scanf_fp.o ABSOLUTE
    ../clib/scanf.c                          0x00000000   Number         0  scanf_char.o ABSOLUTE
    ../clib/scanf.c                          0x00000000   Number         0  _sgetc.o ABSOLUTE
    ../clib/scanf.c                          0x00000000   Number         0  strtod.o ABSOLUTE
    ../clib/scanf.c                          0x00000000   Number         0  _scanf.o ABSOLUTE
    ../fplib/microlib/d2f.c                  0x00000000   Number         0  d2f.o ABSOLUTE
    ../fplib/microlib/f2d.c                  0x00000000   Number         0  f2d.o ABSOLUTE
    ../fplib/microlib/fpadd.c                0x00000000   Number         0  dadd.o ABSOLUTE
    ../fplib/microlib/fpcmp.c                0x00000000   Number         0  dcmple.o ABSOLUTE
    ../fplib/microlib/fpcmp.c                0x00000000   Number         0  dcmpge.o ABSOLUTE
    ../fplib/microlib/fpcmp.c                0x00000000   Number         0  dcmpeq.o ABSOLUTE
    ../fplib/microlib/fpdiv.c                0x00000000   Number         0  ddiv.o ABSOLUTE
    ../fplib/microlib/fpepilogue.c           0x00000000   Number         0  depilogue.o ABSOLUTE
    ../fplib/microlib/fpepilogue.c           0x00000000   Number         0  fepilogue.o ABSOLUTE
    ../fplib/microlib/fpfix.c                0x00000000   Number         0  dfixi.o ABSOLUTE
    ../fplib/microlib/fpfix.c                0x00000000   Number         0  dfixul.o ABSOLUTE
    ../fplib/microlib/fpflt.c                0x00000000   Number         0  dflti.o ABSOLUTE
    ../fplib/microlib/fpflt.c                0x00000000   Number         0  dfltul.o ABSOLUTE
    ../fplib/microlib/fpmul.c                0x00000000   Number         0  dmul.o ABSOLUTE
    ../mathlib/strtod.c                      0x00000000   Number         0  strtod.o ABSOLUTE
    ..\..\Firmware\CMSIS\GD\GD32E10x\Source\ARM\startup_gd32e10x.s 0x00000000   Number         0  startup_gd32e10x.o ABSOLUTE
    Counter_robo.c                           0x00000000   Number         0  counter_robo.o ABSOLUTE
    Filter.c                                 0x00000000   Number         0  filter.o ABSOLUTE
    Motor.c                                  0x00000000   Number         0  motor.o ABSOLUTE
    Uniaxial.c                               0x00000000   Number         0  uniaxial.o ABSOLUTE
    adc.c                                    0x00000000   Number         0  adc.o ABSOLUTE
    cJSON.c                                  0x00000000   Number         0  cjson.o ABSOLUTE
    cdrcmple.s                               0x00000000   Number         0  cdrcmple.o ABSOLUTE
    circular_buffer.c                        0x00000000   Number         0  circular_buffer.o ABSOLUTE
    dc.s                                     0x00000000   Number         0  dc.o ABSOLUTE
    gate.c                                   0x00000000   Number         0  gate.o ABSOLUTE
    gd32e10x_adc.c                           0x00000000   Number         0  gd32e10x_adc.o ABSOLUTE
    gd32e10x_bkp.c                           0x00000000   Number         0  gd32e10x_bkp.o ABSOLUTE
    gd32e10x_can.c                           0x00000000   Number         0  gd32e10x_can.o ABSOLUTE
    gd32e10x_crc.c                           0x00000000   Number         0  gd32e10x_crc.o ABSOLUTE
    gd32e10x_ctc.c                           0x00000000   Number         0  gd32e10x_ctc.o ABSOLUTE
    gd32e10x_dac.c                           0x00000000   Number         0  gd32e10x_dac.o ABSOLUTE
    gd32e10x_dbg.c                           0x00000000   Number         0  gd32e10x_dbg.o ABSOLUTE
    gd32e10x_dma.c                           0x00000000   Number         0  gd32e10x_dma.o ABSOLUTE
    gd32e10x_exmc.c                          0x00000000   Number         0  gd32e10x_exmc.o ABSOLUTE
    gd32e10x_exti.c                          0x00000000   Number         0  gd32e10x_exti.o ABSOLUTE
    gd32e10x_fmc.c                           0x00000000   Number         0  gd32e10x_fmc.o ABSOLUTE
    gd32e10x_fwdgt.c                         0x00000000   Number         0  gd32e10x_fwdgt.o ABSOLUTE
    gd32e10x_gpio.c                          0x00000000   Number         0  gd32e10x_gpio.o ABSOLUTE
    gd32e10x_hw.c                            0x00000000   Number         0  gd32e10x_hw.o ABSOLUTE
    gd32e10x_i2c.c                           0x00000000   Number         0  gd32e10x_i2c.o ABSOLUTE
    gd32e10x_it.c                            0x00000000   Number         0  gd32e10x_it.o ABSOLUTE
    gd32e10x_misc.c                          0x00000000   Number         0  gd32e10x_misc.o ABSOLUTE
    gd32e10x_pmu.c                           0x00000000   Number         0  gd32e10x_pmu.o ABSOLUTE
    gd32e10x_rcu.c                           0x00000000   Number         0  gd32e10x_rcu.o ABSOLUTE
    gd32e10x_rtc.c                           0x00000000   Number         0  gd32e10x_rtc.o ABSOLUTE
    gd32e10x_spi.c                           0x00000000   Number         0  gd32e10x_spi.o ABSOLUTE
    gd32e10x_timer.c                         0x00000000   Number         0  gd32e10x_timer.o ABSOLUTE
    gd32e10x_usart.c                         0x00000000   Number         0  gd32e10x_usart.o ABSOLUTE
    gd32e10x_wwdgt.c                         0x00000000   Number         0  gd32e10x_wwdgt.o ABSOLUTE
    getJson.c                                0x00000000   Number         0  getjson.o ABSOLUTE
    handlers.s                               0x00000000   Number         0  handlers.o ABSOLUTE
    init.s                                   0x00000000   Number         0  init.o ABSOLUTE
    main.c                                   0x00000000   Number         0  main.o ABSOLUTE
    pressure.c                               0x00000000   Number         0  pressure.o ABSOLUTE
    priv_malloc.c                            0x00000000   Number         0  priv_malloc.o ABSOLUTE
    relay.c                                  0x00000000   Number         0  relay.o ABSOLUTE
    system_gd32e10x.c                        0x00000000   Number         0  system_gd32e10x.o ABSOLUTE
    systick.c                                0x00000000   Number         0  systick.o ABSOLUTE
    timer.c                                  0x00000000   Number         0  timer.o ABSOLUTE
    uart.c                                   0x00000000   Number         0  uart.o ABSOLUTE
    RESET                                    0x08000000   Section      336  startup_gd32e10x.o(RESET)
    .ARM.Collect$$$$00000000                 0x08000150   Section        0  entry.o(.ARM.Collect$$$$00000000)
    .ARM.Collect$$$$00000001                 0x08000150   Section        4  entry2.o(.ARM.Collect$$$$00000001)
    .ARM.Collect$$$$00000004                 0x08000154   Section        4  entry5.o(.ARM.Collect$$$$00000004)
    .ARM.Collect$$$$00000008                 0x08000158   Section        0  entry7b.o(.ARM.Collect$$$$00000008)
    .ARM.Collect$$$$0000000A                 0x08000158   Section        0  entry8b.o(.ARM.Collect$$$$0000000A)
    .ARM.Collect$$$$0000000B                 0x08000158   Section        8  entry9a.o(.ARM.Collect$$$$0000000B)
    __lit__00000000                          0x08000160   Data           4  entry2.o(.ARM.Collect$$$$00002712)
    .ARM.Collect$$$$0000000D                 0x08000160   Section        0  entry10a.o(.ARM.Collect$$$$0000000D)
    .ARM.Collect$$$$0000000F                 0x08000160   Section        0  entry11a.o(.ARM.Collect$$$$0000000F)
    .ARM.Collect$$$$00002712                 0x08000160   Section        4  entry2.o(.ARM.Collect$$$$00002712)
    $v0                                      0x08000164   Number         0  startup_gd32e10x.o(.text)
    .text                                    0x08000164   Section       36  startup_gd32e10x.o(.text)
    .text                                    0x08000188   Section        0  memcpya.o(.text)
    .text                                    0x080001ac   Section       36  init.o(.text)
    [Anonymous Symbol]                       0x080001d0   Section        0  gd32e10x_it.o(.text.BusFault_Handler)
    [Anonymous Symbol]                       0x080001d4   Section        0  circular_buffer.o(.text.CircBuf_Init)
    [Anonymous Symbol]                       0x08000244   Section        0  circular_buffer.o(.text.CircBuf_Push)
    [Anonymous Symbol]                       0x0800028c   Section        0  adc.o(.text.DMA0_Channel0_IRQHandler)
    [Anonymous Symbol]                       0x080002b4   Section        0  uart.o(.text.DMA0_Channel1_IRQHandler)
    [Anonymous Symbol]                       0x080002e4   Section        0  uart.o(.text.DMA0_Channel3_IRQHandler)
    [Anonymous Symbol]                       0x08000314   Section        0  uart.o(.text.DMA0_Channel4_IRQHandler)
    [Anonymous Symbol]                       0x0800033c   Section        0  uart.o(.text.DMA0_Channel6_IRQHandler)
    [Anonymous Symbol]                       0x0800036c   Section        0  uart.o(.text.DMA1_Channel4_IRQHandler)
    [Anonymous Symbol]                       0x080003a0   Section        0  gd32e10x_it.o(.text.DebugMon_Handler)
    [Anonymous Symbol]                       0x080003a4   Section        0  gd32e10x_it.o(.text.HardFault_Handler)
    [Anonymous Symbol]                       0x080003a8   Section        0  gd32e10x_it.o(.text.MemManage_Handler)
    [Anonymous Symbol]                       0x080003ac   Section        0  gd32e10x_it.o(.text.NMI_Handler)
    [Anonymous Symbol]                       0x080003b0   Section        0  gd32e10x_it.o(.text.PendSV_Handler)
    [Anonymous Symbol]                       0x080003b4   Section        0  gd32e10x_it.o(.text.SVC_Handler)
    [Anonymous Symbol]                       0x080003b8   Section        0  gd32e10x_it.o(.text.SysTick_Handler)
    [Anonymous Symbol]                       0x080003bc   Section        0  system_gd32e10x.o(.text.SystemInit)
    [Anonymous Symbol]                       0x08000508   Section        0  gd32e10x_it.o(.text.TIMER2_IRQHandler)
    [Anonymous Symbol]                       0x08000580   Section        0  main.o(.text.TIMER3_IRQHandler)
    [Anonymous Symbol]                       0x080005a4   Section        0  uart.o(.text.UART3_IRQHandler)
    [Anonymous Symbol]                       0x08000624   Section        0  uart.o(.text.USART0_IRQHandler)
    [Anonymous Symbol]                       0x080006a0   Section        0  uart.o(.text.USART1_IRQHandler)
    [Anonymous Symbol]                       0x0800071c   Section        0  uart.o(.text.USART2_IRQHandler)
    [Anonymous Symbol]                       0x08000798   Section        0  gd32e10x_it.o(.text.UsageFault_Handler)
    [Anonymous Symbol]                       0x0800079c   Section        0  relay.o(.text.beep_init)
    [Anonymous Symbol]                       0x080007c0   Section        0  relay.o(.text.bsp_relay_init)
    [Anonymous Symbol]                       0x080007e4   Section        0  gate.o(.text.com_gate_for_usart)
    [Anonymous Symbol]                       0x080008b0   Section        0  systick.o(.text.delay_1ms)
    [Anonymous Symbol]                       0x080008d4   Section        0  systick.o(.text.delay_decrement)
    [Anonymous Symbol]                       0x080008ec   Section        0  gd32e10x_dma.o(.text.dma_channel_disable)
    [Anonymous Symbol]                       0x08000910   Section        0  gd32e10x_dma.o(.text.dma_channel_enable)
    [Anonymous Symbol]                       0x08000934   Section        0  gd32e10x_dma.o(.text.dma_circulation_disable)
    [Anonymous Symbol]                       0x08000958   Section        0  gd32e10x_dma.o(.text.dma_deinit)
    [Anonymous Symbol]                       0x08000994   Section        0  gd32e10x_dma.o(.text.dma_init)
    [Anonymous Symbol]                       0x08000a08   Section        0  gd32e10x_dma.o(.text.dma_interrupt_enable)
    [Anonymous Symbol]                       0x08000a2c   Section        0  gd32e10x_dma.o(.text.dma_interrupt_flag_clear)
    [Anonymous Symbol]                       0x08000a3c   Section        0  gd32e10x_dma.o(.text.dma_interrupt_flag_get)
    [Anonymous Symbol]                       0x08000a78   Section        0  gd32e10x_dma.o(.text.dma_memory_address_config)
    [Anonymous Symbol]                       0x08000a98   Section        0  gd32e10x_dma.o(.text.dma_memory_to_memory_disable)
    [Anonymous Symbol]                       0x08000abc   Section        0  gd32e10x_dma.o(.text.dma_struct_para_init)
    [Anonymous Symbol]                       0x08000ad8   Section        0  gd32e10x_dma.o(.text.dma_transfer_number_config)
    [Anonymous Symbol]                       0x08000af8   Section        0  gd32e10x_dma.o(.text.dma_transfer_number_get)
    [Anonymous Symbol]                       0x08000b18   Section        0  gate.o(.text.gate_init)
    [Anonymous Symbol]                       0x08000b54   Section        0  uart.o(.text.gd_eval_com_init)
    COM_GPIO_CLK                             0x08000c20   Number         0  uart.o(.text.gd_eval_com_init)
    COM_CLK                                  0x08000c28   Number         0  uart.o(.text.gd_eval_com_init)
    COM_GPIO_PORT                            0x08000c30   Number         0  uart.o(.text.gd_eval_com_init)
    COM_TX_PIN                               0x08000c40   Number         0  uart.o(.text.gd_eval_com_init)
    COM_RX_PIN                               0x08000c50   Number         0  uart.o(.text.gd_eval_com_init)
    [Anonymous Symbol]                       0x08000c60   Section        0  gd32e10x_gpio.o(.text.gpio_bit_reset)
    [Anonymous Symbol]                       0x08000c64   Section        0  gd32e10x_gpio.o(.text.gpio_bit_set)
    [Anonymous Symbol]                       0x08000c68   Section        0  gd32e10x_gpio.o(.text.gpio_init)
    [Anonymous Symbol]                       0x080011a0   Section        0  gd32e10x_gpio.o(.text.gpio_pin_remap_config)
    [Anonymous Symbol]                       0x0800121c   Section        0  relay.o(.text.led_init)
    [Anonymous Symbol]                       0x08001240   Section        0  main.o(.text.main)
    [Anonymous Symbol]                       0x08001350   Section        0  gd32e10x_misc.o(.text.nvic_irq_enable)
    [Anonymous Symbol]                       0x080013b4   Section        0  gd32e10x_misc.o(.text.nvic_vector_table_set)
    [Anonymous Symbol]                       0x080013cc   Section        0  gd32e10x_rcu.o(.text.rcu_clock_freq_get)
    [Anonymous Symbol]                       0x080014dc   Section        0  gd32e10x_rcu.o(.text.rcu_periph_clock_enable)
    [Anonymous Symbol]                       0x080014fc   Section        0  gd32e10x_rcu.o(.text.rcu_periph_reset_disable)
    [Anonymous Symbol]                       0x0800151c   Section        0  gd32e10x_rcu.o(.text.rcu_periph_reset_enable)
    [Anonymous Symbol]                       0x0800153c   Section        0  systick.o(.text.systick_config)
    [Anonymous Symbol]                       0x08001584   Section        0  gd32e10x_timer.o(.text.timer_channel_capture_value_register_read)
    [Anonymous Symbol]                       0x08001594   Section        0  gd32e10x_timer.o(.text.timer_interrupt_flag_clear)
    [Anonymous Symbol]                       0x0800159c   Section        0  gd32e10x_timer.o(.text.timer_interrupt_flag_get)
    [Anonymous Symbol]                       0x080015b4   Section        0  uart.o(.text.usart0_init)
    [Anonymous Symbol]                       0x080016d8   Section        0  uart.o(.text.usart1_init)
    [Anonymous Symbol]                       0x08001810   Section        0  uart.o(.text.usart2_init)
    [Anonymous Symbol]                       0x08001948   Section        0  gd32e10x_usart.o(.text.usart_baudrate_set)
    [Anonymous Symbol]                       0x080019b4   Section        0  gd32e10x_usart.o(.text.usart_deinit)
    [Anonymous Symbol]                       0x08001a30   Section        0  gd32e10x_usart.o(.text.usart_dma_receive_config)
    [Anonymous Symbol]                       0x08001a3c   Section        0  uart.o(.text.usart_dma_send_data)
    [Anonymous Symbol]                       0x08001bb8   Section        0  gd32e10x_usart.o(.text.usart_dma_transmit_config)
    [Anonymous Symbol]                       0x08001bc4   Section        0  gd32e10x_usart.o(.text.usart_enable)
    [Anonymous Symbol]                       0x08001bd0   Section        0  gd32e10x_usart.o(.text.usart_interrupt_enable)
    [Anonymous Symbol]                       0x08001be8   Section        0  gd32e10x_usart.o(.text.usart_interrupt_flag_get)
    [Anonymous Symbol]                       0x08001c0c   Section        0  gd32e10x_usart.o(.text.usart_receive_config)
    [Anonymous Symbol]                       0x08001c18   Section        0  gd32e10x_usart.o(.text.usart_transmit_config)
    i.__scatterload_copy                     0x08001c24   Section       14  handlers.o(i.__scatterload_copy)
    i.__scatterload_null                     0x08001c32   Section        2  handlers.o(i.__scatterload_null)
    i.__scatterload_zeroinit                 0x08001c34   Section       14  handlers.o(i.__scatterload_zeroinit)
    .L__const.rcu_clock_freq_get.apb2_exp    0x08001c42   Data           8  gd32e10x_rcu.o(.rodata.cst8)
    .L_MergedGlobals                         0x20000000   Data           4  uart.o(.data..L_MergedGlobals)
    [Anonymous Symbol]                       0x20000000   Section        0  uart.o(.data..L_MergedGlobals)
    .L_MergedGlobals                         0x20000008   Data          12  gd32e10x_it.o(.bss..L_MergedGlobals)
    [Anonymous Symbol]                       0x20000008   Section        0  gd32e10x_it.o(.bss..L_MergedGlobals)
    .L_MergedGlobals.1                       0x20000014   Data          64  uart.o(.bss..L_MergedGlobals.1)
    [Anonymous Symbol]                       0x20000014   Section        0  uart.o(.bss..L_MergedGlobals.1)
    delay                                    0x20001454   Data           4  systick.o(.bss.delay)
    [Anonymous Symbol]                       0x20001454   Section        0  systick.o(.bss.delay)
    STACK                                    0x20001460   Section     1024  startup_gd32e10x.o(STACK)

    Global Symbols

    Symbol Name                              Value     Ov Type        Size  Object(Section)

    BuildAttributes$$THM_ISAv4$E$P$D$K$B$S$7EM$VFPi3$EXTD16$VFPS$VFMA$PE$A:L22UL41UL21$X:L11$S22US41US21$IEEE1$IW$~IW$USESV6$~STKCKD$USESV7$~SHL$OTIME$ROPI$IEEEJ$EBA8$MICROLIB$REQ8$PRES8$EABIv2 0x00000000   Number         0  anon$$obj.o ABSOLUTE
    _printf_a                                0x00000000   Number         0  printfstubs.o ABSOLUTE
    _printf_c                                0x00000000   Number         0  printfstubs.o ABSOLUTE
    _printf_charcount                        0x00000000   Number         0  printfstubs.o ABSOLUTE
    _printf_d                                0x00000000   Number         0  printfstubs.o ABSOLUTE
    _printf_e                                0x00000000   Number         0  printfstubs.o ABSOLUTE
    _printf_f                                0x00000000   Number         0  printfstubs.o ABSOLUTE
    _printf_flags                            0x00000000   Number         0  printfstubs.o ABSOLUTE
    _printf_fp_dec                           0x00000000   Number         0  printfstubs.o ABSOLUTE
    _printf_fp_hex                           0x00000000   Number         0  printfstubs.o ABSOLUTE
    _printf_g                                0x00000000   Number         0  printfstubs.o ABSOLUTE
    _printf_i                                0x00000000   Number         0  printfstubs.o ABSOLUTE
    _printf_int_dec                          0x00000000   Number         0  printfstubs.o ABSOLUTE
    _printf_l                                0x00000000   Number         0  printfstubs.o ABSOLUTE
    _printf_lc                               0x00000000   Number         0  printfstubs.o ABSOLUTE
    _printf_ll                               0x00000000   Number         0  printfstubs.o ABSOLUTE
    _printf_lld                              0x00000000   Number         0  printfstubs.o ABSOLUTE
    _printf_lli                              0x00000000   Number         0  printfstubs.o ABSOLUTE
    _printf_llo                              0x00000000   Number         0  printfstubs.o ABSOLUTE
    _printf_llu                              0x00000000   Number         0  printfstubs.o ABSOLUTE
    _printf_llx                              0x00000000   Number         0  printfstubs.o ABSOLUTE
    _printf_longlong_dec                     0x00000000   Number         0  printfstubs.o ABSOLUTE
    _printf_longlong_hex                     0x00000000   Number         0  printfstubs.o ABSOLUTE
    _printf_longlong_oct                     0x00000000   Number         0  printfstubs.o ABSOLUTE
    _printf_ls                               0x00000000   Number         0  printfstubs.o ABSOLUTE
    _printf_mbtowc                           0x00000000   Number         0  printfstubs.o ABSOLUTE
    _printf_n                                0x00000000   Number         0  printfstubs.o ABSOLUTE
    _printf_o                                0x00000000   Number         0  printfstubs.o ABSOLUTE
    _printf_p                                0x00000000   Number         0  printfstubs.o ABSOLUTE
    _printf_percent                          0x00000000   Number         0  printfstubs.o ABSOLUTE
    _printf_pre_padding                      0x00000000   Number         0  printfstubs.o ABSOLUTE
    _printf_return_value                     0x00000000   Number         0  printfstubs.o ABSOLUTE
    _printf_s                                0x00000000   Number         0  printfstubs.o ABSOLUTE
    _printf_sizespec                         0x00000000   Number         0  printfstubs.o ABSOLUTE
    _printf_str                              0x00000000   Number         0  printfstubs.o ABSOLUTE
    _printf_truncate_signed                  0x00000000   Number         0  printfstubs.o ABSOLUTE
    _printf_truncate_unsigned                0x00000000   Number         0  printfstubs.o ABSOLUTE
    _printf_u                                0x00000000   Number         0  printfstubs.o ABSOLUTE
    _printf_wc                               0x00000000   Number         0  printfstubs.o ABSOLUTE
    _printf_wctomb                           0x00000000   Number         0  printfstubs.o ABSOLUTE
    _printf_widthprec                        0x00000000   Number         0  printfstubs.o ABSOLUTE
    _printf_x                                0x00000000   Number         0  printfstubs.o ABSOLUTE
    __cpp_initialize__aeabi_                  - Undefined Weak Reference
    __cxa_finalize                            - Undefined Weak Reference
    __decompress                              - Undefined Weak Reference
    _clock_init                               - Undefined Weak Reference
    _microlib_exit                            - Undefined Weak Reference
    _scanf_int                                - Undefined Weak Reference
    _scanf_longlong                           - Undefined Weak Reference
    _scanf_string                             - Undefined Weak Reference
    __Vectors_Size                           0x00000150   Number         0  startup_gd32e10x.o ABSOLUTE
    __Vectors                                0x08000000   Data           4  startup_gd32e10x.o(RESET)
    __Vectors_End                            0x08000150   Data           0  startup_gd32e10x.o(RESET)
    __main                                   0x08000151   Thumb Code     0  entry.o(.ARM.Collect$$$$00000000)
    _main_stk                                0x08000151   Thumb Code     0  entry2.o(.ARM.Collect$$$$00000001)
    _main_scatterload                        0x08000155   Thumb Code     0  entry5.o(.ARM.Collect$$$$00000004)
    __main_after_scatterload                 0x08000159   Thumb Code     0  entry5.o(.ARM.Collect$$$$00000004)
    _main_clock                              0x08000159   Thumb Code     0  entry7b.o(.ARM.Collect$$$$00000008)
    _main_cpp_init                           0x08000159   Thumb Code     0  entry8b.o(.ARM.Collect$$$$0000000A)
    _main_init                               0x08000159   Thumb Code     0  entry9a.o(.ARM.Collect$$$$0000000B)
    __rt_final_cpp                           0x08000161   Thumb Code     0  entry10a.o(.ARM.Collect$$$$0000000D)
    __rt_final_exit                          0x08000161   Thumb Code     0  entry11a.o(.ARM.Collect$$$$0000000F)
    Reset_Handler                            0x08000165   Thumb Code     8  startup_gd32e10x.o(.text)
    ADC0_1_IRQHandler                        0x0800017f   Thumb Code     0  startup_gd32e10x.o(.text)
    CAN0_EWMC_IRQHandler                     0x0800017f   Thumb Code     0  startup_gd32e10x.o(.text)
    CAN0_RX0_IRQHandler                      0x0800017f   Thumb Code     0  startup_gd32e10x.o(.text)
    CAN0_RX1_IRQHandler                      0x0800017f   Thumb Code     0  startup_gd32e10x.o(.text)
    CAN0_TX_IRQHandler                       0x0800017f   Thumb Code     0  startup_gd32e10x.o(.text)
    CAN1_EWMC_IRQHandler                     0x0800017f   Thumb Code     0  startup_gd32e10x.o(.text)
    CAN1_RX0_IRQHandler                      0x0800017f   Thumb Code     0  startup_gd32e10x.o(.text)
    CAN1_RX1_IRQHandler                      0x0800017f   Thumb Code     0  startup_gd32e10x.o(.text)
    CAN1_TX_IRQHandler                       0x0800017f   Thumb Code     0  startup_gd32e10x.o(.text)
    DMA0_Channel2_IRQHandler                 0x0800017f   Thumb Code     0  startup_gd32e10x.o(.text)
    DMA0_Channel5_IRQHandler                 0x0800017f   Thumb Code     0  startup_gd32e10x.o(.text)
    DMA1_Channel0_IRQHandler                 0x0800017f   Thumb Code     0  startup_gd32e10x.o(.text)
    DMA1_Channel1_IRQHandler                 0x0800017f   Thumb Code     0  startup_gd32e10x.o(.text)
    DMA1_Channel2_IRQHandler                 0x0800017f   Thumb Code     0  startup_gd32e10x.o(.text)
    DMA1_Channel3_IRQHandler                 0x0800017f   Thumb Code     0  startup_gd32e10x.o(.text)
    EXMC_IRQHandler                          0x0800017f   Thumb Code     0  startup_gd32e10x.o(.text)
    EXTI0_IRQHandler                         0x0800017f   Thumb Code     0  startup_gd32e10x.o(.text)
    EXTI10_15_IRQHandler                     0x0800017f   Thumb Code     0  startup_gd32e10x.o(.text)
    EXTI1_IRQHandler                         0x0800017f   Thumb Code     0  startup_gd32e10x.o(.text)
    EXTI2_IRQHandler                         0x0800017f   Thumb Code     0  startup_gd32e10x.o(.text)
    EXTI3_IRQHandler                         0x0800017f   Thumb Code     0  startup_gd32e10x.o(.text)
    EXTI4_IRQHandler                         0x0800017f   Thumb Code     0  startup_gd32e10x.o(.text)
    EXTI5_9_IRQHandler                       0x0800017f   Thumb Code     0  startup_gd32e10x.o(.text)
    FMC_IRQHandler                           0x0800017f   Thumb Code     0  startup_gd32e10x.o(.text)
    I2C0_ER_IRQHandler                       0x0800017f   Thumb Code     0  startup_gd32e10x.o(.text)
    I2C0_EV_IRQHandler                       0x0800017f   Thumb Code     0  startup_gd32e10x.o(.text)
    I2C1_ER_IRQHandler                       0x0800017f   Thumb Code     0  startup_gd32e10x.o(.text)
    I2C1_EV_IRQHandler                       0x0800017f   Thumb Code     0  startup_gd32e10x.o(.text)
    LVD_IRQHandler                           0x0800017f   Thumb Code     0  startup_gd32e10x.o(.text)
    RCU_CTC_IRQHandler                       0x0800017f   Thumb Code     0  startup_gd32e10x.o(.text)
    RTC_Alarm_IRQHandler                     0x0800017f   Thumb Code     0  startup_gd32e10x.o(.text)
    RTC_IRQHandler                           0x0800017f   Thumb Code     0  startup_gd32e10x.o(.text)
    SPI0_IRQHandler                          0x0800017f   Thumb Code     0  startup_gd32e10x.o(.text)
    SPI1_IRQHandler                          0x0800017f   Thumb Code     0  startup_gd32e10x.o(.text)
    SPI2_IRQHandler                          0x0800017f   Thumb Code     0  startup_gd32e10x.o(.text)
    TAMPER_IRQHandler                        0x0800017f   Thumb Code     0  startup_gd32e10x.o(.text)
    TIMER0_BRK_TIMER8_IRQHandler             0x0800017f   Thumb Code     0  startup_gd32e10x.o(.text)
    TIMER0_Channel_IRQHandler                0x0800017f   Thumb Code     0  startup_gd32e10x.o(.text)
    TIMER0_TRG_CMT_TIMER10_IRQHandler        0x0800017f   Thumb Code     0  startup_gd32e10x.o(.text)
    TIMER0_UP_TIMER9_IRQHandler              0x0800017f   Thumb Code     0  startup_gd32e10x.o(.text)
    TIMER1_IRQHandler                        0x0800017f   Thumb Code     0  startup_gd32e10x.o(.text)
    TIMER4_IRQHandler                        0x0800017f   Thumb Code     0  startup_gd32e10x.o(.text)
    TIMER5_IRQHandler                        0x0800017f   Thumb Code     0  startup_gd32e10x.o(.text)
    TIMER6_IRQHandler                        0x0800017f   Thumb Code     0  startup_gd32e10x.o(.text)
    TIMER7_BRK_TIMER11_IRQHandler            0x0800017f   Thumb Code     0  startup_gd32e10x.o(.text)
    TIMER7_Channel_IRQHandler                0x0800017f   Thumb Code     0  startup_gd32e10x.o(.text)
    TIMER7_TRG_CMT_TIMER13_IRQHandler        0x0800017f   Thumb Code     0  startup_gd32e10x.o(.text)
    TIMER7_UP_TIMER12_IRQHandler             0x0800017f   Thumb Code     0  startup_gd32e10x.o(.text)
    UART4_IRQHandler                         0x0800017f   Thumb Code     0  startup_gd32e10x.o(.text)
    USBFS_IRQHandler                         0x0800017f   Thumb Code     0  startup_gd32e10x.o(.text)
    USBFS_WKUP_IRQHandler                    0x0800017f   Thumb Code     0  startup_gd32e10x.o(.text)
    WWDGT_IRQHandler                         0x0800017f   Thumb Code     0  startup_gd32e10x.o(.text)
    __aeabi_memcpy                           0x08000189   Thumb Code    36  memcpya.o(.text)
    __aeabi_memcpy4                          0x08000189   Thumb Code     0  memcpya.o(.text)
    __aeabi_memcpy8                          0x08000189   Thumb Code     0  memcpya.o(.text)
    __scatterload                            0x080001ad   Thumb Code    28  init.o(.text)
    __scatterload_rt2                        0x080001ad   Thumb Code     0  init.o(.text)
    BusFault_Handler                         0x080001d1   Thumb Code     2  gd32e10x_it.o(.text.BusFault_Handler)
    CircBuf_Init                             0x080001d5   Thumb Code   110  circular_buffer.o(.text.CircBuf_Init)
    CircBuf_Push                             0x08000245   Thumb Code    70  circular_buffer.o(.text.CircBuf_Push)
    DMA0_Channel0_IRQHandler                 0x0800028d   Thumb Code    38  adc.o(.text.DMA0_Channel0_IRQHandler)
    DMA0_Channel1_IRQHandler                 0x080002b5   Thumb Code    48  uart.o(.text.DMA0_Channel1_IRQHandler)
    DMA0_Channel3_IRQHandler                 0x080002e5   Thumb Code    48  uart.o(.text.DMA0_Channel3_IRQHandler)
    DMA0_Channel4_IRQHandler                 0x08000315   Thumb Code    38  uart.o(.text.DMA0_Channel4_IRQHandler)
    DMA0_Channel6_IRQHandler                 0x0800033d   Thumb Code    48  uart.o(.text.DMA0_Channel6_IRQHandler)
    DMA1_Channel4_IRQHandler                 0x0800036d   Thumb Code    50  uart.o(.text.DMA1_Channel4_IRQHandler)
    DebugMon_Handler                         0x080003a1   Thumb Code     2  gd32e10x_it.o(.text.DebugMon_Handler)
    HardFault_Handler                        0x080003a5   Thumb Code     2  gd32e10x_it.o(.text.HardFault_Handler)
    MemManage_Handler                        0x080003a9   Thumb Code     2  gd32e10x_it.o(.text.MemManage_Handler)
    NMI_Handler                              0x080003ad   Thumb Code     2  gd32e10x_it.o(.text.NMI_Handler)
    PendSV_Handler                           0x080003b1   Thumb Code     2  gd32e10x_it.o(.text.PendSV_Handler)
    SVC_Handler                              0x080003b5   Thumb Code     2  gd32e10x_it.o(.text.SVC_Handler)
    SysTick_Handler                          0x080003b9   Thumb Code     4  gd32e10x_it.o(.text.SysTick_Handler)
    SystemInit                               0x080003bd   Thumb Code   330  system_gd32e10x.o(.text.SystemInit)
    TIMER2_IRQHandler                        0x08000509   Thumb Code   120  gd32e10x_it.o(.text.TIMER2_IRQHandler)
    TIMER3_IRQHandler                        0x08000581   Thumb Code    36  main.o(.text.TIMER3_IRQHandler)
    UART3_IRQHandler                         0x080005a5   Thumb Code   126  uart.o(.text.UART3_IRQHandler)
    USART0_IRQHandler                        0x08000625   Thumb Code   122  uart.o(.text.USART0_IRQHandler)
    USART1_IRQHandler                        0x080006a1   Thumb Code   124  uart.o(.text.USART1_IRQHandler)
    USART2_IRQHandler                        0x0800071d   Thumb Code   124  uart.o(.text.USART2_IRQHandler)
    UsageFault_Handler                       0x08000799   Thumb Code     2  gd32e10x_it.o(.text.UsageFault_Handler)
    beep_init                                0x0800079d   Thumb Code    34  relay.o(.text.beep_init)
    bsp_relay_init                           0x080007c1   Thumb Code    34  relay.o(.text.bsp_relay_init)
    com_gate_for_usart                       0x080007e5   Thumb Code   204  gate.o(.text.com_gate_for_usart)
    delay_1ms                                0x080008b1   Thumb Code    36  systick.o(.text.delay_1ms)
    delay_decrement                          0x080008d5   Thumb Code    24  systick.o(.text.delay_decrement)
    dma_channel_disable                      0x080008ed   Thumb Code    36  gd32e10x_dma.o(.text.dma_channel_disable)
    dma_channel_enable                       0x08000911   Thumb Code    36  gd32e10x_dma.o(.text.dma_channel_enable)
    dma_circulation_disable                  0x08000935   Thumb Code    36  gd32e10x_dma.o(.text.dma_circulation_disable)
    dma_deinit                               0x08000959   Thumb Code    60  gd32e10x_dma.o(.text.dma_deinit)
    dma_init                                 0x08000995   Thumb Code   116  gd32e10x_dma.o(.text.dma_init)
    dma_interrupt_enable                     0x08000a09   Thumb Code    34  gd32e10x_dma.o(.text.dma_interrupt_enable)
    dma_interrupt_flag_clear                 0x08000a2d   Thumb Code    14  gd32e10x_dma.o(.text.dma_interrupt_flag_clear)
    dma_interrupt_flag_get                   0x08000a3d   Thumb Code    58  gd32e10x_dma.o(.text.dma_interrupt_flag_get)
    dma_memory_address_config                0x08000a79   Thumb Code    30  gd32e10x_dma.o(.text.dma_memory_address_config)
    dma_memory_to_memory_disable             0x08000a99   Thumb Code    36  gd32e10x_dma.o(.text.dma_memory_to_memory_disable)
    dma_struct_para_init                     0x08000abd   Thumb Code    26  gd32e10x_dma.o(.text.dma_struct_para_init)
    dma_transfer_number_config               0x08000ad9   Thumb Code    32  gd32e10x_dma.o(.text.dma_transfer_number_config)
    dma_transfer_number_get                  0x08000af9   Thumb Code    30  gd32e10x_dma.o(.text.dma_transfer_number_get)
    gate_init                                0x08000b19   Thumb Code    58  gate.o(.text.gate_init)
    gd_eval_com_init                         0x08000b55   Thumb Code   268  uart.o(.text.gd_eval_com_init)
    gpio_bit_reset                           0x08000c61   Thumb Code     4  gd32e10x_gpio.o(.text.gpio_bit_reset)
    gpio_bit_set                             0x08000c65   Thumb Code     4  gd32e10x_gpio.o(.text.gpio_bit_set)
    gpio_init                                0x08000c69   Thumb Code  1336  gd32e10x_gpio.o(.text.gpio_init)
    gpio_pin_remap_config                    0x080011a1   Thumb Code   122  gd32e10x_gpio.o(.text.gpio_pin_remap_config)
    led_init                                 0x0800121d   Thumb Code    34  relay.o(.text.led_init)
    main                                     0x08001241   Thumb Code   272  main.o(.text.main)
    nvic_irq_enable                          0x08001351   Thumb Code   100  gd32e10x_misc.o(.text.nvic_irq_enable)
    nvic_vector_table_set                    0x080013b5   Thumb Code    24  gd32e10x_misc.o(.text.nvic_vector_table_set)
    rcu_clock_freq_get                       0x080013cd   Thumb Code   272  gd32e10x_rcu.o(.text.rcu_clock_freq_get)
    rcu_periph_clock_enable                  0x080014dd   Thumb Code    30  gd32e10x_rcu.o(.text.rcu_periph_clock_enable)
    rcu_periph_reset_disable                 0x080014fd   Thumb Code    32  gd32e10x_rcu.o(.text.rcu_periph_reset_disable)
    rcu_periph_reset_enable                  0x0800151d   Thumb Code    30  gd32e10x_rcu.o(.text.rcu_periph_reset_enable)
    systick_config                           0x0800153d   Thumb Code    72  systick.o(.text.systick_config)
    timer_channel_capture_value_register_read 0x08001585   Thumb Code    14  gd32e10x_timer.o(.text.timer_channel_capture_value_register_read)
    timer_interrupt_flag_clear               0x08001595   Thumb Code     6  gd32e10x_timer.o(.text.timer_interrupt_flag_clear)
    timer_interrupt_flag_get                 0x0800159d   Thumb Code    22  gd32e10x_timer.o(.text.timer_interrupt_flag_get)
    usart0_init                              0x080015b5   Thumb Code   292  uart.o(.text.usart0_init)
    usart1_init                              0x080016d9   Thumb Code   310  uart.o(.text.usart1_init)
    usart2_init                              0x08001811   Thumb Code   310  uart.o(.text.usart2_init)
    usart_baudrate_set                       0x08001949   Thumb Code   106  gd32e10x_usart.o(.text.usart_baudrate_set)
    usart_deinit                             0x080019b5   Thumb Code   122  gd32e10x_usart.o(.text.usart_deinit)
    usart_dma_receive_config                 0x08001a31   Thumb Code    12  gd32e10x_usart.o(.text.usart_dma_receive_config)
    usart_dma_send_data                      0x08001a3d   Thumb Code   380  uart.o(.text.usart_dma_send_data)
    usart_dma_transmit_config                0x08001bb9   Thumb Code    12  gd32e10x_usart.o(.text.usart_dma_transmit_config)
    usart_enable                             0x08001bc5   Thumb Code    10  gd32e10x_usart.o(.text.usart_enable)
    usart_interrupt_enable                   0x08001bd1   Thumb Code    22  gd32e10x_usart.o(.text.usart_interrupt_enable)
    usart_interrupt_flag_get                 0x08001be9   Thumb Code    34  gd32e10x_usart.o(.text.usart_interrupt_flag_get)
    usart_receive_config                     0x08001c0d   Thumb Code    12  gd32e10x_usart.o(.text.usart_receive_config)
    usart_transmit_config                    0x08001c19   Thumb Code    12  gd32e10x_usart.o(.text.usart_transmit_config)
    __scatterload_copy                       0x08001c25   Thumb Code    14  handlers.o(i.__scatterload_copy)
    __scatterload_null                       0x08001c33   Thumb Code     2  handlers.o(i.__scatterload_null)
    __scatterload_zeroinit                   0x08001c35   Thumb Code    14  handlers.o(i.__scatterload_zeroinit)
    Region$$Table$$Base                      0x08001c4c   Number         0  anon$$obj.o(Region$$Table)
    Region$$Table$$Limit                     0x08001c6c   Number         0  anon$$obj.o(Region$$Table)
    dma0_ch1_idle                            0x20000000   Data           1  uart.o(.data..L_MergedGlobals)
    dma0_ch3_idle                            0x20000001   Data           1  uart.o(.data..L_MergedGlobals)
    dma0_ch6_idle                            0x20000002   Data           1  uart.o(.data..L_MergedGlobals)
    dma1_ch4_idle                            0x20000003   Data           1  uart.o(.data..L_MergedGlobals)
    SystemCoreClock                          0x20000004   Data           4  system_gd32e10x.o(.data.SystemCoreClock)
    readvalue1                               0x20000008   Data           2  gd32e10x_it.o(.bss..L_MergedGlobals)
    readvalue2                               0x2000000a   Data           2  gd32e10x_it.o(.bss..L_MergedGlobals)
    ccnumber                                 0x2000000c   Data           2  gd32e10x_it.o(.bss..L_MergedGlobals)
    fre                                      0x2000000e   Data           2  gd32e10x_it.o(.bss..L_MergedGlobals)
    count                                    0x20000010   Data           4  gd32e10x_it.o(.bss..L_MergedGlobals)
    USART0_RxCBuf                            0x20000014   Data          16  uart.o(.bss..L_MergedGlobals.1)
    USART1_RxCBuf                            0x20000024   Data          16  uart.o(.bss..L_MergedGlobals.1)
    USART2_RxCBuf                            0x20000034   Data          16  uart.o(.bss..L_MergedGlobals.1)
    USART3_RxCBuf                            0x20000044   Data          16  uart.o(.bss..L_MergedGlobals.1)
    USART0_RX_CACHE_BUFFER                   0x20000054   Data         512  uart.o(.bss.USART0_RX_CACHE_BUFFER)
    USART0_RxBuff                            0x20000254   Data         512  uart.o(.bss.USART0_RxBuff)
    USART0_TxBuff                            0x20000454   Data         512  uart.o(.bss.USART0_TxBuff)
    USART1_RX_CACHE_BUFFER                   0x20000654   Data         512  uart.o(.bss.USART1_RX_CACHE_BUFFER)
    USART1_RxBuff                            0x20000854   Data         512  uart.o(.bss.USART1_RxBuff)
    USART1_TxBuff                            0x20000a54   Data         512  uart.o(.bss.USART1_TxBuff)
    USART2_RX_CACHE_BUFFER                   0x20000c54   Data         512  uart.o(.bss.USART2_RX_CACHE_BUFFER)
    USART2_RxBuff                            0x20000e54   Data         512  uart.o(.bss.USART2_RxBuff)
    USART2_TxBuff                            0x20001054   Data         512  uart.o(.bss.USART2_TxBuff)
    USART3_RX_CACHE_BUFFER                   0x20001254   Data         512  uart.o(.bss.USART3_RX_CACHE_BUFFER)
    time_1ms                                 0x20001458   Data           4  main.o(.bss.time_1ms)
    __initial_sp                             0x20001860   Data           0  startup_gd32e10x.o(STACK)



==============================================================================

Memory Map of the image

  Image Entry point : 0x08000151

  Load Region LR_IROM1 (Base: 0x08000000, Size: 0x00001c78, Max: 0x00020000, ABSOLUTE)

    Execution Region ER_IROM1 (Exec base: 0x08000000, Load base: 0x08000000, Size: 0x00001c6c, Max: 0x00020000, ABSOLUTE)

    Exec Addr    Load Addr    Size         Type   Attr      Idx    E Section Name        Object

    0x08000000   0x08000000   0x00000150   Data   RO         1359    RESET               startup_gd32e10x.o
    0x08000150   0x08000150   0x00000000   Code   RO         1881  * .ARM.Collect$$$$00000000  mc_w.l(entry.o)
    0x08000150   0x08000150   0x00000004   Code   RO         2207    .ARM.Collect$$$$00000001  mc_w.l(entry2.o)
    0x08000154   0x08000154   0x00000004   Code   RO         2210    .ARM.Collect$$$$00000004  mc_w.l(entry5.o)
    0x08000158   0x08000158   0x00000000   Code   RO         2212    .ARM.Collect$$$$00000008  mc_w.l(entry7b.o)
    0x08000158   0x08000158   0x00000000   Code   RO         2214    .ARM.Collect$$$$0000000A  mc_w.l(entry8b.o)
    0x08000158   0x08000158   0x00000008   Code   RO         2215    .ARM.Collect$$$$0000000B  mc_w.l(entry9a.o)
    0x08000160   0x08000160   0x00000000   Code   RO         2217    .ARM.Collect$$$$0000000D  mc_w.l(entry10a.o)
    0x08000160   0x08000160   0x00000000   Code   RO         2219    .ARM.Collect$$$$0000000F  mc_w.l(entry11a.o)
    0x08000160   0x08000160   0x00000004   Code   RO         2208    .ARM.Collect$$$$00002712  mc_w.l(entry2.o)
    0x08000164   0x08000164   0x00000024   Code   RO         1360    .text               startup_gd32e10x.o
    0x08000188   0x08000188   0x00000024   Code   RO         1886    .text               mc_w.l(memcpya.o)
    0x080001ac   0x080001ac   0x00000024   Code   RO         2262    .text               mc_w.l(init.o)
    0x080001d0   0x080001d0   0x00000002   Code   RO           38    .text.BusFault_Handler  gd32e10x_it.o
    0x080001d2   0x080001d2   0x00000002   PAD
    0x080001d4   0x080001d4   0x0000006e   Code   RO         1478    .text.CircBuf_Init  circular_buffer.o
    0x08000242   0x08000242   0x00000002   PAD
    0x08000244   0x08000244   0x00000046   Code   RO         1484    .text.CircBuf_Push  circular_buffer.o
    0x0800028a   0x0800028a   0x00000002   PAD
    0x0800028c   0x0800028c   0x00000026   Code   RO         1570    .text.DMA0_Channel0_IRQHandler  adc.o
    0x080002b2   0x080002b2   0x00000002   PAD
    0x080002b4   0x080002b4   0x00000030   Code   RO         1409    .text.DMA0_Channel1_IRQHandler  uart.o
    0x080002e4   0x080002e4   0x00000030   Code   RO         1411    .text.DMA0_Channel3_IRQHandler  uart.o
    0x08000314   0x08000314   0x00000026   Code   RO         1435    .text.DMA0_Channel4_IRQHandler  uart.o
    0x0800033a   0x0800033a   0x00000002   PAD
    0x0800033c   0x0800033c   0x00000030   Code   RO         1413    .text.DMA0_Channel6_IRQHandler  uart.o
    0x0800036c   0x0800036c   0x00000032   Code   RO         1415    .text.DMA1_Channel4_IRQHandler  uart.o
    0x0800039e   0x0800039e   0x00000002   PAD
    0x080003a0   0x080003a0   0x00000002   Code   RO           44    .text.DebugMon_Handler  gd32e10x_it.o
    0x080003a2   0x080003a2   0x00000002   PAD
    0x080003a4   0x080003a4   0x00000002   Code   RO           34    .text.HardFault_Handler  gd32e10x_it.o
    0x080003a6   0x080003a6   0x00000002   PAD
    0x080003a8   0x080003a8   0x00000002   Code   RO           36    .text.MemManage_Handler  gd32e10x_it.o
    0x080003aa   0x080003aa   0x00000002   PAD
    0x080003ac   0x080003ac   0x00000002   Code   RO           32    .text.NMI_Handler   gd32e10x_it.o
    0x080003ae   0x080003ae   0x00000002   PAD
    0x080003b0   0x080003b0   0x00000002   Code   RO           46    .text.PendSV_Handler  gd32e10x_it.o
    0x080003b2   0x080003b2   0x00000002   PAD
    0x080003b4   0x080003b4   0x00000002   Code   RO           42    .text.SVC_Handler   gd32e10x_it.o
    0x080003b6   0x080003b6   0x00000002   PAD
    0x080003b8   0x080003b8   0x00000004   Code   RO           48    .text.SysTick_Handler  gd32e10x_it.o
    0x080003bc   0x080003bc   0x0000014a   Code   RO           85    .text.SystemInit    system_gd32e10x.o
    0x08000506   0x08000506   0x00000002   PAD
    0x08000508   0x08000508   0x00000078   Code   RO           50    .text.TIMER2_IRQHandler  gd32e10x_it.o
    0x08000580   0x08000580   0x00000024   Code   RO            4    .text.TIMER3_IRQHandler  main.o
    0x080005a4   0x080005a4   0x0000007e   Code   RO         1433    .text.UART3_IRQHandler  uart.o
    0x08000622   0x08000622   0x00000002   PAD
    0x08000624   0x08000624   0x0000007a   Code   RO         1427    .text.USART0_IRQHandler  uart.o
    0x0800069e   0x0800069e   0x00000002   PAD
    0x080006a0   0x080006a0   0x0000007c   Code   RO         1429    .text.USART1_IRQHandler  uart.o
    0x0800071c   0x0800071c   0x0000007c   Code   RO         1431    .text.USART2_IRQHandler  uart.o
    0x08000798   0x08000798   0x00000002   Code   RO           40    .text.UsageFault_Handler  gd32e10x_it.o
    0x0800079a   0x0800079a   0x00000002   PAD
    0x0800079c   0x0800079c   0x00000022   Code   RO         1865    .text.beep_init     relay.o
    0x080007be   0x080007be   0x00000002   PAD
    0x080007c0   0x080007c0   0x00000022   Code   RO         1863    .text.bsp_relay_init  relay.o
    0x080007e2   0x080007e2   0x00000002   PAD
    0x080007e4   0x080007e4   0x000000cc   Code   RO         1853    .text.com_gate_for_usart  gate.o
    0x080008b0   0x080008b0   0x00000024   Code   RO           19    .text.delay_1ms     systick.o
    0x080008d4   0x080008d4   0x00000018   Code   RO           21    .text.delay_decrement  systick.o
    0x080008ec   0x080008ec   0x00000024   Code   RO          478    .text.dma_channel_disable  gd32e10x_dma.o
    0x08000910   0x08000910   0x00000024   Code   RO          476    .text.dma_channel_enable  gd32e10x_dma.o
    0x08000934   0x08000934   0x00000024   Code   RO          470    .text.dma_circulation_disable  gd32e10x_dma.o
    0x08000958   0x08000958   0x0000003c   Code   RO          462    .text.dma_deinit    gd32e10x_dma.o
    0x08000994   0x08000994   0x00000074   Code   RO          466    .text.dma_init      gd32e10x_dma.o
    0x08000a08   0x08000a08   0x00000022   Code   RO          512    .text.dma_interrupt_enable  gd32e10x_dma.o
    0x08000a2a   0x08000a2a   0x00000002   PAD
    0x08000a2c   0x08000a2c   0x0000000e   Code   RO          510    .text.dma_interrupt_flag_clear  gd32e10x_dma.o
    0x08000a3a   0x08000a3a   0x00000002   PAD
    0x08000a3c   0x08000a3c   0x0000003a   Code   RO          508    .text.dma_interrupt_flag_get  gd32e10x_dma.o
    0x08000a76   0x08000a76   0x00000002   PAD
    0x08000a78   0x08000a78   0x0000001e   Code   RO          482    .text.dma_memory_address_config  gd32e10x_dma.o
    0x08000a96   0x08000a96   0x00000002   PAD
    0x08000a98   0x08000a98   0x00000024   Code   RO          474    .text.dma_memory_to_memory_disable  gd32e10x_dma.o
    0x08000abc   0x08000abc   0x0000001a   Code   RO          464    .text.dma_struct_para_init  gd32e10x_dma.o
    0x08000ad6   0x08000ad6   0x00000002   PAD
    0x08000ad8   0x08000ad8   0x00000020   Code   RO          484    .text.dma_transfer_number_config  gd32e10x_dma.o
    0x08000af8   0x08000af8   0x0000001e   Code   RO          486    .text.dma_transfer_number_get  gd32e10x_dma.o
    0x08000b16   0x08000b16   0x00000002   PAD
    0x08000b18   0x08000b18   0x0000003a   Code   RO         1851    .text.gate_init     gate.o
    0x08000b52   0x08000b52   0x00000002   PAD
    0x08000b54   0x08000b54   0x0000010c   Code   RO         1381    .text.gd_eval_com_init  uart.o
    0x08000c60   0x08000c60   0x00000004   Code   RO          680    .text.gpio_bit_reset  gd32e10x_gpio.o
    0x08000c64   0x08000c64   0x00000004   Code   RO          678    .text.gpio_bit_set  gd32e10x_gpio.o
    0x08000c68   0x08000c68   0x00000538   Code   RO          676    .text.gpio_init     gd32e10x_gpio.o
    0x080011a0   0x080011a0   0x0000007a   Code   RO          694    .text.gpio_pin_remap_config  gd32e10x_gpio.o
    0x0800121a   0x0800121a   0x00000002   PAD
    0x0800121c   0x0800121c   0x00000022   Code   RO         1867    .text.led_init      relay.o
    0x0800123e   0x0800123e   0x00000002   PAD
    0x08001240   0x08001240   0x00000110   Code   RO            2    .text.main          main.o
    0x08001350   0x08001350   0x00000064   Code   RO          798    .text.nvic_irq_enable  gd32e10x_misc.o
    0x080013b4   0x080013b4   0x00000018   Code   RO          802    .text.nvic_vector_table_set  gd32e10x_misc.o
    0x080013cc   0x080013cc   0x00000110   Code   RO          939    .text.rcu_clock_freq_get  gd32e10x_rcu.o
    0x080014dc   0x080014dc   0x0000001e   Code   RO          857    .text.rcu_periph_clock_enable  gd32e10x_rcu.o
    0x080014fa   0x080014fa   0x00000002   PAD
    0x080014fc   0x080014fc   0x00000020   Code   RO          867    .text.rcu_periph_reset_disable  gd32e10x_rcu.o
    0x0800151c   0x0800151c   0x0000001e   Code   RO          865    .text.rcu_periph_reset_enable  gd32e10x_rcu.o
    0x0800153a   0x0800153a   0x00000002   PAD
    0x0800153c   0x0800153c   0x00000048   Code   RO           17    .text.systick_config  systick.o
    0x08001584   0x08001584   0x0000000e   Code   RO         1172    .text.timer_channel_capture_value_register_read  gd32e10x_timer.o
    0x08001592   0x08001592   0x00000002   PAD
    0x08001594   0x08001594   0x00000006   Code   RO         1212    .text.timer_interrupt_flag_clear  gd32e10x_timer.o
    0x0800159a   0x0800159a   0x00000002   PAD
    0x0800159c   0x0800159c   0x00000016   Code   RO         1210    .text.timer_interrupt_flag_get  gd32e10x_timer.o
    0x080015b2   0x080015b2   0x00000002   PAD
    0x080015b4   0x080015b4   0x00000124   Code   RO         1379    .text.usart0_init   uart.o
    0x080016d8   0x080016d8   0x00000136   Code   RO         1389    .text.usart1_init   uart.o
    0x0800180e   0x0800180e   0x00000002   PAD
    0x08001810   0x08001810   0x00000136   Code   RO         1395    .text.usart2_init   uart.o
    0x08001946   0x08001946   0x00000002   PAD
    0x08001948   0x08001948   0x0000006a   Code   RO         1228    .text.usart_baudrate_set  gd32e10x_usart.o
    0x080019b2   0x080019b2   0x00000002   PAD
    0x080019b4   0x080019b4   0x0000007a   Code   RO         1226    .text.usart_deinit  gd32e10x_usart.o
    0x08001a2e   0x08001a2e   0x00000002   PAD
    0x08001a30   0x08001a30   0x0000000c   Code   RO         1310    .text.usart_dma_receive_config  gd32e10x_usart.o
    0x08001a3c   0x08001a3c   0x0000017c   Code   RO         1417    .text.usart_dma_send_data  uart.o
    0x08001bb8   0x08001bb8   0x0000000c   Code   RO         1312    .text.usart_dma_transmit_config  gd32e10x_usart.o
    0x08001bc4   0x08001bc4   0x0000000a   Code   RO         1236    .text.usart_enable  gd32e10x_usart.o
    0x08001bce   0x08001bce   0x00000002   PAD
    0x08001bd0   0x08001bd0   0x00000016   Code   RO         1320    .text.usart_interrupt_enable  gd32e10x_usart.o
    0x08001be6   0x08001be6   0x00000002   PAD
    0x08001be8   0x08001be8   0x00000022   Code   RO         1324    .text.usart_interrupt_flag_get  gd32e10x_usart.o
    0x08001c0a   0x08001c0a   0x00000002   PAD
    0x08001c0c   0x08001c0c   0x0000000c   Code   RO         1242    .text.usart_receive_config  gd32e10x_usart.o
    0x08001c18   0x08001c18   0x0000000c   Code   RO         1240    .text.usart_transmit_config  gd32e10x_usart.o
    0x08001c24   0x08001c24   0x0000000e   Code   RO         2279    i.__scatterload_copy  mc_w.l(handlers.o)
    0x08001c32   0x08001c32   0x00000002   Code   RO         2280    i.__scatterload_null  mc_w.l(handlers.o)
    0x08001c34   0x08001c34   0x0000000e   Code   RO         2281    i.__scatterload_zeroinit  mc_w.l(handlers.o)
    0x08001c42   0x08001c42   0x00000008   Data   RO          941    .rodata.cst8        gd32e10x_rcu.o
    0x08001c4a   0x08001c4a   0x00000002   PAD
    0x08001c4c   0x08001c4c   0x00000020   Data   RO         2278    Region$$Table       anon$$obj.o


    Execution Region RW_IRAM1 (Exec base: 0x20000000, Load base: 0x08001c70, Size: 0x00001860, Max: 0x00008000, ABSOLUTE)

    Exec Addr    Load Addr    Size         Type   Attr      Idx    E Section Name        Object

    0x20000000   0x08001c70   0x00000004   Data   RW         1462    .data..L_MergedGlobals  uart.o
    0x20000004   0x08001c74   0x00000004   Data   RW           89    .data.SystemCoreClock  system_gd32e10x.o
    0x20000008        -       0x0000000c   Zero   RW           52    .bss..L_MergedGlobals  gd32e10x_it.o
    0x20000014        -       0x00000040   Zero   RW         1463    .bss..L_MergedGlobals.1  uart.o
    0x20000054        -       0x00000200   Zero   RW         1457    .bss.USART0_RX_CACHE_BUFFER  uart.o
    0x20000254        -       0x00000200   Zero   RW         1449    .bss.USART0_RxBuff  uart.o
    0x20000454        -       0x00000200   Zero   RW         1450    .bss.USART0_TxBuff  uart.o
    0x20000654        -       0x00000200   Zero   RW         1458    .bss.USART1_RX_CACHE_BUFFER  uart.o
    0x20000854        -       0x00000200   Zero   RW         1451    .bss.USART1_RxBuff  uart.o
    0x20000a54        -       0x00000200   Zero   RW         1452    .bss.USART1_TxBuff  uart.o
    0x20000c54        -       0x00000200   Zero   RW         1459    .bss.USART2_RX_CACHE_BUFFER  uart.o
    0x20000e54        -       0x00000200   Zero   RW         1453    .bss.USART2_RxBuff  uart.o
    0x20001054        -       0x00000200   Zero   RW         1454    .bss.USART2_TxBuff  uart.o
    0x20001254        -       0x00000200   Zero   RW         1460    .bss.USART3_RX_CACHE_BUFFER  uart.o
    0x20001454        -       0x00000004   Zero   RW           23    .bss.delay          systick.o
    0x20001458        -       0x00000004   Zero   RW            7    .bss.time_1ms       main.o
    0x2000145c   0x08001c78   0x00000004   PAD
    0x20001460        -       0x00000400   Zero   RW         1357    STACK               startup_gd32e10x.o


==============================================================================

Image component sizes


      Code (inc. data)   RO Data    RW Data    ZI Data      Debug   Object Name

        38          0          0          0          0       2800   adc.o
       180          0          0          0          0       5495   circular_buffer.o
       262          6          0          0          0       1973   gate.o
       544          0          0          0          0       7730   gd32e10x_dma.o
      1466          0          0          0          0       8770   gd32e10x_gpio.o
       140          0          0          0         12       1579   gd32e10x_it.o
       124          0          0          0          0       3406   gd32e10x_misc.o
       364         20          8          0          0      16526   gd32e10x_rcu.o
        42          0          0          0          0      20454   gd32e10x_timer.o
       342          0          0          0          0      12256   gd32e10x_usart.o
       308         32          0          0          4       1321   main.o
       102          0          0          0          0       1594   relay.o
        36          8        336          0       1024        920   startup_gd32e10x.o
       330          0          0          4          0       2649   system_gd32e10x.o
       132          0          0          0          4       3993   systick.o
      2288         68          0          4       5184      14659   uart.o

    ----------------------------------------------------------------------
      6776        134        378          8       6232     106125   Object Totals
         0          0         32          0          0          0   (incl. Generated)
        78          0          2          0          4          0   (incl. Padding)

    ----------------------------------------------------------------------

      Code (inc. data)   RO Data    RW Data    ZI Data      Debug   Library Member Name

         0          0          0          0          0          0   entry.o
         0          0          0          0          0          0   entry10a.o
         0          0          0          0          0          0   entry11a.o
         8          4          0          0          0          0   entry2.o
         4          0          0          0          0          0   entry5.o
         0          0          0          0          0          0   entry7b.o
         0          0          0          0          0          0   entry8b.o
         8          4          0          0          0          0   entry9a.o
        30          0          0          0          0          0   handlers.o
        36          8          0          0          0         68   init.o
        36          0          0          0          0         68   memcpya.o

    ----------------------------------------------------------------------
       122         16          0          0          0        136   Library Totals
         0          0          0          0          0          0   (incl. Padding)

    ----------------------------------------------------------------------

      Code (inc. data)   RO Data    RW Data    ZI Data      Debug   Library Name

       122         16          0          0          0        136   mc_w.l

    ----------------------------------------------------------------------
       122         16          0          0          0        136   Library Totals

    ----------------------------------------------------------------------

==============================================================================


      Code (inc. data)   RO Data    RW Data    ZI Data      Debug   

      6898        150        378          8       6232     106241   Grand Totals
      6898        150        378          8       6232     106241   ELF Image Totals
      6898        150        378          8          0          0   ROM Totals

==============================================================================

    Total RO  Size (Code + RO Data)                 7276 (   7.11kB)
    Total RW  Size (RW Data + ZI Data)              6240 (   6.09kB)
    Total ROM Size (Code + RO Data + RW Data)       7284 (   7.11kB)

==============================================================================

