Component: ARM Compiler 6.15 Tool: armlink [5dd79300]

==============================================================================

Section Cross References

    main.o(.text.main) refers to systick.o(.text.systick_config) for systick_config
    main.o(.text.main) refers to uart.o(.text.usart0_init) for usart0_init
    main.o(.text.main) refers to uart.o(.text.usart1_init) for usart1_init
    main.o(.text.main) refers to uart.o(.text.usart2_init) for usart2_init
    main.o(.text.main) refers to systick.o(.text.delay_1ms) for delay_1ms
    main.o(.text.main) refers to gate.o(.text.gate_init) for gate_init
    main.o(.text.main) refers to relay.o(.text.bsp_relay_init) for bsp_relay_init
    main.o(.text.main) refers to relay.o(.text.beep_init) for beep_init
    main.o(.text.main) refers to relay.o(.text.led_init) for led_init
    main.o(.text.main) refers to printfa.o(i.__0printf) for __2printf
    main.o(.text.main) refers to dpm_rm550.o(.text.dpm_run) for dpm_run
    main.o(.text.main) refers to adc.o(.text.adc_5init) for adc_5init
    main.o(.text.main) refers to gate.o(.text.motor1_run) for motor1_run
    main.o(.text.main) refers to motor.o(.text.motor_init) for motor_init
    main.o(.text.main) refers to gd32e10x_gpio.o(.text.gpio_bit_set) for gpio_bit_set
    main.o(.text.main) refers to motor.o(.text.speed_counter) for speed_counter
    main.o(.text.main) refers to motor.o(.text.moto_to_zero) for moto_to_zero
    main.o(.text.main) refers to main.o(.bss.time_1ms) for time_1ms
    main.o(.text.main) refers to motor.o(.text.getJsonTask) for getJsonTask
    main.o(.text.main) refers to pressure.o(.text.pressure_run) for pressure_run
    main.o(.text.main) refers to pressure.o(.text.get_pressure) for get_pressure
    main.o(.text.main) refers to motor.o(.text.Check_data_from_python) for Check_data_from_python
    main.o(.text.main) refers to relay.o(.text.relay_run) for relay_run
    main.o(.text.main) refers to motor.o(.text.testRunTask) for testRunTask
    main.o(.ARM.exidx.text.main) refers to main.o(.text.main) for [Anonymous Symbol]
    main.o(.text.TIMER3_IRQHandler) refers to gd32e10x_timer.o(.text.timer_interrupt_flag_get) for timer_interrupt_flag_get
    main.o(.text.TIMER3_IRQHandler) refers to gd32e10x_timer.o(.text.timer_interrupt_flag_clear) for timer_interrupt_flag_clear
    main.o(.ARM.exidx.text.TIMER3_IRQHandler) refers to main.o(.text.TIMER3_IRQHandler) for [Anonymous Symbol]
    systick.o(.text.systick_config) refers to system_gd32e10x.o(.data.SystemCoreClock) for SystemCoreClock
    systick.o(.ARM.exidx.text.systick_config) refers to systick.o(.text.systick_config) for [Anonymous Symbol]
    systick.o(.text.delay_1ms) refers to systick.o(.bss.delay) for delay
    systick.o(.ARM.exidx.text.delay_1ms) refers to systick.o(.text.delay_1ms) for [Anonymous Symbol]
    systick.o(.text.delay_decrement) refers to systick.o(.bss.delay) for delay
    systick.o(.ARM.exidx.text.delay_decrement) refers to systick.o(.text.delay_decrement) for [Anonymous Symbol]
    gd32e10x_it.o(.ARM.exidx.text.NMI_Handler) refers to gd32e10x_it.o(.text.NMI_Handler) for [Anonymous Symbol]
    gd32e10x_it.o(.ARM.exidx.text.HardFault_Handler) refers to gd32e10x_it.o(.text.HardFault_Handler) for [Anonymous Symbol]
    gd32e10x_it.o(.ARM.exidx.text.MemManage_Handler) refers to gd32e10x_it.o(.text.MemManage_Handler) for [Anonymous Symbol]
    gd32e10x_it.o(.ARM.exidx.text.BusFault_Handler) refers to gd32e10x_it.o(.text.BusFault_Handler) for [Anonymous Symbol]
    gd32e10x_it.o(.ARM.exidx.text.UsageFault_Handler) refers to gd32e10x_it.o(.text.UsageFault_Handler) for [Anonymous Symbol]
    gd32e10x_it.o(.ARM.exidx.text.SVC_Handler) refers to gd32e10x_it.o(.text.SVC_Handler) for [Anonymous Symbol]
    gd32e10x_it.o(.ARM.exidx.text.DebugMon_Handler) refers to gd32e10x_it.o(.text.DebugMon_Handler) for [Anonymous Symbol]
    gd32e10x_it.o(.ARM.exidx.text.PendSV_Handler) refers to gd32e10x_it.o(.text.PendSV_Handler) for [Anonymous Symbol]
    gd32e10x_it.o(.text.SysTick_Handler) refers to systick.o(.text.delay_decrement) for delay_decrement
    gd32e10x_it.o(.ARM.exidx.text.SysTick_Handler) refers to gd32e10x_it.o(.text.SysTick_Handler) for [Anonymous Symbol]
    gd32e10x_it.o(.text.TIMER2_IRQHandler) refers to gd32e10x_timer.o(.text.timer_interrupt_flag_get) for timer_interrupt_flag_get
    gd32e10x_it.o(.text.TIMER2_IRQHandler) refers to gd32e10x_timer.o(.text.timer_interrupt_flag_clear) for timer_interrupt_flag_clear
    gd32e10x_it.o(.text.TIMER2_IRQHandler) refers to gd32e10x_it.o(.bss..L_MergedGlobals) for .L_MergedGlobals
    gd32e10x_it.o(.text.TIMER2_IRQHandler) refers to gd32e10x_timer.o(.text.timer_channel_capture_value_register_read) for timer_channel_capture_value_register_read
    gd32e10x_it.o(.ARM.exidx.text.TIMER2_IRQHandler) refers to gd32e10x_it.o(.text.TIMER2_IRQHandler) for [Anonymous Symbol]
    gd32e10x_hw.o(.text.usb_rcu_config) refers to gd32e10x_rcu.o(.text.rcu_clock_freq_get) for rcu_clock_freq_get
[...]
    [Anonymous Symbol]                       0x080017f0   Section        0  gd32e10x_adc.o(.text.adc_external_trigger_source_config)
    [Anonymous Symbol]                       0x08001814   Section        0  gd32e10x_adc.o(.text.adc_mode_config)
    [Anonymous Symbol]                       0x0800182c   Section        0  gd32e10x_adc.o(.text.adc_regular_channel_config)
    [Anonymous Symbol]                       0x080018d0   Section        0  gd32e10x_adc.o(.text.adc_software_trigger_enable)
    [Anonymous Symbol]                       0x080018ec   Section        0  gd32e10x_adc.o(.text.adc_special_function_config)
    [Anonymous Symbol]                       0x08001948   Section        0  relay.o(.text.beep_init)
    [Anonymous Symbol]                       0x0800196c   Section        0  priv_malloc.o(.text.board_free)
    [Anonymous Symbol]                       0x080019ac   Section        0  priv_malloc.o(.text.board_malloc)
    [Anonymous Symbol]                       0x08001acc   Section        0  priv_malloc.o(.text.board_realloc)
    [Anonymous Symbol]                       0x08001ad8   Section        0  relay.o(.text.bsp_relay_init)
    [Anonymous Symbol]                       0x08001b04   Section        0  cjson.o(.text.cJSON_Delete)
    [Anonymous Symbol]                       0x08001b54   Section        0  cjson.o(.text.cJSON_GetArrayItem)
    [Anonymous Symbol]                       0x08001ba4   Section        0  cjson.o(.text.cJSON_GetArraySize)
    [Anonymous Symbol]                       0x08001bd8   Section        0  cjson.o(.text.cJSON_GetObjectItem)
    [Anonymous Symbol]                       0x08001c60   Section        0  cjson.o(.text.cJSON_IsNumber)
    [Anonymous Symbol]                       0x08001c74   Section        0  cjson.o(.text.cJSON_Parse)
    [Anonymous Symbol]                       0x08001c7c   Section        0  cjson.o(.text.cJSON_ParseWithOpts)
    [Anonymous Symbol]                       0x08001e1c   Section        0  getjson.o(.text.clean_test_location)
    [Anonymous Symbol]                       0x08001e2c   Section        0  pressure.o(.text.clear_pressure_state)
    [Anonymous Symbol]                       0x08001e3c   Section        0  systick.o(.text.delay_1ms)
    [Anonymous Symbol]                       0x08001e60   Section        0  systick.o(.text.delay_decrement)
    [Anonymous Symbol]                       0x08001e78   Section        0  gd32e10x_dma.o(.text.dma_channel_disable)
    [Anonymous Symbol]                       0x08001e9c   Section        0  gd32e10x_dma.o(.text.dma_channel_enable)
    [Anonymous Symbol]                       0x08001ec0   Section        0  gd32e10x_dma.o(.text.dma_circulation_disable)
    [Anonymous Symbol]                       0x08001ee4   Section        0  gd32e10x_dma.o(.text.dma_circulation_enable)
    [Anonymous Symbol]                       0x08001f08   Section        0  gd32e10x_dma.o(.text.dma_deinit)
    [Anonymous Symbol]                       0x08001f44   Section        0  gd32e10x_dma.o(.text.dma_init)
    [Anonymous Symbol]                       0x08001fb8   Section        0  gd32e10x_dma.o(.text.dma_interrupt_enable)
    [Anonymous Symbol]                       0x08001fdc   Section        0  gd32e10x_dma.o(.text.dma_interrupt_flag_clear)
    [Anonymous Symbol]                       0x08001fec   Section        0  gd32e10x_dma.o(.text.dma_interrupt_flag_get)
    [Anonymous Symbol]                       0x08002028   Section        0  gd32e10x_dma.o(.text.dma_memory_address_config)
    [Anonymous Symbol]                       0x08002048   Section        0  gd32e10x_dma.o(.text.dma_memory_to_memory_disable)
    [Anonymous Symbol]                       0x0800206c   Section        0  gd32e10x_dma.o(.text.dma_struct_para_init)
    [Anonymous Symbol]                       0x08002088   Section        0  gd32e10x_dma.o(.text.dma_transfer_number_config)
    [Anonymous Symbol]                       0x080020a8   Section        0  gd32e10x_dma.o(.text.dma_transfer_number_get)
    [Anonymous Symbol]                       0x080020c8   Section        0  dpm_rm550.o(.text.dpm_run)
    [Anonymous Symbol]                       0x08002210   Section        0  gate.o(.text.esp32_run)
    [Anonymous Symbol]                       0x0800223c   Section        0  uart.o(.text.fputc)
    [Anonymous Symbol]                       0x08002260   Section        0  gate.o(.text.gate_init)
    [Anonymous Symbol]                       0x08002290   Section        0  uart.o(.text.gd_eval_com_init)
    COM_GPIO_CLK                             0x0800235c   Number         0  uart.o(.text.gd_eval_com_init)
    COM_CLK                                  0x08002364   Number         0  uart.o(.text.gd_eval_com_init)
    COM_GPIO_PORT                            0x0800236c   Number         0  uart.o(.text.gd_eval_com_init)
    COM_TX_PIN                               0x0800237c   Number         0  uart.o(.text.gd_eval_com_init)
    COM_RX_PIN                               0x0800238c   Number         0  uart.o(.text.gd_eval_com_init)
    [Anonymous Symbol]                       0x0800239c   Section        0  motor.o(.text.getJsonTask)
    [Anonymous Symbol]                       0x080025ac   Section        0  getjson.o(.text.get_Json_data)
    [Anonymous Symbol]                       0x08002784   Section        0  pressure.o(.text.get_pressure)
    [Anonymous Symbol]                       0x080027a4   Section        0  uart.o(.text.get_pressure_uart)
    [Anonymous Symbol]                       0x080027b4   Section        0  getjson.o(.text.get_run_location)
    [Anonymous Symbol]                       0x080027c0   Section        0  getjson.o(.text.get_run_test_num)
    [Anonymous Symbol]                       0x080027cc   Section        0  getjson.o(.text.get_test_location)
    [Anonymous Symbol]                       0x080027d8   Section        0  gd32e10x_gpio.o(.text.gpio_bit_reset)
    [Anonymous Symbol]                       0x080027dc   Section        0  gd32e10x_gpio.o(.text.gpio_bit_set)
    [Anonymous Symbol]                       0x080027e0   Section        0  gd32e10x_gpio.o(.text.gpio_init)
    [Anonymous Symbol]                       0x08002d18   Section        0  gd32e10x_gpio.o(.text.gpio_pin_remap_config)
    [Anonymous Symbol]                       0x08002d94   Section        0  relay.o(.text.led_init)
    [Anonymous Symbol]                       0x08002db8   Section        0  main.o(.text.main)
    [Anonymous Symbol]                       0x08002ed4   Section        0  motor.o(.text.moto_to_zero)
    [Anonymous Symbol]                       0x08002fa0   Section        0  gate.o(.text.motor1_run)
    [Anonymous Symbol]                       0x08002fcc   Section        0  motor.o(.text.motor_init)
    [Anonymous Symbol]                       0x0800304c   Section        0  priv_malloc.o(.text.my_mem_init)
    [Anonymous Symbol]                       0x08003098   Section        0  priv_malloc.o(.text.my_mem_perused)
    [Anonymous Symbol]                       0x08003140   Section        0  priv_malloc.o(.text.myrealloc)
    [Anonymous Symbol]                       0x080033a0   Section        0  gd32e10x_misc.o(.text.nvic_irq_enable)
    [Anonymous Symbol]                       0x08003404   Section        0  gd32e10x_misc.o(.text.nvic_vector_table_set)
    parse_hex4                               0x0800341d   Thumb Code   250  cjson.o(.text.parse_hex4)
    [Anonymous Symbol]                       0x0800341c   Section        0  cjson.o(.text.parse_hex4)
    parse_string                             0x08003519   Thumb Code   748  cjson.o(.text.parse_string)
    [Anonymous Symbol]                       0x08003518   Section        0  cjson.o(.text.parse_string)
    parse_value                              0x08003809   Thumb Code  1822  cjson.o(.text.parse_value)
    [Anonymous Symbol]                       0x08003808   Section        0  cjson.o(.text.parse_value)
    [Anonymous Symbol]                       0x08003f28   Section        0  pressure.o(.text.pressure_run)
    [Anonymous Symbol]                       0x08003f68   Section        0  pressure.o(.text.pressure_start)
    [Anonymous Symbol]                       0x08003f78   Section        0  gd32e10x_rcu.o(.text.rcu_adc_clock_config)
    [Anonymous Symbol]                       0x08003ffc   Section        0  gd32e10x_rcu.o(.text.rcu_clock_freq_get)
    [Anonymous Symbol]                       0x0800410c   Section        0  gd32e10x_rcu.o(.text.rcu_periph_clock_enable)
    [Anonymous Symbol]                       0x0800412c   Section        0  gd32e10x_rcu.o(.text.rcu_periph_reset_disable)
    [Anonymous Symbol]                       0x0800414c   Section        0  gd32e10x_rcu.o(.text.rcu_periph_reset_enable)
    [Anonymous Symbol]                       0x0800416c   Section        0  relay.o(.text.relay_run)
    [Anonymous Symbol]                       0x080041b4   Section        0  pressure.o(.text.return_pressure_state)
    [Anonymous Symbol]                       0x080041c8   Section        0  adc.o(.text.return_zero_key)
    [Anonymous Symbol]                       0x080041d4   Section        0  gate.o(.text.rs485_run)
    [Anonymous Symbol]                       0x08004200   Section        0  motor.o(.text.speed_counter)
    [Anonymous Symbol]                       0x08004230   Section        0  systick.o(.text.systick_config)
    [Anonymous Symbol]                       0x08004278   Section        0  motor.o(.text.testRunTask)
    [Anonymous Symbol]                       0x08004480   Section        0  gd32e10x_timer.o(.text.timer_channel_capture_value_register_read)
    [Anonymous Symbol]                       0x08004490   Section        0  gd32e10x_timer.o(.text.timer_interrupt_flag_clear)
    [Anonymous Symbol]                       0x08004498   Section        0  gd32e10x_timer.o(.text.timer_interrupt_flag_get)
    [Anonymous Symbol]                       0x080044b0   Section        0  uart.o(.text.usart0_init)
    [Anonymous Symbol]                       0x080045d8   Section        0  uart.o(.text.usart1_init)
    [Anonymous Symbol]                       0x08004710   Section        0  uart.o(.text.usart2_init)
    [Anonymous Symbol]                       0x08004848   Section        0  gd32e10x_usart.o(.text.usart_baudrate_set)
    [Anonymous Symbol]                       0x080048b4   Section        0  gd32e10x_usart.o(.text.usart_data_transmit)
    [Anonymous Symbol]                       0x080048bc   Section        0  gd32e10x_usart.o(.text.usart_deinit)
    [Anonymous Symbol]                       0x08004938   Section        0  gd32e10x_usart.o(.text.usart_dma_receive_config)
    [Anonymous Symbol]                       0x08004944   Section        0  uart.o(.text.usart_dma_send_data)
    [Anonymous Symbol]                       0x08004ac0   Section        0  gd32e10x_usart.o(.text.usart_dma_transmit_config)
    [Anonymous Symbol]                       0x08004acc   Section        0  gd32e10x_usart.o(.text.usart_enable)
    [Anonymous Symbol]                       0x08004ad8   Section        0  gd32e10x_usart.o(.text.usart_flag_get)
    [Anonymous Symbol]                       0x08004ae8   Section        0  uart.o(.text.usart_get_rx_data_count)
    [Anonymous Symbol]                       0x08004b04   Section        0  gd32e10x_usart.o(.text.usart_interrupt_enable)
    [Anonymous Symbol]                       0x08004b1c   Section        0  gd32e10x_usart.o(.text.usart_interrupt_flag_get)
    [Anonymous Symbol]                       0x08004b40   Section        0  gd32e10x_usart.o(.text.usart_receive_config)
    [Anonymous Symbol]                       0x08004b4c   Section        0  uart.o(.text.usart_recv)
    [Anonymous Symbol]                       0x08004b74   Section        0  gd32e10x_usart.o(.text.usart_transmit_config)
    i.__0printf                              0x08004b80   Section        0  printfa.o(i.__0printf)
    i.__0sprintf                             0x08004ba0   Section        0  printfa.o(i.__0sprintf)
    i.__aeabi_errno_addr                     0x08004bc8   Section        0  errno.o(i.__aeabi_errno_addr)
    i.__hardfp_strtod                        0x08004bd0   Section        0  strtod.o(i.__hardfp_strtod)
    i.__scatterload_copy                     0x08004bf8   Section       14  handlers.o(i.__scatterload_copy)
    i.__scatterload_null                     0x08004c06   Section        2  handlers.o(i.__scatterload_null)
    i.__scatterload_zeroinit                 0x08004c08   Section       14  handlers.o(i.__scatterload_zeroinit)
    _fp_digits                               0x08004c19   Thumb Code   366  printfa.o(i._fp_digits)
    i._fp_digits                             0x08004c18   Section        0  printfa.o(i._fp_digits)
    i._is_digit                              0x08004d9c   Section        0  scanf_fp.o(i._is_digit)
    _printf_core                             0x08004dad   Thumb Code  1744  printfa.o(i._printf_core)
    i._printf_core                           0x08004dac   Section        0  printfa.o(i._printf_core)
    _printf_post_padding                     0x08005489   Thumb Code    36  printfa.o(i._printf_post_padding)
    i._printf_post_padding                   0x08005488   Section        0  printfa.o(i._printf_post_padding)
    _printf_pre_padding                      0x080054ad   Thumb Code    46  printfa.o(i._printf_pre_padding)
    i._printf_pre_padding                    0x080054ac   Section        0  printfa.o(i._printf_pre_padding)
    _sputc                                   0x080054db   Thumb Code    10  printfa.o(i._sputc)
    i._sputc                                 0x080054da   Section        0  printfa.o(i._sputc)
    .constdata                               0x080054e4   Section      129  ctype_o.o(.constdata)
    table                                    0x08005568   Data           4  ctype_o.o(.constdata)
    .constdata                               0x08005568   Section        4  ctype_o.o(.constdata)
    .Lswitch.table.usart_rx_probe            0x0800556c   Data          16  uart.o(.rodata..Lswitch.table.usart_rx_probe)
    .L__const.rcu_clock_freq_get.apb2_exp    0x0800557c   Data           8  gd32e10x_rcu.o(.rodata.cst8)
    .L.str                                   0x0800559c   Data          28  motor.o(.rodata.str1.1)
    [Anonymous Symbol]                       0x0800559c   Section        0  motor.o(.rodata.str1.1)
    .L.str.1                                 0x080055b8   Data          10  motor.o(.rodata.str1.1)
    .L.str.3                                 0x080055c2   Data           6  cjson.o(.rodata.str1.1)
    [Anonymous Symbol]                       0x080055c2   Section        0  cjson.o(.rodata.str1.1)
    .L.str.4                                 0x080055c8   Data           5  cjson.o(.rodata.str1.1)
    .L.str.2                                 0x080055cd   Data           5  cjson.o(.rodata.str1.1)
    .L.str.11                                0x080055d2   Data          33  getjson.o(.rodata.str1.1)
    [Anonymous Symbol]                       0x080055d2   Section        0  getjson.o(.rodata.str1.1)
    .L.str.4                                 0x080055f3   Data          13  getjson.o(.rodata.str1.1)
    .L.str                                   0x08005600   Data           9  dpm_rm550.o(.rodata.str1.1)
    [Anonymous Symbol]                       0x08005600   Section        0  dpm_rm550.o(.rodata.str1.1)
    .data                                    0x20000000   Section        4  stdout.o(.data)
    _errno                                   0x20000004   Data           4  errno.o(.data)
    .data                                    0x20000004   Section        4  errno.o(.data)
    .L_MergedGlobals                         0x20000008   Data           4  uart.o(.data..L_MergedGlobals)
    [Anonymous Symbol]                       0x20000008   Section        0  uart.o(.data..L_MergedGlobals)
    .L_MergedGlobals                         0x2000000c   Data           8  motor.o(.data..L_MergedGlobals)
    [Anonymous Symbol]                       0x2000000c   Section        0  motor.o(.data..L_MergedGlobals)
    testRunTask.i                            0x20000010   Data           4  motor.o(.data..L_MergedGlobals)
    global_hooks                             0x20000018   Data          12  cjson.o(.data.global_hooks)
    [Anonymous Symbol]                       0x20000018   Section        0  cjson.o(.data.global_hooks)
    .L_MergedGlobals                         0x20000040   Data          12  gd32e10x_it.o(.bss..L_MergedGlobals)
    [Anonymous Symbol]                       0x20000040   Section        0  gd32e10x_it.o(.bss..L_MergedGlobals)
    .L_MergedGlobals                         0x2000004c   Data           8  cjson.o(.bss..L_MergedGlobals)
    global_error.0                           0x2000004c   Data           4  cjson.o(.bss..L_MergedGlobals)
    [Anonymous Symbol]                       0x2000004c   Section        0  cjson.o(.bss..L_MergedGlobals)
    global_error.1                           0x20000050   Data           4  cjson.o(.bss..L_MergedGlobals)
    .L_MergedGlobals.1                       0x20000054   Data          68  uart.o(.bss..L_MergedGlobals.1)
    [Anonymous Symbol]                       0x20000054   Section        0  uart.o(.bss..L_MergedGlobals.1)
    .L_MergedGlobals.7                       0x20000098   Data          55  motor.o(.bss..L_MergedGlobals.7)
    [Anonymous Symbol]                       0x20000098   Section        0  motor.o(.bss..L_MergedGlobals.7)
    testRunTask.test_num                     0x200000ac   Data           4  motor.o(.bss..L_MergedGlobals.7)
    testRunTask.location                     0x200000b0   Data           4  motor.o(.bss..L_MergedGlobals.7)
    speed_counter.c                          0x200000ba   Data           8  motor.o(.bss..L_MergedGlobals.7)
    delay                                    0x200014d8   Data           4  systick.o(.bss.delay)
    [Anonymous Symbol]                       0x200014d8   Section        0  systick.o(.bss.delay)
    get_pressure.motor_res                   0x200015dc   Data           8  pressure.o(.bss.get_pressure.motor_res)
    [Anonymous Symbol]                       0x200015dc   Section        0  pressure.o(.bss.get_pressure.motor_res)
    relay_run.flag                           0x20007048   Data           4  relay.o(.bss.relay_run.flag)
    [Anonymous Symbol]                       0x20007048   Section        0  relay.o(.bss.relay_run.flag)
    STACK                                    0x20007450   Section     1024  startup_gd32e10x.o(STACK)

    Global Symbols

    Symbol Name                              Value     Ov Type        Size  Object(Section)

    BuildAttributes$$THM_ISAv4$E$P$D$K$B$S$7EM$VFPi3$EXTD16$VFPS$VFMA$PE$A:L22UL41UL21$X:L11$S22US41US21$IEEE1$IW$~IW$USESV6$~STKCKD$USESV7$~SHL$OTIME$ROPI$IEEEJ$EBA8$MICROLIB$REQ8$PRES8$EABIv2 0x00000000   Number         0  anon$$obj.o ABSOLUTE
    _printf_a                                0x00000000   Number         0  printfstubs.o ABSOLUTE
    _printf_c                                0x00000000   Number         0  printfstubs.o ABSOLUTE
    _printf_charcount                        0x00000000   Number         0  printfstubs.o ABSOLUTE
    _printf_d                                0x00000000   Number         0  printfstubs.o ABSOLUTE
    _printf_e                                0x00000000   Number         0  printfstubs.o ABSOLUTE
    _printf_f                                0x00000000   Number         0  printfstubs.o ABSOLUTE
    _printf_flags                            0x00000000   Number         0  printfstubs.o ABSOLUTE
    _printf_fp_dec                           0x00000000   Number         0  printfstubs.o ABSOLUTE
    _printf_fp_hex                           0x00000000   Number         0  printfstubs.o ABSOLUTE
    _printf_g                                0x00000000   Number         0  printfstubs.o ABSOLUTE
    _printf_i                                0x00000000   Number         0  printfstubs.o ABSOLUTE
    _printf_int_dec                          0x00000000   Number         0  printfstubs.o ABSOLUTE
    _printf_l                                0x00000000   Number         0  printfstubs.o ABSOLUTE
    _printf_lc                               0x00000000   Number         0  printfstubs.o ABSOLUTE
    _printf_ll                               0x00000000   Number         0  printfstubs.o ABSOLUTE
    _printf_lld                              0x00000000   Number         0  printfstubs.o ABSOLUTE
    _printf_lli                              0x00000000   Number         0  printfstubs.o ABSOLUTE
    _printf_llo                              0x00000000   Number         0  printfstubs.o ABSOLUTE
    _printf_llu                              0x00000000   Number         0  printfstubs.o ABSOLUTE
    _printf_llx                              0x00000000   Number         0  printfstubs.o ABSOLUTE
    _printf_longlong_dec                     0x00000000   Number         0  printfstubs.o ABSOLUTE
    _printf_longlong_hex                     0x00000000   Number         0  printfstubs.o ABSOLUTE
    _printf_longlong_oct                     0x00000000   Number         0  printfstubs.o ABSOLUTE
    _printf_ls                               0x00000000   Number         0  printfstubs.o ABSOLUTE
    _printf_mbtowc                           0x00000000   Number         0  printfstubs.o ABSOLUTE
    _printf_n                                0x00000000   Number         0  printfstubs.o ABSOLUTE
    _printf_o                                0x00000000   Number         0  printfstubs.o ABSOLUTE
    _printf_p                                0x00000000   Number         0  printfstubs.o ABSOLUTE
    _printf_percent                          0x00000000   Number         0  printfstubs.o ABSOLUTE
    _printf_pre_padding                      0x00000000   Number         0  printfstubs.o ABSOLUTE
    _printf_return_value                     0x00000000   Number         0  printfstubs.o ABSOLUTE
    _printf_s                                0x00000000   Number         0  printfstubs.o ABSOLUTE
    _printf_sizespec                         0x00000000   Number         0  printfstubs.o ABSOLUTE
    _printf_str                              0x00000000   Number         0  printfstubs.o ABSOLUTE
    _printf_truncate_signed                  0x00000000   Number         0  printfstubs.o ABSOLUTE
    _printf_truncate_unsigned                0x00000000   Number         0  printfstubs.o ABSOLUTE
    _printf_u                                0x00000000   Number         0  printfstubs.o ABSOLUTE
    _printf_wc                               0x00000000   Number         0  printfstubs.o ABSOLUTE
    _printf_wctomb                           0x00000000   Number         0  printfstubs.o ABSOLUTE
    _printf_widthprec                        0x00000000   Number         0  printfstubs.o ABSOLUTE
    _printf_x                                0x00000000   Number         0  printfstubs.o ABSOLUTE
    __cpp_initialize__aeabi_                  - Undefined Weak Reference
    __cxa_finalize                            - Undefined Weak Reference
    __decompress                              - Undefined Weak Reference
    _clock_init                               - Undefined Weak Reference
    _microlib_exit                            - Undefined Weak Reference
    _scanf_int                                - Undefined Weak Reference
    _scanf_longlong                           - Undefined Weak Reference
    _scanf_string                             - Undefined Weak Reference
    __Vectors_Size                           0x00000150   Number         0  startup_gd32e10x.o ABSOLUTE
    __Vectors                                0x08000000   Data           4  startup_gd32e10x.o(RESET)
    __Vectors_End                            0x08000150   Data           0  startup_gd32e10x.o(RESET)
    __main                                   0x08000151   Thumb Code     0  entry.o(.ARM.Collect$$$$00000000)
    _main_stk                                0x08000151   Thumb Code     0  entry2.o(.ARM.Collect$$$$00000001)
    _main_scatterload                        0x08000155   Thumb Code     0  entry5.o(.ARM.Collect$$$$00000004)
    __main_after_scatterload                 0x08000159   Thumb Code     0  entry5.o(.ARM.Collect$$$$00000004)
    _main_clock                              0x08000159   Thumb Code     0  entry7b.o(.ARM.Collect$$$$00000008)
    _main_cpp_init                           0x08000159   Thumb Code     0  entry8b.o(.ARM.Collect$$$$0000000A)
    _main_init                               0x08000159   Thumb Code     0  entry9a.o(.ARM.Collect$$$$0000000B)
    __rt_final_cpp                           0x08000161   Thumb Code     0  entry10a.o(.ARM.Collect$$$$0000000D)
    __rt_final_exit                          0x08000161   Thumb Code     0  entry11a.o(.ARM.Collect$$$$0000000F)
    Reset_Handler                            0x08000165   Thumb Code     8  startup_gd32e10x.o(.text)
    ADC0_1_IRQHandler                        0x0800017f   Thumb Code     0  startup_gd32e10x.o(.text)
    CAN0_EWMC_IRQHandler                     0x0800017f   Thumb Code     0  startup_gd32e10x.o(.text)
    CAN0_RX0_IRQHandler                      0x0800017f   Thumb Code     0  startup_gd32e10x.o(.text)
    CAN0_RX1_IRQHandler                      0x0800017f   Thumb Code     0  startup_gd32e10x.o(.text)
    CAN0_TX_IRQHandler                       0x0800017f   Thumb Code     0  startup_gd32e10x.o(.text)
    CAN1_EWMC_IRQHandler                     0x0800017f   Thumb Code     0  startup_gd32e10x.o(.text)
    CAN1_RX0_IRQHandler                      0x0800017f   Thumb Code     0  startup_gd32e10x.o(.text)
    CAN1_RX1_IRQHandler                      0x0800017f   Thumb Code     0  startup_gd32e10x.o(.text)
    CAN1_TX_IRQHandler                       0x0800017f   Thumb Code     0  startup_gd32e10x.o(.text)
    DMA0_Channel2_IRQHandler                 0x0800017f   Thumb Code     0  startup_gd32e10x.o(.text)
    DMA0_Channel5_IRQHandler                 0x0800017f   Thumb Code     0  startup_gd32e10x.o(.text)
    DMA1_Channel0_IRQHandler                 0x0800017f   Thumb Code     0  startup_gd32e10x.o(.text)
    DMA1_Channel1_IRQHandler                 0x0800017f   Thumb Code     0  startup_gd32e10x.o(.text)
    DMA1_Channel2_IRQHandler                 0x0800017f   Thumb Code     0  startup_gd32e10x.o(.text)
    DMA1_Channel3_IRQHandler                 0x0800017f   Thumb Code     0  startup_gd32e10x.o(.text)
    EXMC_IRQHandler                          0x0800017f   Thumb Code     0  startup_gd32e10x.o(.text)
    EXTI0_IRQHandler                         0x0800017f   Thumb Code     0  startup_gd32e10x.o(.text)
    EXTI10_15_IRQHandler                     0x0800017f   Thumb Code     0  startup_gd32e10x.o(.text)
    EXTI1_IRQHandler                         0x0800017f   Thumb Code     0  startup_gd32e10x.o(.text)
    EXTI2_IRQHandler                         0x0800017f   Thumb Code     0  startup_gd32e10x.o(.text)
    EXTI3_IRQHandler                         0x0800017f   Thumb Code     0  startup_gd32e10x.o(.text)
    EXTI4_IRQHandler                         0x0800017f   Thumb Code     0  startup_gd32e10x.o(.text)
    EXTI5_9_IRQHandler                       0x0800017f   Thumb Code     0  startup_gd32e10x.o(.text)
    FMC_IRQHandler                           0x0800017f   Thumb Code     0  startup_gd32e10x.o(.text)
    I2C0_ER_IRQHandler                       0x0800017f   Thumb Code     0  startup_gd32e10x.o(.text)
    I2C0_EV_IRQHandler                       0x0800017f   Thumb Code     0  startup_gd32e10x.o(.text)
    I2C1_ER_IRQHandler                       0x0800017f   Thumb Code     0  startup_gd32e10x.o(.text)
    I2C1_EV_IRQHandler                       0x0800017f   Thumb Code     0  startup_gd32e10x.o(.text)
    LVD_IRQHandler                           0x0800017f   Thumb Code     0  startup_gd32e10x.o(.text)
    RCU_CTC_IRQHandler                       0x0800017f   Thumb Code     0  startup_gd32e10x.o(.text)
    RTC_Alarm_IRQHandler                     0x0800017f   Thumb Code     0  startup_gd32e10x.o(.text)
    RTC_IRQHandler                           0x0800017f   Thumb Code     0  startup_gd32e10x.o(.text)
    SPI0_IRQHandler                          0x0800017f   Thumb Code     0  startup_gd32e10x.o(.text)
    SPI1_IRQHandler                          0x0800017f   Thumb Code     0  startup_gd32e10x.o(.text)
    SPI2_IRQHandler                          0x0800017f   Thumb Code     0  startup_gd32e10x.o(.text)
    TAMPER_IRQHandler                        0x0800017f   Thumb Code     0  startup_gd32e10x.o(.text)
    TIMER0_BRK_TIMER8_IRQHandler             0x0800017f   Thumb Code     0  startup_gd32e10x.o(.text)
    TIMER0_Channel_IRQHandler                0x0800017f   Thumb Code     0  startup_gd32e10x.o(.text)
    TIMER0_TRG_CMT_TIMER10_IRQHandler        0x0800017f   Thumb Code     0  startup_gd32e10x.o(.text)
    TIMER0_UP_TIMER9_IRQHandler              0x0800017f   Thumb Code     0  startup_gd32e10x.o(.text)
    TIMER1_IRQHandler                        0x0800017f   Thumb Code     0  startup_gd32e10x.o(.text)
    TIMER4_IRQHandler                        0x0800017f   Thumb Code     0  startup_gd32e10x.o(.text)
    TIMER5_IRQHandler                        0x0800017f   Thumb Code     0  startup_gd32e10x.o(.text)
    TIMER6_IRQHandler                        0x0800017f   Thumb Code     0  startup_gd32e10x.o(.text)
    TIMER7_BRK_TIMER11_IRQHandler            0x0800017f   Thumb Code     0  startup_gd32e10x.o(.text)
    TIMER7_Channel_IRQHandler                0x0800017f   Thumb Code     0  startup_gd32e10x.o(.text)
    TIMER7_TRG_CMT_TIMER13_IRQHandler        0x0800017f   Thumb Code     0  startup_gd32e10x.o(.text)
    TIMER7_UP_TIMER12_IRQHandler             0x0800017f   Thumb Code     0  startup_gd32e10x.o(.text)
    UART4_IRQHandler                         0x0800017f   Thumb Code     0  startup_gd32e10x.o(.text)
    USBFS_IRQHandler                         0x0800017f   Thumb Code     0  startup_gd32e10x.o(.text)
    USBFS_WKUP_IRQHandler                    0x0800017f   Thumb Code     0  startup_gd32e10x.o(.text)
    WWDGT_IRQHandler                         0x0800017f   Thumb Code     0  startup_gd32e10x.o(.text)
    tolower                                  0x08000189   Thumb Code    12  tolower.o(.text)
    __aeabi_memcpy                           0x08000195   Thumb Code    36  memcpya.o(.text)
    __aeabi_memcpy4                          0x08000195   Thumb Code     0  memcpya.o(.text)
    __aeabi_memcpy8                          0x08000195   Thumb Code     0  memcpya.o(.text)
    __aeabi_memset                           0x080001b9   Thumb Code    14  memseta.o(.text)
    __aeabi_memset4                          0x080001b9   Thumb Code     0  memseta.o(.text)
    __aeabi_memset8                          0x080001b9   Thumb Code     0  memseta.o(.text)
    __aeabi_memclr                           0x080001c7   Thumb Code     4  memseta.o(.text)
    __aeabi_memclr4                          0x080001c7   Thumb Code     0  memseta.o(.text)
    __aeabi_memclr8                          0x080001c7   Thumb Code     0  memseta.o(.text)
    _memset$wrapper                          0x080001cb   Thumb Code    18  memseta.o(.text)
    strlen                                   0x080001dd   Thumb Code    14  strlen.o(.text)
    strncmp                                  0x080001eb   Thumb Code    30  strncmp.o(.text)
    _scanf_real                              0x08000331   Thumb Code     0  scanf_fp.o(.text)
    _scanf_really_real                       0x08000331   Thumb Code   556  scanf_fp.o(.text)
    atoi                                     0x08000569   Thumb Code    26  atoi.o(.text)
    __aeabi_dcmple                           0x08000583   Thumb Code    54  dcmple.o(.text)
    __aeabi_dcmpge                           0x080005b9   Thumb Code    54  dcmpge.o(.text)
    __aeabi_d2iz                             0x080005ef   Thumb Code    62  dfixi.o(.text)
    __aeabi_f2d                              0x0800062d   Thumb Code    38  f2d.o(.text)
    __aeabi_uidiv                            0x08000653   Thumb Code     0  uidiv.o(.text)
    __aeabi_uidivmod                         0x08000653   Thumb Code    44  uidiv.o(.text)
    __aeabi_uldivmod                         0x0800067f   Thumb Code    98  uldiv.o(.text)
    __aeabi_llsr                             0x080006e1   Thumb Code    32  llushr.o(.text)
    _ll_ushift_r                             0x080006e1   Thumb Code     0  llushr.o(.text)
    _sgetc                                   0x08000701   Thumb Code    30  _sgetc.o(.text)
    _sbackspace                              0x0800071f   Thumb Code    34  _sgetc.o(.text)
    __strtod_int                             0x0800077f   Thumb Code    94  strtod.o(.text)
    strtol                                   0x080007e9   Thumb Code   112  strtol.o(.text)
    __I$use$fp                               0x08000859   Thumb Code     0  iusefp.o(.text)
    _double_round                            0x08000859   Thumb Code    30  depilogue.o(.text)
    _double_epilogue                         0x08000877   Thumb Code   156  depilogue.o(.text)
    __aeabi_dadd                             0x08000913   Thumb Code   322  dadd.o(.text)
    __aeabi_dsub                             0x08000a55   Thumb Code     6  dadd.o(.text)
    __aeabi_drsub                            0x08000a5b   Thumb Code     6  dadd.o(.text)
    __aeabi_dmul                             0x08000a61   Thumb Code   228  dmul.o(.text)
    __aeabi_ddiv                             0x08000b45   Thumb Code   222  ddiv.o(.text)
    __aeabi_ul2d                             0x08000c23   Thumb Code    24  dfltul.o(.text)
    __aeabi_d2ulz                            0x08000c3b   Thumb Code    48  dfixul.o(.text)
    __aeabi_cdrcmple                         0x08000c6d   Thumb Code    48  cdrcmple.o(.text)
    __aeabi_d2f                              0x08000c9d   Thumb Code    56  d2f.o(.text)
    __scatterload                            0x08000cd5   Thumb Code    28  init.o(.text)
    __scatterload_rt2                        0x08000cd5   Thumb Code     0  init.o(.text)
    __aeabi_llsl                             0x08000cf9   Thumb Code    30  llshl.o(.text)
    _ll_shift_l                              0x08000cf9   Thumb Code     0  llshl.o(.text)
    __aeabi_lasr                             0x08000d17   Thumb Code    36  llsshr.o(.text)
    _ll_sshift_r                             0x08000d17   Thumb Code     0  llsshr.o(.text)
    __rt_ctype_table                         0x08000d3d   Thumb Code     4  ctype_o.o(.text)
    isspace                                  0x08000d45   Thumb Code    18  isspace_o.o(.text)
    _strtoul                                 0x08000d57   Thumb Code   158  _strtoul.o(.text)
    _float_round                             0x08000df5   Thumb Code    18  fepilogue.o(.text)
    _float_epilogue                          0x08000e07   Thumb Code    92  fepilogue.o(.text)
    _chval                                   0x08000e63   Thumb Code    28  _chval.o(.text)
    BusFault_Handler                         0x08000e81   Thumb Code     2  gd32e10x_it.o(.text.BusFault_Handler)
    Check_data_from_python                   0x08000e85   Thumb Code   148  motor.o(.text.Check_data_from_python)
    CircBuf_GetUsedSize                      0x08000f19   Thumb Code     8  circular_buffer.o(.text.CircBuf_GetUsedSize)
    CircBuf_Init                             0x08000f21   Thumb Code   110  circular_buffer.o(.text.CircBuf_Init)
    CircBuf_Pop                              0x08000f91   Thumb Code    68  circular_buffer.o(.text.CircBuf_Pop)
    CircBuf_Push                             0x08000fd5   Thumb Code    70  circular_buffer.o(.text.CircBuf_Push)
    DMA0_Channel0_IRQHandler                 0x0800101d   Thumb Code    38  adc.o(.text.DMA0_Channel0_IRQHandler)
    DMA0_Channel1_IRQHandler                 0x08001045   Thumb Code    48  uart.o(.text.DMA0_Channel1_IRQHandler)
    DMA0_Channel3_IRQHandler                 0x08001075   Thumb Code    48  uart.o(.text.DMA0_Channel3_IRQHandler)
    DMA0_Channel4_IRQHandler                 0x080010a5   Thumb Code    38  uart.o(.text.DMA0_Channel4_IRQHandler)
    DMA0_Channel6_IRQHandler                 0x080010cd   Thumb Code    48  uart.o(.text.DMA0_Channel6_IRQHandler)
    DMA1_Channel4_IRQHandler                 0x080010fd   Thumb Code    50  uart.o(.text.DMA1_Channel4_IRQHandler)
    DebugMon_Handler                         0x08001131   Thumb Code     2  gd32e10x_it.o(.text.DebugMon_Handler)
    HardFault_Handler                        0x08001135   Thumb Code     2  gd32e10x_it.o(.text.HardFault_Handler)
    MemManage_Handler                        0x08001139   Thumb Code     2  gd32e10x_it.o(.text.MemManage_Handler)
    NMI_Handler                              0x0800113d   Thumb Code     2  gd32e10x_it.o(.text.NMI_Handler)
    PendSV_Handler                           0x08001141   Thumb Code     2  gd32e10x_it.o(.text.PendSV_Handler)
    SVC_Handler                              0x08001145   Thumb Code     2  gd32e10x_it.o(.text.SVC_Handler)
    SysTick_Handler                          0x08001149   Thumb Code     4  gd32e10x_it.o(.text.SysTick_Handler)
    SystemInit                               0x0800114d   Thumb Code   330  system_gd32e10x.o(.text.SystemInit)
    TIMER2_IRQHandler                        0x08001299   Thumb Code   120  gd32e10x_it.o(.text.TIMER2_IRQHandler)
    TIMER3_IRQHandler                        0x08001311   Thumb Code    36  main.o(.text.TIMER3_IRQHandler)
    UART3_IRQHandler                         0x08001335   Thumb Code   126  uart.o(.text.UART3_IRQHandler)
    USART0_IRQHandler                        0x080013b5   Thumb Code   124  uart.o(.text.USART0_IRQHandler)
    USART1_IRQHandler                        0x08001431   Thumb Code   176  uart.o(.text.USART1_IRQHandler)
    USART2_IRQHandler                        0x080014e1   Thumb Code   124  uart.o(.text.USART2_IRQHandler)
    UsageFault_Handler                       0x0800155d   Thumb Code     2  gd32e10x_it.o(.text.UsageFault_Handler)
    adc_5init                                0x08001561   Thumb Code   184  adc.o(.text.adc_5init)
    adc_calibration_enable                   0x08001619   Thumb Code    74  gd32e10x_adc.o(.text.adc_calibration_enable)
    adc_channel_length_config                0x08001665   Thumb Code    58  gd32e10x_adc.o(.text.adc_channel_length_config)
    adc_config                               0x080016a1   Thumb Code   162  adc.o(.text.adc_config)
    adc_data_alignment_config                0x08001745   Thumb Code    18  gd32e10x_adc.o(.text.adc_data_alignment_config)
    adc_deinit                               0x08001759   Thumb Code    54  gd32e10x_adc.o(.text.adc_deinit)
    adc_dma_mode_enable                      0x08001791   Thumb Code    10  gd32e10x_adc.o(.text.adc_dma_mode_enable)
    adc_enable                               0x0800179d   Thumb Code    18  gd32e10x_adc.o(.text.adc_enable)
    adc_external_trigger_config              0x080017b1   Thumb Code    64  gd32e10x_adc.o(.text.adc_external_trigger_config)
    adc_external_trigger_source_config       0x080017f1   Thumb Code    34  gd32e10x_adc.o(.text.adc_external_trigger_source_config)
    adc_mode_config                          0x08001815   Thumb Code    24  gd32e10x_adc.o(.text.adc_mode_config)
    adc_regular_channel_config               0x0800182d   Thumb Code   164  gd32e10x_adc.o(.text.adc_regular_channel_config)
    adc_software_trigger_enable              0x080018d1   Thumb Code    28  gd32e10x_adc.o(.text.adc_software_trigger_enable)
    adc_special_function_config              0x080018ed   Thumb Code    92  gd32e10x_adc.o(.text.adc_special_function_config)
    beep_init                                0x08001949   Thumb Code    34  relay.o(.text.beep_init)
    board_free                               0x0800196d   Thumb Code    62  priv_malloc.o(.text.board_free)
    board_malloc                             0x080019ad   Thumb Code   288  priv_malloc.o(.text.board_malloc)
    board_realloc                            0x08001acd   Thumb Code    10  priv_malloc.o(.text.board_realloc)
    bsp_relay_init                           0x08001ad9   Thumb Code    42  relay.o(.text.bsp_relay_init)
    cJSON_Delete                             0x08001b05   Thumb Code    80  cjson.o(.text.cJSON_Delete)
    cJSON_GetArrayItem                       0x08001b55   Thumb Code    80  cjson.o(.text.cJSON_GetArrayItem)
    cJSON_GetArraySize                       0x08001ba5   Thumb Code    52  cjson.o(.text.cJSON_GetArraySize)
    cJSON_GetObjectItem                      0x08001bd9   Thumb Code   134  cjson.o(.text.cJSON_GetObjectItem)
    cJSON_IsNumber                           0x08001c61   Thumb Code    20  cjson.o(.text.cJSON_IsNumber)
    cJSON_Parse                              0x08001c75   Thumb Code     8  cjson.o(.text.cJSON_Parse)
    cJSON_ParseWithOpts                      0x08001c7d   Thumb Code   416  cjson.o(.text.cJSON_ParseWithOpts)
    clean_test_location                      0x08001e1d   Thumb Code    14  getjson.o(.text.clean_test_location)
    clear_pressure_state                     0x08001e2d   Thumb Code    14  pressure.o(.text.clear_pressure_state)
    delay_1ms                                0x08001e3d   Thumb Code    36  systick.o(.text.delay_1ms)
    delay_decrement                          0x08001e61   Thumb Code    24  systick.o(.text.delay_decrement)
    dma_channel_disable                      0x08001e79   Thumb Code    36  gd32e10x_dma.o(.text.dma_channel_disable)
    dma_channel_enable                       0x08001e9d   Thumb Code    36  gd32e10x_dma.o(.text.dma_channel_enable)
    dma_circulation_disable                  0x08001ec1   Thumb Code    36  gd32e10x_dma.o(.text.dma_circulation_disable)
    dma_circulation_enable                   0x08001ee5   Thumb Code    36  gd32e10x_dma.o(.text.dma_circulation_enable)
    dma_deinit                               0x08001f09   Thumb Code    60  gd32e10x_dma.o(.text.dma_deinit)
    dma_init                                 0x08001f45   Thumb Code   116  gd32e10x_dma.o(.text.dma_init)
    dma_interrupt_enable                     0x08001fb9   Thumb Code    34  gd32e10x_dma.o(.text.dma_interrupt_enable)
    dma_interrupt_flag_clear                 0x08001fdd   Thumb Code    14  gd32e10x_dma.o(.text.dma_interrupt_flag_clear)
    dma_interrupt_flag_get                   0x08001fed   Thumb Code    58  gd32e10x_dma.o(.text.dma_interrupt_flag_get)
    dma_memory_address_config                0x08002029   Thumb Code    30  gd32e10x_dma.o(.text.dma_memory_address_config)
    dma_memory_to_memory_disable             0x08002049   Thumb Code    36  gd32e10x_dma.o(.text.dma_memory_to_memory_disable)
    dma_struct_para_init                     0x0800206d   Thumb Code    26  gd32e10x_dma.o(.text.dma_struct_para_init)
    dma_transfer_number_config               0x08002089   Thumb Code    32  gd32e10x_dma.o(.text.dma_transfer_number_config)
    dma_transfer_number_get                  0x080020a9   Thumb Code    30  gd32e10x_dma.o(.text.dma_transfer_number_get)
    dpm_run                                  0x080020c9   Thumb Code   328  dpm_rm550.o(.text.dpm_run)
    esp32_run                                0x08002211   Thumb Code    44  gate.o(.text.esp32_run)
    fputc                                    0x0800223d   Thumb Code    36  uart.o(.text.fputc)
    gate_init                                0x08002261   Thumb Code    46  gate.o(.text.gate_init)
    gd_eval_com_init                         0x08002291   Thumb Code   268  uart.o(.text.gd_eval_com_init)
    getJsonTask                              0x0800239d   Thumb Code   528  motor.o(.text.getJsonTask)
    get_Json_data                            0x080025ad   Thumb Code   472  getjson.o(.text.get_Json_data)
    get_pressure                             0x08002785   Thumb Code    32  pressure.o(.text.get_pressure)
    get_pressure_uart                        0x080027a5   Thumb Code    14  uart.o(.text.get_pressure_uart)
    get_run_location                         0x080027b5   Thumb Code    12  getjson.o(.text.get_run_location)
    get_run_test_num                         0x080027c1   Thumb Code    12  getjson.o(.text.get_run_test_num)
    get_test_location                        0x080027cd   Thumb Code    12  getjson.o(.text.get_test_location)
    gpio_bit_reset                           0x080027d9   Thumb Code     4  gd32e10x_gpio.o(.text.gpio_bit_reset)
    gpio_bit_set                             0x080027dd   Thumb Code     4  gd32e10x_gpio.o(.text.gpio_bit_set)
    gpio_init                                0x080027e1   Thumb Code  1336  gd32e10x_gpio.o(.text.gpio_init)
    gpio_pin_remap_config                    0x08002d19   Thumb Code   122  gd32e10x_gpio.o(.text.gpio_pin_remap_config)
    led_init                                 0x08002d95   Thumb Code    34  relay.o(.text.led_init)
    main                                     0x08002db9   Thumb Code   284  main.o(.text.main)
    moto_to_zero                             0x08002ed5   Thumb Code   202  motor.o(.text.moto_to_zero)
    motor1_run                               0x08002fa1   Thumb Code    44  gate.o(.text.motor1_run)
    motor_init                               0x08002fcd   Thumb Code   128  motor.o(.text.motor_init)
    my_mem_init                              0x0800304d   Thumb Code    74  priv_malloc.o(.text.my_mem_init)
    my_mem_perused                           0x08003099   Thumb Code   168  priv_malloc.o(.text.my_mem_perused)
    myrealloc                                0x08003141   Thumb Code   606  priv_malloc.o(.text.myrealloc)
    nvic_irq_enable                          0x080033a1   Thumb Code   100  gd32e10x_misc.o(.text.nvic_irq_enable)
    nvic_vector_table_set                    0x08003405   Thumb Code    24  gd32e10x_misc.o(.text.nvic_vector_table_set)
    pressure_run                             0x08003f29   Thumb Code    62  pressure.o(.text.pressure_run)
    pressure_start                           0x08003f69   Thumb Code    14  pressure.o(.text.pressure_start)
    rcu_adc_clock_config                     0x08003f79   Thumb Code   130  gd32e10x_rcu.o(.text.rcu_adc_clock_config)
    rcu_clock_freq_get                       0x08003ffd   Thumb Code   272  gd32e10x_rcu.o(.text.rcu_clock_freq_get)
    rcu_periph_clock_enable                  0x0800410d   Thumb Code    30  gd32e10x_rcu.o(.text.rcu_periph_clock_enable)
    rcu_periph_reset_disable                 0x0800412d   Thumb Code    32  gd32e10x_rcu.o(.text.rcu_periph_reset_disable)
    rcu_periph_reset_enable                  0x0800414d   Thumb Code    30  gd32e10x_rcu.o(.text.rcu_periph_reset_enable)
    relay_run                                0x0800416d   Thumb Code    72  relay.o(.text.relay_run)
    return_pressure_state                    0x080041b5   Thumb Code    20  pressure.o(.text.return_pressure_state)
    return_zero_key                          0x080041c9   Thumb Code    12  adc.o(.text.return_zero_key)
    rs485_run                                0x080041d5   Thumb Code    44  gate.o(.text.rs485_run)
    speed_counter                            0x08004201   Thumb Code    46  motor.o(.text.speed_counter)
    systick_config                           0x08004231   Thumb Code    72  systick.o(.text.systick_config)
    testRunTask                              0x08004279   Thumb Code   520  motor.o(.text.testRunTask)
    timer_channel_capture_value_register_read 0x08004481   Thumb Code    14  gd32e10x_timer.o(.text.timer_channel_capture_value_register_read)
    timer_interrupt_flag_clear               0x08004491   Thumb Code     6  gd32e10x_timer.o(.text.timer_interrupt_flag_clear)
    timer_interrupt_flag_get                 0x08004499   Thumb Code    22  gd32e10x_timer.o(.text.timer_interrupt_flag_get)
    usart0_init                              0x080044b1   Thumb Code   294  uart.o(.text.usart0_init)
    usart1_init                              0x080045d9   Thumb Code   310  uart.o(.text.usart1_init)
    usart2_init                              0x08004711   Thumb Code   310  uart.o(.text.usart2_init)
    usart_baudrate_set                       0x08004849   Thumb Code   106  gd32e10x_usart.o(.text.usart_baudrate_set)
    usart_data_transmit                      0x080048b5   Thumb Code     8  gd32e10x_usart.o(.text.usart_data_transmit)
    usart_deinit                             0x080048bd   Thumb Code   122  gd32e10x_usart.o(.text.usart_deinit)
    usart_dma_receive_config                 0x08004939   Thumb Code    12  gd32e10x_usart.o(.text.usart_dma_receive_config)
    usart_dma_send_data                      0x08004945   Thumb Code   380  uart.o(.text.usart_dma_send_data)
    usart_dma_transmit_config                0x08004ac1   Thumb Code    12  gd32e10x_usart.o(.text.usart_dma_transmit_config)
    usart_enable                             0x08004acd   Thumb Code    10  gd32e10x_usart.o(.text.usart_enable)
    usart_flag_get                           0x08004ad9   Thumb Code    16  gd32e10x_usart.o(.text.usart_flag_get)
    usart_get_rx_data_count                  0x08004ae9   Thumb Code    26  uart.o(.text.usart_get_rx_data_count)
    usart_interrupt_enable                   0x08004b05   Thumb Code    22  gd32e10x_usart.o(.text.usart_interrupt_enable)
    usart_interrupt_flag_get                 0x08004b1d   Thumb Code    34  gd32e10x_usart.o(.text.usart_interrupt_flag_get)
    usart_receive_config                     0x08004b41   Thumb Code    12  gd32e10x_usart.o(.text.usart_receive_config)
    usart_recv                               0x08004b4d   Thumb Code    38  uart.o(.text.usart_recv)
    usart_transmit_config                    0x08004b75   Thumb Code    12  gd32e10x_usart.o(.text.usart_transmit_config)
    __0printf                                0x08004b81   Thumb Code    22  printfa.o(i.__0printf)
    __1printf                                0x08004b81   Thumb Code     0  printfa.o(i.__0printf)
    __2printf                                0x08004b81   Thumb Code     0  printfa.o(i.__0printf)
    __c89printf                              0x08004b81   Thumb Code     0  printfa.o(i.__0printf)
    printf                                   0x08004b81   Thumb Code     0  printfa.o(i.__0printf)
    __0sprintf                               0x08004ba1   Thumb Code    34  printfa.o(i.__0sprintf)
    __1sprintf                               0x08004ba1   Thumb Code     0  printfa.o(i.__0sprintf)
    __2sprintf                               0x08004ba1   Thumb Code     0  printfa.o(i.__0sprintf)
    __c89sprintf                             0x08004ba1   Thumb Code     0  printfa.o(i.__0sprintf)
    sprintf                                  0x08004ba1   Thumb Code     0  printfa.o(i.__0sprintf)
    __aeabi_errno_addr                       0x08004bc9   Thumb Code     4  errno.o(i.__aeabi_errno_addr)
    __rt_errno_addr                          0x08004bc9   Thumb Code     0  errno.o(i.__aeabi_errno_addr)
    __hardfp_strtod                          0x08004bd1   Thumb Code    32  strtod.o(i.__hardfp_strtod)
    __scatterload_copy                       0x08004bf9   Thumb Code    14  handlers.o(i.__scatterload_copy)
    __scatterload_null                       0x08004c07   Thumb Code     2  handlers.o(i.__scatterload_null)
    __scatterload_zeroinit                   0x08004c09   Thumb Code    14  handlers.o(i.__scatterload_zeroinit)
    _is_digit                                0x08004d9d   Thumb Code    14  scanf_fp.o(i._is_digit)
    __ctype_table                            0x080054e4   Data         129  ctype_o.o(.constdata)
    memblksize                               0x08005584   Data           8  priv_malloc.o(.rodata.memblksize)
    memsize                                  0x0800558c   Data           8  priv_malloc.o(.rodata.memsize)
    memtblsize                               0x08005594   Data           8  priv_malloc.o(.rodata.memtblsize)
    Region$$Table$$Base                      0x0800560c   Number         0  anon$$obj.o(Region$$Table)
    Region$$Table$$Limit                     0x0800562c   Number         0  anon$$obj.o(Region$$Table)
    __stdout                                 0x20000000   Data           4  stdout.o(.data)
    dma0_ch1_idle                            0x20000008   Data           1  uart.o(.data..L_MergedGlobals)
    dma0_ch3_idle                            0x20000009   Data           1  uart.o(.data..L_MergedGlobals)
    dma0_ch6_idle                            0x2000000a   Data           1  uart.o(.data..L_MergedGlobals)
    dma1_ch4_idle                            0x2000000b   Data           1  uart.o(.data..L_MergedGlobals)
    Motor_ok                                 0x2000000c   Data           4  motor.o(.data..L_MergedGlobals)
    SystemCoreClock                          0x20000014   Data           4  system_gd32e10x.o(.data.SystemCoreClock)
    mallco_dev                               0x20000024   Data          28  priv_malloc.o(.data.mallco_dev)
    readvalue1                               0x20000040   Data           2  gd32e10x_it.o(.bss..L_MergedGlobals)
    readvalue2                               0x20000042   Data           2  gd32e10x_it.o(.bss..L_MergedGlobals)
    ccnumber                                 0x20000044   Data           2  gd32e10x_it.o(.bss..L_MergedGlobals)
    fre                                      0x20000046   Data           2  gd32e10x_it.o(.bss..L_MergedGlobals)
    count                                    0x20000048   Data           4  gd32e10x_it.o(.bss..L_MergedGlobals)
    pressure_uart                            0x20000054   Data           2  uart.o(.bss..L_MergedGlobals.1)
    USART0_RxCBuf                            0x20000058   Data          16  uart.o(.bss..L_MergedGlobals.1)
    USART1_RxCBuf                            0x20000068   Data          16  uart.o(.bss..L_MergedGlobals.1)
    USART2_RxCBuf                            0x20000078   Data          16  uart.o(.bss..L_MergedGlobals.1)
    USART3_RxCBuf                            0x20000088   Data          16  uart.o(.bss..L_MergedGlobals.1)
    adc_get                                  0x20000098   Data           2  motor.o(.bss..L_MergedGlobals.7)
    motor_curr                               0x2000009a   Data           2  motor.o(.bss..L_MergedGlobals.7)
    pressure                                 0x2000009c   Data           2  motor.o(.bss..L_MergedGlobals.7)
    cbuff_state2                             0x200000a0   Data           4  motor.o(.bss..L_MergedGlobals.7)
    motor_err                                0x200000a4   Data           4  motor.o(.bss..L_MergedGlobals.7)
    Clear_angele                             0x200000a8   Data           4  motor.o(.bss..L_MergedGlobals.7)
    Motor_enable                             0x200000b4   Data           6  motor.o(.bss..L_MergedGlobals.7)
    Location_send                            0x200000c2   Data          13  motor.o(.bss..L_MergedGlobals.7)
    USART0_RX_CACHE_BUFFER                   0x200000cf   Data         512  uart.o(.bss.USART0_RX_CACHE_BUFFER)
    USART0_RxBuff                            0x200002cf   Data         512  uart.o(.bss.USART0_RxBuff)
    USART0_TxBuff                            0x200004cf   Data         512  uart.o(.bss.USART0_TxBuff)
    USART1_RX_CACHE_BUFFER                   0x200006cf   Data         512  uart.o(.bss.USART1_RX_CACHE_BUFFER)
    USART1_RxBuff                            0x200008cf   Data         512  uart.o(.bss.USART1_RxBuff)
    USART1_TxBuff                            0x20000acf   Data         512  uart.o(.bss.USART1_TxBuff)
    USART2_RX_CACHE_BUFFER                   0x20000ccf   Data         512  uart.o(.bss.USART2_RX_CACHE_BUFFER)
    USART2_RxBuff                            0x20000ecf   Data         512  uart.o(.bss.USART2_RxBuff)
    USART2_TxBuff                            0x200010cf   Data         512  uart.o(.bss.USART2_TxBuff)
    USART3_RX_CACHE_BUFFER                   0x200012cf   Data         512  uart.o(.bss.USART3_RX_CACHE_BUFFER)
    Vol_Value                                0x200014d0   Data           6  adc.o(.bss.Vol_Value)
    get_motor                                0x200014dc   Data         128  motor.o(.bss.get_motor)
    get_press                                0x2000155c   Data         128  uart.o(.bss.get_press)
    jsondata                                 0x200015e4   Data          16  getjson.o(.bss.jsondata)
    mem1base                                 0x20001600   Data       20480  priv_malloc.o(.bss.mem1base)
    mem1mapbase                              0x20006600   Data        2560  priv_malloc.o(.bss.mem1mapbase)
    mem2base                                 0x20007000   Data          64  priv_malloc.o(.bss.mem2base)
    mem2mapbase                              0x20007040   Data           4  priv_malloc.o(.bss.mem2mapbase)
    pressure_state                           0x20007044   Data           4  pressure.o(.bss.pressure_state)
    time_1ms                                 0x2000704c   Data           4  main.o(.bss.time_1ms)
    uart_rx_buffer                           0x20007050   Data        1024  getjson.o(.bss.uart_rx_buffer)
    __initial_sp                             0x20007850   Data           0  startup_gd32e10x.o(STACK)



==============================================================================

Memory Map of the image

  Image Entry point : 0x08000151

  Load Region LR_IROM1 (Base: 0x08000000, Size: 0x00005680, Max: 0x00020000, ABSOLUTE)

    Execution Region ER_IROM1 (Exec base: 0x08000000, Load base: 0x08000000, Size: 0x0000562c, Max: 0x00020000, ABSOLUTE)

    Exec Addr    Load Addr    Size         Type   Attr      Idx    E Section Name        Object

    0x08000000   0x08000000   0x00000150   Data   RO         1358    RESET               startup_gd32e10x.o
    0x08000150   0x08000150   0x00000000   Code   RO         1932  * .ARM.Collect$$$$00000000  mc_w.l(entry.o)
    0x08000150   0x08000150   0x00000004   Code   RO         2260    .ARM.Collect$$$$00000001  mc_w.l(entry2.o)
    0x08000154   0x08000154   0x00000004   Code   RO         2263    .ARM.Collect$$$$00000004  mc_w.l(entry5.o)
    0x08000158   0x08000158   0x00000000   Code   RO         2265    .ARM.Collect$$$$00000008  mc_w.l(entry7b.o)
    0x08000158   0x08000158   0x00000000   Code   RO         2267    .ARM.Collect$$$$0000000A  mc_w.l(entry8b.o)
    0x08000158   0x08000158   0x00000008   Code   RO         2268    .ARM.Collect$$$$0000000B  mc_w.l(entry9a.o)
    0x08000160   0x08000160   0x00000000   Code   RO         2270    .ARM.Collect$$$$0000000D  mc_w.l(entry10a.o)
    0x08000160   0x08000160   0x00000000   Code   RO         2272    .ARM.Collect$$$$0000000F  mc_w.l(entry11a.o)
    0x08000160   0x08000160   0x00000004   Code   RO         2261    .ARM.Collect$$$$00002712  mc_w.l(entry2.o)
    0x08000164   0x08000164   0x00000024   Code   RO         1359    .text               startup_gd32e10x.o
    0x08000188   0x08000188   0x0000000c   Code   RO         1935    .text               mc_w.l(tolower.o)
    0x08000194   0x08000194   0x00000024   Code   RO         1937    .text               mc_w.l(memcpya.o)
    0x080001b8   0x080001b8   0x00000024   Code   RO         1939    .text               mc_w.l(memseta.o)
    0x080001dc   0x080001dc   0x0000000e   Code   RO         1941    .text               mc_w.l(strlen.o)
    0x080001ea   0x080001ea   0x0000001e   Code   RO         1945    .text               mc_w.l(strncmp.o)
    0x08000208   0x08000208   0x00000360   Code   RO         2242    .text               mc_w.l(scanf_fp.o)
    0x08000568   0x08000568   0x0000001a   Code   RO         2246    .text               mc_w.l(atoi.o)
    0x08000582   0x08000582   0x00000036   Code   RO         2248    .text               mf_w.l(dcmple.o)
    0x080005b8   0x080005b8   0x00000036   Code   RO         2250    .text               mf_w.l(dcmpge.o)
    0x080005ee   0x080005ee   0x0000003e   Code   RO         2256    .text               mf_w.l(dfixi.o)
    0x0800062c   0x0800062c   0x00000026   Code   RO         2258    .text               mf_w.l(f2d.o)
    0x08000652   0x08000652   0x0000002c   Code   RO         2284    .text               mc_w.l(uidiv.o)
    0x0800067e   0x0800067e   0x00000062   Code   RO         2286    .text               mc_w.l(uldiv.o)
    0x080006e0   0x080006e0   0x00000020   Code   RO         2288    .text               mc_w.l(llushr.o)
    0x08000700   0x08000700   0x00000040   Code   RO         2301    .text               mc_w.l(_sgetc.o)
    0x08000740   0x08000740   0x000000a8   Code   RO         2303    .text               mc_w.l(strtod.o)
    0x080007e8   0x080007e8   0x00000070   Code   RO         2305    .text               mc_w.l(strtol.o)
    0x08000858   0x08000858   0x00000000   Code   RO         2307    .text               mc_w.l(iusefp.o)
    0x08000858   0x08000858   0x000000ba   Code   RO         2308    .text               mf_w.l(depilogue.o)
    0x08000912   0x08000912   0x0000014e   Code   RO         2310    .text               mf_w.l(dadd.o)
    0x08000a60   0x08000a60   0x000000e4   Code   RO         2312    .text               mf_w.l(dmul.o)
    0x08000b44   0x08000b44   0x000000de   Code   RO         2314    .text               mf_w.l(ddiv.o)
    0x08000c22   0x08000c22   0x00000018   Code   RO         2316    .text               mf_w.l(dfltul.o)
    0x08000c3a   0x08000c3a   0x00000030   Code   RO         2318    .text               mf_w.l(dfixul.o)
    0x08000c6a   0x08000c6a   0x00000002   PAD
    0x08000c6c   0x08000c6c   0x00000030   Code   RO         2320    .text               mf_w.l(cdrcmple.o)
    0x08000c9c   0x08000c9c   0x00000038   Code   RO         2322    .text               mf_w.l(d2f.o)
    0x08000cd4   0x08000cd4   0x00000024   Code   RO         2324    .text               mc_w.l(init.o)
    0x08000cf8   0x08000cf8   0x0000001e   Code   RO         2326    .text               mc_w.l(llshl.o)
    0x08000d16   0x08000d16   0x00000024   Code   RO         2328    .text               mc_w.l(llsshr.o)
    0x08000d3a   0x08000d3a   0x00000002   PAD
    0x08000d3c   0x08000d3c   0x00000008   Code   RO         2332    .text               mc_w.l(ctype_o.o)
    0x08000d44   0x08000d44   0x00000012   Code   RO         2354    .text               mc_w.l(isspace_o.o)
    0x08000d56   0x08000d56   0x0000009e   Code   RO         2362    .text               mc_w.l(_strtoul.o)
    0x08000df4   0x08000df4   0x0000006e   Code   RO         2364    .text               mf_w.l(fepilogue.o)
    0x08000e62   0x08000e62   0x0000001c   Code   RO         2369    .text               mc_w.l(_chval.o)
    0x08000e7e   0x08000e7e   0x00000002   PAD
    0x08000e80   0x08000e80   0x00000002   Code   RO           37    .text.BusFault_Handler  gd32e10x_it.o
    0x08000e82   0x08000e82   0x00000002   PAD
    0x08000e84   0x08000e84   0x00000094   Code   RO         1545    .text.Check_data_from_python  motor.o
    0x08000f18   0x08000f18   0x00000008   Code   RO         1500    .text.CircBuf_GetUsedSize  circular_buffer.o
    0x08000f20   0x08000f20   0x0000006e   Code   RO         1480    .text.CircBuf_Init  circular_buffer.o
    0x08000f8e   0x08000f8e   0x00000002   PAD
    0x08000f90   0x08000f90   0x00000044   Code   RO         1488    .text.CircBuf_Pop   circular_buffer.o
    0x08000fd4   0x08000fd4   0x00000046   Code   RO         1486    .text.CircBuf_Push  circular_buffer.o
    0x0800101a   0x0800101a   0x00000002   PAD
    0x0800101c   0x0800101c   0x00000026   Code   RO         1578    .text.DMA0_Channel0_IRQHandler  adc.o
    0x08001042   0x08001042   0x00000002   PAD
    0x08001044   0x08001044   0x00000030   Code   RO         1408    .text.DMA0_Channel1_IRQHandler  uart.o
    0x08001074   0x08001074   0x00000030   Code   RO         1410    .text.DMA0_Channel3_IRQHandler  uart.o
    0x080010a4   0x080010a4   0x00000026   Code   RO         1438    .text.DMA0_Channel4_IRQHandler  uart.o
    0x080010ca   0x080010ca   0x00000002   PAD
    0x080010cc   0x080010cc   0x00000030   Code   RO         1412    .text.DMA0_Channel6_IRQHandler  uart.o
    0x080010fc   0x080010fc   0x00000032   Code   RO         1414    .text.DMA1_Channel4_IRQHandler  uart.o
    0x0800112e   0x0800112e   0x00000002   PAD
    0x08001130   0x08001130   0x00000002   Code   RO           43    .text.DebugMon_Handler  gd32e10x_it.o
    0x08001132   0x08001132   0x00000002   PAD
    0x08001134   0x08001134   0x00000002   Code   RO           33    .text.HardFault_Handler  gd32e10x_it.o
    0x08001136   0x08001136   0x00000002   PAD
    0x08001138   0x08001138   0x00000002   Code   RO           35    .text.MemManage_Handler  gd32e10x_it.o
    0x0800113a   0x0800113a   0x00000002   PAD
    0x0800113c   0x0800113c   0x00000002   Code   RO           31    .text.NMI_Handler   gd32e10x_it.o
    0x0800113e   0x0800113e   0x00000002   PAD
    0x08001140   0x08001140   0x00000002   Code   RO           45    .text.PendSV_Handler  gd32e10x_it.o
    0x08001142   0x08001142   0x00000002   PAD
    0x08001144   0x08001144   0x00000002   Code   RO           41    .text.SVC_Handler   gd32e10x_it.o
    0x08001146   0x08001146   0x00000002   PAD
    0x08001148   0x08001148   0x00000004   Code   RO           47    .text.SysTick_Handler  gd32e10x_it.o
    0x0800114c   0x0800114c   0x0000014a   Code   RO           84    .text.SystemInit    system_gd32e10x.o
    0x08001296   0x08001296   0x00000002   PAD
    0x08001298   0x08001298   0x00000078   Code   RO           49    .text.TIMER2_IRQHandler  gd32e10x_it.o
    0x08001310   0x08001310   0x00000024   Code   RO            4    .text.TIMER3_IRQHandler  main.o
    0x08001334   0x08001334   0x0000007e   Code   RO         1436    .text.UART3_IRQHandler  uart.o
    0x080013b2   0x080013b2   0x00000002   PAD
    0x080013b4   0x080013b4   0x0000007c   Code   RO         1426    .text.USART0_IRQHandler  uart.o
    0x08001430   0x08001430   0x000000b0   Code   RO         1428    .text.USART1_IRQHandler  uart.o
    0x080014e0   0x080014e0   0x0000007c   Code   RO         1434    .text.USART2_IRQHandler  uart.o
    0x0800155c   0x0800155c   0x00000002   Code   RO           39    .text.UsageFault_Handler  gd32e10x_it.o
    0x0800155e   0x0800155e   0x00000002   PAD
    0x08001560   0x08001560   0x000000b8   Code   RO         1584    .text.adc_5init     adc.o
    0x08001618   0x08001618   0x0000004a   Code   RO          109    .text.adc_calibration_enable  gd32e10x_adc.o
    0x08001662   0x08001662   0x00000002   PAD
    0x08001664   0x08001664   0x0000003a   Code   RO          129    .text.adc_channel_length_config  gd32e10x_adc.o
    0x0800169e   0x0800169e   0x00000002   PAD
    0x080016a0   0x080016a0   0x000000a2   Code   RO         1582    .text.adc_config    adc.o
    0x08001742   0x08001742   0x00000002   PAD
    0x08001744   0x08001744   0x00000012   Code   RO          103    .text.adc_data_alignment_config  gd32e10x_adc.o
    0x08001756   0x08001756   0x00000002   PAD
    0x08001758   0x08001758   0x00000036   Code   RO           97    .text.adc_deinit    gd32e10x_adc.o
    0x0800178e   0x0800178e   0x00000002   PAD
    0x08001790   0x08001790   0x0000000a   Code   RO          123    .text.adc_dma_mode_enable  gd32e10x_adc.o
    0x0800179a   0x0800179a   0x00000002   PAD
    0x0800179c   0x0800179c   0x00000012   Code   RO          105    .text.adc_enable    gd32e10x_adc.o
    0x080017ae   0x080017ae   0x00000002   PAD
    0x080017b0   0x080017b0   0x00000040   Code   RO          139    .text.adc_external_trigger_config  gd32e10x_adc.o
    0x080017f0   0x080017f0   0x00000022   Code   RO          137    .text.adc_external_trigger_source_config  gd32e10x_adc.o
    0x08001812   0x08001812   0x00000002   PAD
    0x08001814   0x08001814   0x00000018   Code   RO           99    .text.adc_mode_config  gd32e10x_adc.o
    0x0800182c   0x0800182c   0x000000a4   Code   RO          131    .text.adc_regular_channel_config  gd32e10x_adc.o
    0x080018d0   0x080018d0   0x0000001c   Code   RO          141    .text.adc_software_trigger_enable  gd32e10x_adc.o
    0x080018ec   0x080018ec   0x0000005c   Code   RO          101    .text.adc_special_function_config  gd32e10x_adc.o
    0x08001948   0x08001948   0x00000022   Code   RO         1902    .text.beep_init     relay.o
    0x0800196a   0x0800196a   0x00000002   PAD
    0x0800196c   0x0800196c   0x0000003e   Code   RO         1859    .text.board_free    priv_malloc.o
    0x080019aa   0x080019aa   0x00000002   PAD
    0x080019ac   0x080019ac   0x00000120   Code   RO         1855    .text.board_malloc  priv_malloc.o
    0x08001acc   0x08001acc   0x0000000a   Code   RO         1857    .text.board_realloc  priv_malloc.o
    0x08001ad6   0x08001ad6   0x00000002   PAD
    0x08001ad8   0x08001ad8   0x0000002a   Code   RO         1898    .text.bsp_relay_init  relay.o
    0x08001b02   0x08001b02   0x00000002   PAD
    0x08001b04   0x08001b04   0x00000050   Code   RO         1642    .text.cJSON_Delete  cjson.o
    0x08001b54   0x08001b54   0x00000050   Code   RO         1666    .text.cJSON_GetArrayItem  cjson.o
    0x08001ba4   0x08001ba4   0x00000034   Code   RO         1664    .text.cJSON_GetArraySize  cjson.o
    0x08001bd8   0x08001bd8   0x00000086   Code   RO         1668    .text.cJSON_GetObjectItem  cjson.o
    0x08001c5e   0x08001c5e   0x00000002   PAD
    0x08001c60   0x08001c60   0x00000014   Code   RO         1774    .text.cJSON_IsNumber  cjson.o
    0x08001c74   0x08001c74   0x00000008   Code   RO         1650    .text.cJSON_Parse   cjson.o
    0x08001c7c   0x08001c7c   0x000001a0   Code   RO         1646    .text.cJSON_ParseWithOpts  cjson.o
    0x08001e1c   0x08001e1c   0x0000000e   Code   RO         1812    .text.clean_test_location  getjson.o
    0x08001e2a   0x08001e2a   0x00000002   PAD
    0x08001e2c   0x08001e2c   0x0000000e   Code   RO         1601    .text.clear_pressure_state  pressure.o
    0x08001e3a   0x08001e3a   0x00000002   PAD
    0x08001e3c   0x08001e3c   0x00000024   Code   RO           18    .text.delay_1ms     systick.o
    0x08001e60   0x08001e60   0x00000018   Code   RO           20    .text.delay_decrement  systick.o
    0x08001e78   0x08001e78   0x00000024   Code   RO          477    .text.dma_channel_disable  gd32e10x_dma.o
    0x08001e9c   0x08001e9c   0x00000024   Code   RO          475    .text.dma_channel_enable  gd32e10x_dma.o
    0x08001ec0   0x08001ec0   0x00000024   Code   RO          469    .text.dma_circulation_disable  gd32e10x_dma.o
    0x08001ee4   0x08001ee4   0x00000024   Code   RO          467    .text.dma_circulation_enable  gd32e10x_dma.o
    0x08001f08   0x08001f08   0x0000003c   Code   RO          461    .text.dma_deinit    gd32e10x_dma.o
    0x08001f44   0x08001f44   0x00000074   Code   RO          465    .text.dma_init      gd32e10x_dma.o
    0x08001fb8   0x08001fb8   0x00000022   Code   RO          511    .text.dma_interrupt_enable  gd32e10x_dma.o
    0x08001fda   0x08001fda   0x00000002   PAD
    0x08001fdc   0x08001fdc   0x0000000e   Code   RO          509    .text.dma_interrupt_flag_clear  gd32e10x_dma.o
    0x08001fea   0x08001fea   0x00000002   PAD
    0x08001fec   0x08001fec   0x0000003a   Code   RO          507    .text.dma_interrupt_flag_get  gd32e10x_dma.o
    0x08002026   0x08002026   0x00000002   PAD
    0x08002028   0x08002028   0x0000001e   Code   RO          481    .text.dma_memory_address_config  gd32e10x_dma.o
    0x08002046   0x08002046   0x00000002   PAD
    0x08002048   0x08002048   0x00000024   Code   RO          473    .text.dma_memory_to_memory_disable  gd32e10x_dma.o
    0x0800206c   0x0800206c   0x0000001a   Code   RO          463    .text.dma_struct_para_init  gd32e10x_dma.o
    0x08002086   0x08002086   0x00000002   PAD
    0x08002088   0x08002088   0x00000020   Code   RO          483    .text.dma_transfer_number_config  gd32e10x_dma.o
    0x080020a8   0x080020a8   0x0000001e   Code   RO          485    .text.dma_transfer_number_get  gd32e10x_dma.o
    0x080020c6   0x080020c6   0x00000002   PAD
    0x080020c8   0x080020c8   0x00000148   Code   RO         1915    .text.dpm_run       dpm_rm550.o
    0x08002210   0x08002210   0x0000002c   Code   RO         1887    .text.esp32_run     gate.o
    0x0800223c   0x0800223c   0x00000024   Code   RO         1406    .text.fputc         uart.o
    0x08002260   0x08002260   0x0000002e   Code   RO         1877    .text.gate_init     gate.o
    0x0800228e   0x0800228e   0x00000002   PAD
    0x08002290   0x08002290   0x0000010c   Code   RO         1380    .text.gd_eval_com_init  uart.o
    0x0800239c   0x0800239c   0x00000210   Code   RO         1553    .text.getJsonTask   motor.o
    0x080025ac   0x080025ac   0x000001d8   Code   RO         1810    .text.get_Json_data  getjson.o
    0x08002784   0x08002784   0x00000020   Code   RO         1597    .text.get_pressure  pressure.o
    0x080027a4   0x080027a4   0x0000000e   Code   RO         1432    .text.get_pressure_uart  uart.o
    0x080027b2   0x080027b2   0x00000002   PAD
    0x080027b4   0x080027b4   0x0000000c   Code   RO         1818    .text.get_run_location  getjson.o
    0x080027c0   0x080027c0   0x0000000c   Code   RO         1816    .text.get_run_test_num  getjson.o
    0x080027cc   0x080027cc   0x0000000c   Code   RO         1814    .text.get_test_location  getjson.o
    0x080027d8   0x080027d8   0x00000004   Code   RO          679    .text.gpio_bit_reset  gd32e10x_gpio.o
    0x080027dc   0x080027dc   0x00000004   Code   RO          677    .text.gpio_bit_set  gd32e10x_gpio.o
    0x080027e0   0x080027e0   0x00000538   Code   RO          675    .text.gpio_init     gd32e10x_gpio.o
    0x08002d18   0x08002d18   0x0000007a   Code   RO          693    .text.gpio_pin_remap_config  gd32e10x_gpio.o
    0x08002d92   0x08002d92   0x00000002   PAD
    0x08002d94   0x08002d94   0x00000022   Code   RO         1904    .text.led_init      relay.o
    0x08002db6   0x08002db6   0x00000002   PAD
    0x08002db8   0x08002db8   0x0000011c   Code   RO            2    .text.main          main.o
    0x08002ed4   0x08002ed4   0x000000ca   Code   RO         1549    .text.moto_to_zero  motor.o
    0x08002f9e   0x08002f9e   0x00000002   PAD
    0x08002fa0   0x08002fa0   0x0000002c   Code   RO         1885    .text.motor1_run    gate.o
    0x08002fcc   0x08002fcc   0x00000080   Code   RO         1527    .text.motor_init    motor.o
    0x0800304c   0x0800304c   0x0000004a   Code   RO         1835    .text.my_mem_init   priv_malloc.o
    0x08003096   0x08003096   0x00000002   PAD
    0x08003098   0x08003098   0x000000a8   Code   RO         1837    .text.my_mem_perused  priv_malloc.o
    0x08003140   0x08003140   0x0000025e   Code   RO         1851    .text.myrealloc     priv_malloc.o
    0x0800339e   0x0800339e   0x00000002   PAD
    0x080033a0   0x080033a0   0x00000064   Code   RO          797    .text.nvic_irq_enable  gd32e10x_misc.o
    0x08003404   0x08003404   0x00000018   Code   RO          801    .text.nvic_vector_table_set  gd32e10x_misc.o
    0x0800341c   0x0800341c   0x000000fa   Code   RO         1790    .text.parse_hex4    cjson.o
    0x08003516   0x08003516   0x00000002   PAD
    0x08003518   0x08003518   0x000002ec   Code   RO         1788    .text.parse_string  cjson.o
    0x08003804   0x08003804   0x00000004   PAD
    0x08003808   0x08003808   0x0000071e   Code   RO         1648    .text.parse_value   cjson.o
    0x08003f26   0x08003f26   0x00000002   PAD
    0x08003f28   0x08003f28   0x0000003e   Code   RO         1599    .text.pressure_run  pressure.o
    0x08003f66   0x08003f66   0x00000002   PAD
    0x08003f68   0x08003f68   0x0000000e   Code   RO         1603    .text.pressure_start  pressure.o
    0x08003f76   0x08003f76   0x00000002   PAD
    0x08003f78   0x08003f78   0x00000082   Code   RO          896    .text.rcu_adc_clock_config  gd32e10x_rcu.o
    0x08003ffa   0x08003ffa   0x00000002   PAD
    0x08003ffc   0x08003ffc   0x00000110   Code   RO          938    .text.rcu_clock_freq_get  gd32e10x_rcu.o
    0x0800410c   0x0800410c   0x0000001e   Code   RO          856    .text.rcu_periph_clock_enable  gd32e10x_rcu.o
    0x0800412a   0x0800412a   0x00000002   PAD
    0x0800412c   0x0800412c   0x00000020   Code   RO          866    .text.rcu_periph_reset_disable  gd32e10x_rcu.o
    0x0800414c   0x0800414c   0x0000001e   Code   RO          864    .text.rcu_periph_reset_enable  gd32e10x_rcu.o
    0x0800416a   0x0800416a   0x00000002   PAD
    0x0800416c   0x0800416c   0x00000048   Code   RO         1900    .text.relay_run     relay.o
    0x080041b4   0x080041b4   0x00000014   Code   RO         1605    .text.return_pressure_state  pressure.o
    0x080041c8   0x080041c8   0x0000000c   Code   RO         1586    .text.return_zero_key  adc.o
    0x080041d4   0x080041d4   0x0000002c   Code   RO         1889    .text.rs485_run     gate.o
    0x08004200   0x08004200   0x0000002e   Code   RO         1535    .text.speed_counter  motor.o
    0x0800422e   0x0800422e   0x00000002   PAD
    0x08004230   0x08004230   0x00000048   Code   RO           16    .text.systick_config  systick.o
    0x08004278   0x08004278   0x00000208   Code   RO         1551    .text.testRunTask   motor.o
    0x08004480   0x08004480   0x0000000e   Code   RO         1171    .text.timer_channel_capture_value_register_read  gd32e10x_timer.o
    0x0800448e   0x0800448e   0x00000002   PAD
    0x08004490   0x08004490   0x00000006   Code   RO         1211    .text.timer_interrupt_flag_clear  gd32e10x_timer.o
    0x08004496   0x08004496   0x00000002   PAD
    0x08004498   0x08004498   0x00000016   Code   RO         1209    .text.timer_interrupt_flag_get  gd32e10x_timer.o
    0x080044ae   0x080044ae   0x00000002   PAD
    0x080044b0   0x080044b0   0x00000126   Code   RO         1378    .text.usart0_init   uart.o
    0x080045d6   0x080045d6   0x00000002   PAD
    0x080045d8   0x080045d8   0x00000136   Code   RO         1388    .text.usart1_init   uart.o
    0x0800470e   0x0800470e   0x00000002   PAD
    0x08004710   0x08004710   0x00000136   Code   RO         1394    .text.usart2_init   uart.o
    0x08004846   0x08004846   0x00000002   PAD
    0x08004848   0x08004848   0x0000006a   Code   RO         1227    .text.usart_baudrate_set  gd32e10x_usart.o
    0x080048b2   0x080048b2   0x00000002   PAD
    0x080048b4   0x080048b4   0x00000008   Code   RO         1253    .text.usart_data_transmit  gd32e10x_usart.o
    0x080048bc   0x080048bc   0x0000007a   Code   RO         1225    .text.usart_deinit  gd32e10x_usart.o
    0x08004936   0x08004936   0x00000002   PAD
    0x08004938   0x08004938   0x0000000c   Code   RO         1309    .text.usart_dma_receive_config  gd32e10x_usart.o
    0x08004944   0x08004944   0x0000017c   Code   RO         1416    .text.usart_dma_send_data  uart.o
    0x08004ac0   0x08004ac0   0x0000000c   Code   RO         1311    .text.usart_dma_transmit_config  gd32e10x_usart.o
    0x08004acc   0x08004acc   0x0000000a   Code   RO         1235    .text.usart_enable  gd32e10x_usart.o
    0x08004ad6   0x08004ad6   0x00000002   PAD
    0x08004ad8   0x08004ad8   0x00000010   Code   RO         1315    .text.usart_flag_get  gd32e10x_usart.o
    0x08004ae8   0x08004ae8   0x0000001a   Code   RO         1446    .text.usart_get_rx_data_count  uart.o
    0x08004b02   0x08004b02   0x00000002   PAD
    0x08004b04   0x08004b04   0x00000016   Code   RO         1319    .text.usart_interrupt_enable  gd32e10x_usart.o
    0x08004b1a   0x08004b1a   0x00000002   PAD
    0x08004b1c   0x08004b1c   0x00000022   Code   RO         1323    .text.usart_interrupt_flag_get  gd32e10x_usart.o
    0x08004b3e   0x08004b3e   0x00000002   PAD
    0x08004b40   0x08004b40   0x0000000c   Code   RO         1241    .text.usart_receive_config  gd32e10x_usart.o
    0x08004b4c   0x08004b4c   0x00000026   Code   RO         1430    .text.usart_recv    uart.o
    0x08004b72   0x08004b72   0x00000002   PAD
    0x08004b74   0x08004b74   0x0000000c   Code   RO         1239    .text.usart_transmit_config  gd32e10x_usart.o
    0x08004b80   0x08004b80   0x00000020   Code   RO         2182    i.__0printf         mc_w.l(printfa.o)
    0x08004ba0   0x08004ba0   0x00000028   Code   RO         2184    i.__0sprintf        mc_w.l(printfa.o)
    0x08004bc8   0x08004bc8   0x00000008   Code   RO         2292    i.__aeabi_errno_addr  mc_w.l(errno.o)
    0x08004bd0   0x08004bd0   0x00000028   Code   RO         1926    i.__hardfp_strtod   m_wm.l(strtod.o)
    0x08004bf8   0x08004bf8   0x0000000e   Code   RO         2373    i.__scatterload_copy  mc_w.l(handlers.o)
    0x08004c06   0x08004c06   0x00000002   Code   RO         2374    i.__scatterload_null  mc_w.l(handlers.o)
    0x08004c08   0x08004c08   0x0000000e   Code   RO         2375    i.__scatterload_zeroinit  mc_w.l(handlers.o)
    0x08004c16   0x08004c16   0x00000002   PAD
    0x08004c18   0x08004c18   0x00000184   Code   RO         2189    i._fp_digits        mc_w.l(printfa.o)
    0x08004d9c   0x08004d9c   0x0000000e   Code   RO         2244    i._is_digit         mc_w.l(scanf_fp.o)
    0x08004daa   0x08004daa   0x00000002   PAD
    0x08004dac   0x08004dac   0x000006dc   Code   RO         2190    i._printf_core      mc_w.l(printfa.o)
    0x08005488   0x08005488   0x00000024   Code   RO         2191    i._printf_post_padding  mc_w.l(printfa.o)
    0x080054ac   0x080054ac   0x0000002e   Code   RO         2192    i._printf_pre_padding  mc_w.l(printfa.o)
    0x080054da   0x080054da   0x0000000a   Code   RO         2194    i._sputc            mc_w.l(printfa.o)
    0x080054e4   0x080054e4   0x00000081   Data   RO         2333    .constdata          mc_w.l(ctype_o.o)
    0x08005565   0x08005565   0x00000003   PAD
    0x08005568   0x08005568   0x00000004   Data   RO         2334    .constdata          mc_w.l(ctype_o.o)
    0x0800556c   0x0800556c   0x00000010   Data   RO         1463    .rodata..Lswitch.table.usart_rx_probe  uart.o
    0x0800557c   0x0800557c   0x00000008   Data   RO          940    .rodata.cst8        gd32e10x_rcu.o
    0x08005584   0x08005584   0x00000008   Data   RO         1862    .rodata.memblksize  priv_malloc.o
    0x0800558c   0x0800558c   0x00000008   Data   RO         1863    .rodata.memsize     priv_malloc.o
    0x08005594   0x08005594   0x00000008   Data   RO         1861    .rodata.memtblsize  priv_malloc.o
    0x0800559c   0x0800559c   0x00000026   Data   RO         1563    .rodata.str1.1      motor.o
    0x080055c2   0x080055c2   0x00000010   Data   RO         1798    .rodata.str1.1      cjson.o
    0x080055d2   0x080055d2   0x0000002e   Data   RO         1826    .rodata.str1.1      getjson.o
    0x08005600   0x08005600   0x00000009   Data   RO         1917    .rodata.str1.1      dpm_rm550.o
    0x08005609   0x08005609   0x00000003   PAD
    0x0800560c   0x0800560c   0x00000020   Data   RO         2372    Region$$Table       anon$$obj.o


    Execution Region RW_IRAM1 (Exec base: 0x20000000, Load base: 0x08005640, Size: 0x00007850, Max: 0x00008000, ABSOLUTE)

    Exec Addr    Load Addr    Size         Type   Attr      Idx    E Section Name        Object

    0x20000000   0x08005640   0x00000004   Data   RW         2274    .data               mc_w.l(stdout.o)
    0x20000004   0x08005644   0x00000004   Data   RW         2295    .data               mc_w.l(errno.o)
    0x20000008   0x08005648   0x00000004   Data   RW         1464    .data..L_MergedGlobals  uart.o
    0x2000000c   0x0800564c   0x00000008   Data   RW         1565    .data..L_MergedGlobals  motor.o
    0x20000014   0x08005654   0x00000004   Data   RW           88    .data.SystemCoreClock  system_gd32e10x.o
    0x20000018   0x08005658   0x0000000c   Data   RW         1797    .data.global_hooks  cjson.o
    0x20000024   0x08005664   0x0000001c   Data   RW         1868    .data.mallco_dev    priv_malloc.o
    0x20000040        -       0x0000000c   Zero   RW           51    .bss..L_MergedGlobals  gd32e10x_it.o
    0x2000004c        -       0x00000008   Zero   RW         1799    .bss..L_MergedGlobals  cjson.o
    0x20000054        -       0x00000044   Zero   RW         1465    .bss..L_MergedGlobals.1  uart.o
    0x20000098        -       0x00000037   Zero   RW         1566    .bss..L_MergedGlobals.7  motor.o
    0x200000cf        -       0x00000200   Zero   RW         1458    .bss.USART0_RX_CACHE_BUFFER  uart.o
    0x200002cf        -       0x00000200   Zero   RW         1450    .bss.USART0_RxBuff  uart.o
    0x200004cf        -       0x00000200   Zero   RW         1451    .bss.USART0_TxBuff  uart.o
    0x200006cf        -       0x00000200   Zero   RW         1459    .bss.USART1_RX_CACHE_BUFFER  uart.o
    0x200008cf        -       0x00000200   Zero   RW         1452    .bss.USART1_RxBuff  uart.o
    0x20000acf        -       0x00000200   Zero   RW         1453    .bss.USART1_TxBuff  uart.o
    0x20000ccf        -       0x00000200   Zero   RW         1460    .bss.USART2_RX_CACHE_BUFFER  uart.o
    0x20000ecf        -       0x00000200   Zero   RW         1454    .bss.USART2_RxBuff  uart.o
    0x200010cf        -       0x00000200   Zero   RW         1455    .bss.USART2_TxBuff  uart.o
    0x200012cf        -       0x00000200   Zero   RW         1461    .bss.USART3_RX_CACHE_BUFFER  uart.o
    0x200014cf   0x08005680   0x00000001   PAD
    0x200014d0        -       0x00000006   Zero   RW         1588    .bss.Vol_Value      adc.o
    0x200014d6   0x08005680   0x00000002   PAD
    0x200014d8        -       0x00000004   Zero   RW           22    .bss.delay          systick.o
    0x200014dc        -       0x00000080   Zero   RW         1558    .bss.get_motor      motor.o
    0x2000155c        -       0x00000080   Zero   RW         1462    .bss.get_press      uart.o
    0x200015dc        -       0x00000008   Zero   RW         1608    .bss.get_pressure.motor_res  pressure.o
    0x200015e4        -       0x00000010   Zero   RW         1825    .bss.jsondata       getjson.o
    0x200015f4   0x08005680   0x0000000c   PAD
    0x20001600        -       0x00005000   Zero   RW         1864    .bss.mem1base       priv_malloc.o
    0x20006600        -       0x00000a00   Zero   RW         1866    .bss.mem1mapbase    priv_malloc.o
    0x20007000        -       0x00000040   Zero   RW         1865    .bss.mem2base       priv_malloc.o
    0x20007040        -       0x00000004   Zero   RW         1867    .bss.mem2mapbase    priv_malloc.o
    0x20007044        -       0x00000004   Zero   RW         1607    .bss.pressure_state  pressure.o
    0x20007048        -       0x00000004   Zero   RW         1906    .bss.relay_run.flag  relay.o
    0x2000704c        -       0x00000004   Zero   RW            7    .bss.time_1ms       main.o
    0x20007050        -       0x00000400   Zero   RW         1824    .bss.uart_rx_buffer  getjson.o
    0x20007450        -       0x00000400   Zero   RW         1356    STACK               startup_gd32e10x.o


==============================================================================

Image component sizes


      Code (inc. data)   RO Data    RW Data    ZI Data      Debug   Object Name

       396          0          0          0          6       2908   adc.o
       256          0          0          0          0       5481   circular_buffer.o
      3610        248         16         12          8      66845   cjson.o
       328          8          9          0          0       1193   dpm_rm550.o
       178          0          0          0          0       1915   gate.o
       638          0          0          0          0      10019   gd32e10x_adc.o
       580          0          0          0          0       7716   gd32e10x_dma.o
      1466          0          0          0          0       8756   gd32e10x_gpio.o
       140          0          0          0         12       1565   gd32e10x_it.o
       124          0          0          0          0       3392   gd32e10x_misc.o
       494         20          8          0          0      16512   gd32e10x_rcu.o
        42          0          0          0          0      20440   gd32e10x_timer.o
       366          0          0          0          0      12242   gd32e10x_usart.o
       522        152         46          0       1040       3200   getjson.o
       320         12          0          0          4        878   main.o
      1572         72         38          8        183       6044   motor.o
       142          0          0          0         12       1218   pressure.o
      1208          0         24         28      23108      11378   priv_malloc.o
       182          0          0          0          4       1858   relay.o
        36          8        336          0       1024        908   startup_gd32e10x.o
       330          0          0          4          0       2635   system_gd32e10x.o
       132          0          0          0          4       3979   systick.o
      2458         68         16          4       5316      15080   uart.o

    ----------------------------------------------------------------------
     15652        588        528         56      30736     206162   Object Totals
         0          0         32          0          0          0   (incl. Generated)
       132          0          3          0         15          0   (incl. Padding)

    ----------------------------------------------------------------------

      Code (inc. data)   RO Data    RW Data    ZI Data      Debug   Library Member Name

        40          8          0          0          0        128   strtod.o
        28          0          0          0          0         68   _chval.o
        64          0          0          0          0         84   _sgetc.o
       158          0          0          0          0         92   _strtoul.o
        26          0          0          0          0         80   atoi.o
         8          4        133          0          0         68   ctype_o.o
         0          0          0          0          0          0   entry.o
         0          0          0          0          0          0   entry10a.o
         0          0          0          0          0          0   entry11a.o
         8          4          0          0          0          0   entry2.o
         4          0          0          0          0          0   entry5.o
         0          0          0          0          0          0   entry7b.o
         0          0          0          0          0          0   entry8b.o
         8          4          0          0          0          0   entry9a.o
         8          4          0          4          0         68   errno.o
        30          0          0          0          0          0   handlers.o
        36          8          0          0          0         68   init.o
        18          0          0          0          0         76   isspace_o.o
         0          0          0          0          0          0   iusefp.o
        30          0          0          0          0         68   llshl.o
        36          0          0          0          0         68   llsshr.o
        32          0          0          0          0         68   llushr.o
        36          0          0          0          0         68   memcpya.o
        36          0          0          0          0        108   memseta.o
      2308         96          0          0          0        604   printfa.o
       878         12          0          0          0        216   scanf_fp.o
         0          0          0          4          0          0   stdout.o
        14          0          0          0          0         68   strlen.o
        30          0          0          0          0         80   strncmp.o
       168         12          0          0          0        124   strtod.o
       112          0          0          0          0         88   strtol.o
        12          0          0          0          0         68   tolower.o
        44          0          0          0          0         80   uidiv.o
        98          0          0          0          0         92   uldiv.o
        48          0          0          0          0         68   cdrcmple.o
        56          0          0          0          0         88   d2f.o
       334          0          0          0          0        148   dadd.o
        54          0          0          0          0         80   dcmpge.o
        54          0          0          0          0         80   dcmple.o
       222          0          0          0          0        100   ddiv.o
       186          0          0          0          0        176   depilogue.o
        62          0          0          0          0         80   dfixi.o
        48          0          0          0          0         68   dfixul.o
        24          0          0          0          0         76   dfltul.o
       228          0          0          0          0         96   dmul.o
        38          0          0          0          0         68   f2d.o
       110          0          0          0          0        168   fepilogue.o

    ----------------------------------------------------------------------
      5744        152        136          8          0       3828   Library Totals
        10          0          3          0          0          0   (incl. Padding)

    ----------------------------------------------------------------------

      Code (inc. data)   RO Data    RW Data    ZI Data      Debug   Library Name

        40          8          0          0          0        128   m_wm.l
      4230        144        133          8          0       2404   mc_w.l
      1464          0          0          0          0       1296   mf_w.l

    ----------------------------------------------------------------------
      5744        152        136          8          0       3828   Library Totals

    ----------------------------------------------------------------------

==============================================================================


      Code (inc. data)   RO Data    RW Data    ZI Data      Debug   

     21396        740        664         64      30736     207882   Grand Totals
     21396        740        664         64      30736     207882   ELF Image Totals
     21396        740        664         64          0          0   ROM Totals

==============================================================================

    Total RO  Size (Code + RO Data)                22060 (  21.54kB)
    Total RW  Size (RW Data + ZI Data)             30800 (  30.08kB)
    Total ROM Size (Code + RO Data + RW Data)      22124 (  21.61kB)

==============================================================================

