Component: ARM Compiler 6.15 Tool: armlink [5dd79300]

==============================================================================

Section Cross References

    main.o(.text.main) refers to systick.o(.text.systick_config) for systick_config
    main.o(.text.main) refers to uart.o(.text.usart0_init) for usart0_init
    main.o(.text.main) refers to uart.o(.text.usart2_init) for usart2_init
    main.o(.text.main) refers to adc.o(.text.adc_5init) for adc_5init
    main.o(.text.main) refers to motor.o(.text.motor_init) for motor_init
    main.o(.text.main) refers to main.o(.bss.time_1ms) for time_1ms
    main.o(.text.main) refers to systick.o(.text.delay_1ms) for delay_1ms
    main.o(.text.main) refers to motor.o(.text.Check_data_from_python) for Check_data_from_python
    main.o(.text.main) refers to pressure.o(.text.get_pressure) for get_pressure
    main.o(.text.main) refers to uniaxial.o(.text.demo) for demo
    main.o(.ARM.exidx.text.main) refers to main.o(.text.main) for [Anonymous Symbol]
    main.o(.text.TIMER3_IRQHandler) refers to gd32e10x_timer.o(.text.timer_interrupt_flag_get) for timer_interrupt_flag_get
    main.o(.text.TIMER3_IRQHandler) refers to gd32e10x_timer.o(.text.timer_interrupt_flag_clear) for timer_interrupt_flag_clear
    main.o(.ARM.exidx.text.TIMER3_IRQHandler) refers to main.o(.text.TIMER3_IRQHandler) for [Anonymous Symbol]
    systick.o(.text.systick_config) refers to system_gd32e10x.o(.data.SystemCoreClock) for SystemCoreClock
    systick.o(.ARM.exidx.text.systick_config) refers to systick.o(.text.systick_config) for [Anonymous Symbol]
    systick.o(.text.delay_1ms) refers to systick.o(.bss.delay) for delay
    systick.o(.ARM.exidx.text.delay_1ms) refers to systick.o(.text.delay_1ms) for [Anonymous Symbol]
    systick.o(.text.delay_decrement) refers to systick.o(.bss.delay) for delay
    systick.o(.ARM.exidx.text.delay_decrement) refers to systick.o(.text.delay_decrement) for [Anonymous Symbol]
    gd32e10x_it.o(.ARM.exidx.text.NMI_Handler) refers to gd32e10x_it.o(.text.NMI_Handler) for [Anonymous Symbol]
    gd32e10x_it.o(.ARM.exidx.text.HardFault_Handler) refers to gd32e10x_it.o(.text.HardFault_Handler) for [Anonymous Symbol]
    gd32e10x_it.o(.ARM.exidx.text.MemManage_Handler) refers to gd32e10x_it.o(.text.MemManage_Handler) for [Anonymous Symbol]
    gd32e10x_it.o(.ARM.exidx.text.BusFault_Handler) refers to gd32e10x_it.o(.text.BusFault_Handler) for [Anonymous Symbol]
    gd32e10x_it.o(.ARM.exidx.text.UsageFault_Handler) refers to gd32e10x_it.o(.text.UsageFault_Handler) for [Anonymous Symbol]
    gd32e10x_it.o(.ARM.exidx.text.SVC_Handler) refers to gd32e10x_it.o(.text.SVC_Handler) for [Anonymous Symbol]
    gd32e10x_it.o(.ARM.exidx.text.DebugMon_Handler) refers to gd32e10x_it.o(.text.DebugMon_Handler) for [Anonymous Symbol]
    gd32e10x_it.o(.ARM.exidx.text.PendSV_Handler) refers to gd32e10x_it.o(.text.PendSV_Handler) for [Anonymous Symbol]
    gd32e10x_it.o(.text.SysTick_Handler) refers to systick.o(.text.delay_decrement) for delay_decrement
    gd32e10x_it.o(.ARM.exidx.text.SysTick_Handler) refers to gd32e10x_it.o(.text.SysTick_Handler) for [Anonymous Symbol]
    gd32e10x_it.o(.text.TIMER2_IRQHandler) refers to gd32e10x_timer.o(.text.timer_interrupt_flag_get) for timer_interrupt_flag_get
    gd32e10x_it.o(.text.TIMER2_IRQHandler) refers to gd32e10x_timer.o(.text.timer_interrupt_flag_clear) for timer_interrupt_flag_clear
    gd32e10x_it.o(.text.TIMER2_IRQHandler) refers to gd32e10x_it.o(.bss..L_MergedGlobals) for .L_MergedGlobals
    gd32e10x_it.o(.text.TIMER2_IRQHandler) refers to gd32e10x_timer.o(.text.timer_channel_capture_value_register_read) for timer_channel_capture_value_register_read
    gd32e10x_it.o(.ARM.exidx.text.TIMER2_IRQHandler) refers to gd32e10x_it.o(.text.TIMER2_IRQHandler) for [Anonymous Symbol]
    gd32e10x_hw.o(.text.usb_rcu_config) refers to gd32e10x_rcu.o(.text.rcu_clock_freq_get) for rcu_clock_freq_get
    gd32e10x_hw.o(.text.usb_rcu_config) refers to gd32e10x_hw.o(.data.timer_prescaler) for timer_prescaler
    gd32e10x_hw.o(.text.usb_rcu_config) refers to gd32e10x_hw.o(.bss.usbfs_prescaler) for usbfs_prescaler
    gd32e10x_hw.o(.text.usb_rcu_config) refers to gd32e10x_rcu.o(.text.rcu_usb_clock_config) for rcu_usb_clock_config
    gd32e10x_hw.o(.text.usb_rcu_config) refers to gd32e10x_rcu.o(.text.rcu_periph_clock_enable) for rcu_periph_clock_enable
    gd32e10x_hw.o(.ARM.exidx.text.usb_rcu_config) refers to gd32e10x_hw.o(.text.usb_rcu_config) for [Anonymous Symbol]
    gd32e10x_hw.o(.text.usb_intr_config) refers to gd32e10x_misc.o(.text.nvic_priority_group_set) for nvic_priority_group_set
    gd32e10x_hw.o(.text.usb_intr_config) refers to gd32e10x_misc.o(.text.nvic_irq_enable) for nvic_irq_enable
    gd32e10x_hw.o(.text.usb_intr_config) refers to gd32e10x_rcu.o(.text.rcu_periph_clock_enable) for rcu_periph_clock_enable
    gd32e10x_hw.o(.text.usb_intr_config) refers to gd32e10x_exti.o(.text.exti_interrupt_flag_clear) for exti_interrupt_flag_clear
[...]
    Removing gd32e10x_spi.o(.text.spi_bidirectional_transfer_config), (20 bytes).
    Removing gd32e10x_spi.o(.ARM.exidx.text.spi_bidirectional_transfer_config), (8 bytes).
    Removing gd32e10x_spi.o(.text.spi_crc_polynomial_set), (12 bytes).
    Removing gd32e10x_spi.o(.ARM.exidx.text.spi_crc_polynomial_set), (8 bytes).
    Removing gd32e10x_spi.o(.text.spi_crc_polynomial_get), (6 bytes).
    Removing gd32e10x_spi.o(.ARM.exidx.text.spi_crc_polynomial_get), (8 bytes).
    Removing gd32e10x_spi.o(.text.spi_crc_on), (10 bytes).
    Removing gd32e10x_spi.o(.ARM.exidx.text.spi_crc_on), (8 bytes).
    Removing gd32e10x_spi.o(.text.spi_crc_off), (10 bytes).
    Removing gd32e10x_spi.o(.ARM.exidx.text.spi_crc_off), (8 bytes).
    Removing gd32e10x_spi.o(.text.spi_crc_next), (10 bytes).
    Removing gd32e10x_spi.o(.ARM.exidx.text.spi_crc_next), (8 bytes).
    Removing gd32e10x_spi.o(.text.spi_crc_get), (14 bytes).
    Removing gd32e10x_spi.o(.ARM.exidx.text.spi_crc_get), (8 bytes).
    Removing gd32e10x_spi.o(.text.spi_ti_mode_enable), (10 bytes).
    Removing gd32e10x_spi.o(.ARM.exidx.text.spi_ti_mode_enable), (8 bytes).
    Removing gd32e10x_spi.o(.text.spi_ti_mode_disable), (10 bytes).
    Removing gd32e10x_spi.o(.ARM.exidx.text.spi_ti_mode_disable), (8 bytes).
    Removing gd32e10x_spi.o(.text.spi_nssp_mode_enable), (10 bytes).
    Removing gd32e10x_spi.o(.ARM.exidx.text.spi_nssp_mode_enable), (8 bytes).
    Removing gd32e10x_spi.o(.text.spi_nssp_mode_disable), (10 bytes).
    Removing gd32e10x_spi.o(.ARM.exidx.text.spi_nssp_mode_disable), (8 bytes).
    Removing gd32e10x_spi.o(.text.qspi_enable), (14 bytes).
    Removing gd32e10x_spi.o(.ARM.exidx.text.qspi_enable), (8 bytes).
    Removing gd32e10x_spi.o(.text.qspi_disable), (14 bytes).
    Removing gd32e10x_spi.o(.ARM.exidx.text.qspi_disable), (8 bytes).
    Removing gd32e10x_spi.o(.text.qspi_write_enable), (14 bytes).
    Removing gd32e10x_spi.o(.ARM.exidx.text.qspi_write_enable), (8 bytes).
    Removing gd32e10x_spi.o(.text.qspi_read_enable), (14 bytes).
    Removing gd32e10x_spi.o(.ARM.exidx.text.qspi_read_enable), (8 bytes).
    Removing gd32e10x_spi.o(.text.qspi_io23_output_enable), (14 bytes).
    Removing gd32e10x_spi.o(.ARM.exidx.text.qspi_io23_output_enable), (8 bytes).
    Removing gd32e10x_spi.o(.text.qspi_io23_output_disable), (14 bytes).
    Removing gd32e10x_spi.o(.ARM.exidx.text.qspi_io23_output_disable), (8 bytes).
    Removing gd32e10x_spi.o(.text.spi_i2s_interrupt_enable), (36 bytes).
    Removing gd32e10x_spi.o(.ARM.exidx.text.spi_i2s_interrupt_enable), (8 bytes).
    Removing gd32e10x_spi.o(.text.spi_i2s_interrupt_disable), (36 bytes).
    Removing gd32e10x_spi.o(.ARM.exidx.text.spi_i2s_interrupt_disable), (8 bytes).
    Removing gd32e10x_spi.o(.text.spi_i2s_interrupt_flag_get), (104 bytes).
    Removing gd32e10x_spi.o(.ARM.exidx.text.spi_i2s_interrupt_flag_get), (8 bytes).
    Removing gd32e10x_spi.o(.text.spi_i2s_flag_get), (10 bytes).
    Removing gd32e10x_spi.o(.ARM.exidx.text.spi_i2s_flag_get), (8 bytes).
    Removing gd32e10x_spi.o(.text.spi_crc_error_clear), (10 bytes).
    Removing gd32e10x_spi.o(.ARM.exidx.text.spi_crc_error_clear), (8 bytes).
    Removing gd32e10x_timer.o(.text), (0 bytes).
    Removing gd32e10x_timer.o(.text.timer_deinit), (328 bytes).
    Removing gd32e10x_timer.o(.ARM.exidx.text.timer_deinit), (8 bytes).
    Removing gd32e10x_timer.o(.text.timer_struct_para_init), (18 bytes).
    Removing gd32e10x_timer.o(.ARM.exidx.text.timer_struct_para_init), (8 bytes).
    Removing gd32e10x_timer.o(.text.timer_init), (192 bytes).
    Removing gd32e10x_timer.o(.ARM.exidx.text.timer_init), (8 bytes).
    Removing gd32e10x_timer.o(.text.timer_enable), (10 bytes).
    Removing gd32e10x_timer.o(.ARM.exidx.text.timer_enable), (8 bytes).
    Removing gd32e10x_timer.o(.text.timer_disable), (10 bytes).
    Removing gd32e10x_timer.o(.ARM.exidx.text.timer_disable), (8 bytes).
    Removing gd32e10x_timer.o(.text.timer_auto_reload_shadow_enable), (10 bytes).
    Removing gd32e10x_timer.o(.ARM.exidx.text.timer_auto_reload_shadow_enable), (8 bytes).
    Removing gd32e10x_timer.o(.text.timer_auto_reload_shadow_disable), (10 bytes).
    Removing gd32e10x_timer.o(.ARM.exidx.text.timer_auto_reload_shadow_disable), (8 bytes).
    Removing gd32e10x_timer.o(.text.timer_update_event_enable), (10 bytes).
    Removing gd32e10x_timer.o(.ARM.exidx.text.timer_update_event_enable), (8 bytes).
    Removing gd32e10x_timer.o(.text.timer_update_event_disable), (10 bytes).
    Removing gd32e10x_timer.o(.ARM.exidx.text.timer_update_event_disable), (8 bytes).
    Removing gd32e10x_timer.o(.text.timer_counter_alignment), (16 bytes).
    Removing gd32e10x_timer.o(.ARM.exidx.text.timer_counter_alignment), (8 bytes).
    Removing gd32e10x_timer.o(.text.timer_counter_up_direction), (10 bytes).
    Removing gd32e10x_timer.o(.ARM.exidx.text.timer_counter_up_direction), (8 bytes).
    Removing gd32e10x_timer.o(.text.timer_counter_down_direction), (10 bytes).
    Removing gd32e10x_timer.o(.ARM.exidx.text.timer_counter_down_direction), (8 bytes).
    Removing gd32e10x_timer.o(.text.timer_prescaler_config), (18 bytes).
    Removing gd32e10x_timer.o(.ARM.exidx.text.timer_prescaler_config), (8 bytes).
    Removing gd32e10x_timer.o(.text.timer_repetition_value_config), (4 bytes).
    Removing gd32e10x_timer.o(.ARM.exidx.text.timer_repetition_value_config), (8 bytes).
    Removing gd32e10x_timer.o(.text.timer_autoreload_value_config), (4 bytes).
    Removing gd32e10x_timer.o(.ARM.exidx.text.timer_autoreload_value_config), (8 bytes).
    Removing gd32e10x_timer.o(.text.timer_counter_value_config), (4 bytes).
    Removing gd32e10x_timer.o(.ARM.exidx.text.timer_counter_value_config), (8 bytes).
    Removing gd32e10x_timer.o(.text.timer_counter_read), (4 bytes).
    Removing gd32e10x_timer.o(.ARM.exidx.text.timer_counter_read), (8 bytes).
    Removing gd32e10x_timer.o(.text.timer_prescaler_read), (6 bytes).
    Removing gd32e10x_timer.o(.ARM.exidx.text.timer_prescaler_read), (8 bytes).
    Removing gd32e10x_timer.o(.text.timer_single_pulse_mode_config), (28 bytes).
    Removing gd32e10x_timer.o(.ARM.exidx.text.timer_single_pulse_mode_config), (8 bytes).
    Removing gd32e10x_timer.o(.text.timer_update_source_config), (28 bytes).
    Removing gd32e10x_timer.o(.ARM.exidx.text.timer_update_source_config), (8 bytes).
    Removing gd32e10x_timer.o(.text.timer_dma_enable), (8 bytes).
    Removing gd32e10x_timer.o(.ARM.exidx.text.timer_dma_enable), (8 bytes).
    Removing gd32e10x_timer.o(.text.timer_dma_disable), (10 bytes).
    Removing gd32e10x_timer.o(.ARM.exidx.text.timer_dma_disable), (8 bytes).
    Removing gd32e10x_timer.o(.text.timer_channel_dma_request_source_select), (28 bytes).
    Removing gd32e10x_timer.o(.ARM.exidx.text.timer_channel_dma_request_source_select), (8 bytes).
    Removing gd32e10x_timer.o(.text.timer_dma_transfer_config), (24 bytes).
    Removing gd32e10x_timer.o(.ARM.exidx.text.timer_dma_transfer_config), (8 bytes).
    Removing gd32e10x_timer.o(.text.timer_event_software_generate), (8 bytes).
    Removing gd32e10x_timer.o(.ARM.exidx.text.timer_event_software_generate), (8 bytes).
    Removing gd32e10x_timer.o(.text.timer_break_struct_para_init), (12 bytes).
    Removing gd32e10x_timer.o(.ARM.exidx.text.timer_break_struct_para_init), (8 bytes).
    Removing gd32e10x_timer.o(.text.timer_break_config), (38 bytes).
    Removing gd32e10x_timer.o(.ARM.exidx.text.timer_break_config), (8 bytes).
    Removing gd32e10x_timer.o(.text.timer_break_enable), (10 bytes).
    Removing gd32e10x_timer.o(.ARM.exidx.text.timer_break_enable), (8 bytes).
    Removing gd32e10x_timer.o(.text.timer_break_disable), (10 bytes).
    Removing gd32e10x_timer.o(.ARM.exidx.text.timer_break_disable), (8 bytes).
    Removing gd32e10x_timer.o(.text.timer_automatic_output_enable), (10 bytes).
    Removing gd32e10x_timer.o(.ARM.exidx.text.timer_automatic_output_enable), (8 bytes).
    Removing gd32e10x_timer.o(.text.timer_automatic_output_disable), (10 bytes).
    Removing gd32e10x_timer.o(.ARM.exidx.text.timer_automatic_output_disable), (8 bytes).
    Removing gd32e10x_timer.o(.text.timer_primary_output_config), (18 bytes).
    Removing gd32e10x_timer.o(.ARM.exidx.text.timer_primary_output_config), (8 bytes).
    Removing gd32e10x_timer.o(.text.timer_channel_control_shadow_config), (16 bytes).
    Removing gd32e10x_timer.o(.ARM.exidx.text.timer_channel_control_shadow_config), (8 bytes).
    Removing gd32e10x_timer.o(.text.timer_channel_control_shadow_update_config), (30 bytes).
    Removing gd32e10x_timer.o(.ARM.exidx.text.timer_channel_control_shadow_update_config), (8 bytes).
    Removing gd32e10x_timer.o(.text.timer_channel_output_struct_para_init), (10 bytes).
    Removing gd32e10x_timer.o(.ARM.exidx.text.timer_channel_output_struct_para_init), (8 bytes).
    Removing gd32e10x_timer.o(.text.timer_channel_output_config), (522 bytes).
    Removing gd32e10x_timer.o(.ARM.exidx.text.timer_channel_output_config), (8 bytes).
    Removing gd32e10x_timer.o(.text.timer_channel_output_mode_config), (56 bytes).
    Removing gd32e10x_timer.o(.ARM.exidx.text.timer_channel_output_mode_config), (8 bytes).
    Removing gd32e10x_timer.o(.text.timer_channel_output_pulse_value_config), (12 bytes).
    Removing gd32e10x_timer.o(.ARM.exidx.text.timer_channel_output_pulse_value_config), (8 bytes).
    Removing gd32e10x_timer.o(.text.timer_channel_output_shadow_config), (56 bytes).
    Removing gd32e10x_timer.o(.ARM.exidx.text.timer_channel_output_shadow_config), (8 bytes).
    Removing gd32e10x_timer.o(.text.timer_channel_output_fast_config), (56 bytes).
    Removing gd32e10x_timer.o(.ARM.exidx.text.timer_channel_output_fast_config), (8 bytes).
    Removing gd32e10x_timer.o(.text.timer_channel_output_clear_config), (56 bytes).
    Removing gd32e10x_timer.o(.ARM.exidx.text.timer_channel_output_clear_config), (8 bytes).
    Removing gd32e10x_timer.o(.text.timer_channel_output_polarity_config), (68 bytes).
    Removing gd32e10x_timer.o(.ARM.exidx.text.timer_channel_output_polarity_config), (8 bytes).
    Removing gd32e10x_timer.o(.text.timer_channel_complementary_output_polarity_config), (56 bytes).
    Removing gd32e10x_timer.o(.ARM.exidx.text.timer_channel_complementary_output_polarity_config), (8 bytes).
    Removing gd32e10x_timer.o(.text.timer_channel_output_state_config), (68 bytes).
    Removing gd32e10x_timer.o(.ARM.exidx.text.timer_channel_output_state_config), (8 bytes).
    Removing gd32e10x_timer.o(.text.timer_channel_complementary_output_state_config), (56 bytes).
    Removing gd32e10x_timer.o(.ARM.exidx.text.timer_channel_complementary_output_state_config), (8 bytes).
    Removing gd32e10x_timer.o(.text.timer_channel_input_struct_para_init), (12 bytes).
    Removing gd32e10x_timer.o(.ARM.exidx.text.timer_channel_input_struct_para_init), (8 bytes).
    Removing gd32e10x_timer.o(.text.timer_input_capture_config), (354 bytes).
    Removing gd32e10x_timer.o(.ARM.exidx.text.timer_input_capture_config), (8 bytes).
    Removing gd32e10x_timer.o(.text.timer_channel_input_capture_prescaler_config), (56 bytes).
    Removing gd32e10x_timer.o(.ARM.exidx.text.timer_channel_input_capture_prescaler_config), (8 bytes).
    Removing gd32e10x_timer.o(.ARM.exidx.text.timer_channel_capture_value_register_read), (8 bytes).
    Removing gd32e10x_timer.o(.text.timer_input_pwm_capture_config), (362 bytes).
    Removing gd32e10x_timer.o(.ARM.exidx.text.timer_input_pwm_capture_config), (8 bytes).
    Removing gd32e10x_timer.o(.text.timer_hall_mode_config), (28 bytes).
    Removing gd32e10x_timer.o(.ARM.exidx.text.timer_hall_mode_config), (8 bytes).
    Removing gd32e10x_timer.o(.text.timer_input_trigger_source_select), (16 bytes).
    Removing gd32e10x_timer.o(.ARM.exidx.text.timer_input_trigger_source_select), (8 bytes).
    Removing gd32e10x_timer.o(.text.timer_master_output_trigger_source_select), (16 bytes).
    Removing gd32e10x_timer.o(.ARM.exidx.text.timer_master_output_trigger_source_select), (8 bytes).
    Removing gd32e10x_timer.o(.text.timer_slave_mode_select), (16 bytes).
    Removing gd32e10x_timer.o(.ARM.exidx.text.timer_slave_mode_select), (8 bytes).
    Removing gd32e10x_timer.o(.text.timer_master_slave_mode_config), (28 bytes).
    Removing gd32e10x_timer.o(.ARM.exidx.text.timer_master_slave_mode_config), (8 bytes).
    Removing gd32e10x_timer.o(.text.timer_external_trigger_config), (34 bytes).
    Removing gd32e10x_timer.o(.ARM.exidx.text.timer_external_trigger_config), (8 bytes).
    Removing gd32e10x_timer.o(.text.timer_quadrature_decoder_mode_config), (78 bytes).
    Removing gd32e10x_timer.o(.ARM.exidx.text.timer_quadrature_decoder_mode_config), (8 bytes).
    Removing gd32e10x_timer.o(.text.timer_internal_clock_config), (10 bytes).
    Removing gd32e10x_timer.o(.ARM.exidx.text.timer_internal_clock_config), (8 bytes).
    Removing gd32e10x_timer.o(.text.timer_internal_trigger_as_external_clock_config), (32 bytes).
    Removing gd32e10x_timer.o(.ARM.exidx.text.timer_internal_trigger_as_external_clock_config), (8 bytes).
    Removing gd32e10x_timer.o(.text.timer_external_trigger_as_external_clock_config), (148 bytes).
    Removing gd32e10x_timer.o(.ARM.exidx.text.timer_external_trigger_as_external_clock_config), (8 bytes).
    Removing gd32e10x_timer.o(.text.timer_external_clock_mode0_config), (50 bytes).
    Removing gd32e10x_timer.o(.ARM.exidx.text.timer_external_clock_mode0_config), (8 bytes).
    Removing gd32e10x_timer.o(.text.timer_external_clock_mode1_config), (42 bytes).
    Removing gd32e10x_timer.o(.ARM.exidx.text.timer_external_clock_mode1_config), (8 bytes).
    Removing gd32e10x_timer.o(.text.timer_external_clock_mode1_disable), (10 bytes).
    Removing gd32e10x_timer.o(.ARM.exidx.text.timer_external_clock_mode1_disable), (8 bytes).
    Removing gd32e10x_timer.o(.text.timer_write_chxval_register_config), (36 bytes).
    Removing gd32e10x_timer.o(.ARM.exidx.text.timer_write_chxval_register_config), (8 bytes).
    Removing gd32e10x_timer.o(.text.timer_output_value_selection_config), (36 bytes).
    Removing gd32e10x_timer.o(.ARM.exidx.text.timer_output_value_selection_config), (8 bytes).
    Removing gd32e10x_timer.o(.text.timer_interrupt_enable), (8 bytes).
    Removing gd32e10x_timer.o(.ARM.exidx.text.timer_interrupt_enable), (8 bytes).
    Removing gd32e10x_timer.o(.text.timer_interrupt_disable), (10 bytes).
    Removing gd32e10x_timer.o(.ARM.exidx.text.timer_interrupt_disable), (8 bytes).
    Removing gd32e10x_timer.o(.ARM.exidx.text.timer_interrupt_flag_get), (8 bytes).
    Removing gd32e10x_timer.o(.ARM.exidx.text.timer_interrupt_flag_clear), (8 bytes).
    Removing gd32e10x_timer.o(.text.timer_flag_get), (10 bytes).
    Removing gd32e10x_timer.o(.ARM.exidx.text.timer_flag_get), (8 bytes).
    Removing gd32e10x_timer.o(.text.timer_flag_clear), (6 bytes).
    Removing gd32e10x_timer.o(.ARM.exidx.text.timer_flag_clear), (8 bytes).
    Removing gd32e10x_usart.o(.text), (0 bytes).
    Removing gd32e10x_usart.o(.ARM.exidx.text.usart_deinit), (8 bytes).
    Removing gd32e10x_usart.o(.ARM.exidx.text.usart_baudrate_set), (8 bytes).
    Removing gd32e10x_usart.o(.text.usart_parity_config), (16 bytes).
    Removing gd32e10x_usart.o(.ARM.exidx.text.usart_parity_config), (8 bytes).
    Removing gd32e10x_usart.o(.text.usart_word_length_set), (16 bytes).
    Removing gd32e10x_usart.o(.ARM.exidx.text.usart_word_length_set), (8 bytes).
    Removing gd32e10x_usart.o(.text.usart_stop_bit_set), (16 bytes).
    Removing gd32e10x_usart.o(.ARM.exidx.text.usart_stop_bit_set), (8 bytes).
    Removing gd32e10x_usart.o(.ARM.exidx.text.usart_enable), (8 bytes).
    Removing gd32e10x_usart.o(.text.usart_disable), (10 bytes).
    Removing gd32e10x_usart.o(.ARM.exidx.text.usart_disable), (8 bytes).
    Removing gd32e10x_usart.o(.ARM.exidx.text.usart_transmit_config), (8 bytes).
    Removing gd32e10x_usart.o(.ARM.exidx.text.usart_receive_config), (8 bytes).
    Removing gd32e10x_usart.o(.text.usart_data_first_config), (16 bytes).
    Removing gd32e10x_usart.o(.ARM.exidx.text.usart_data_first_config), (8 bytes).
    Removing gd32e10x_usart.o(.text.usart_invert_config), (100 bytes).
    Removing gd32e10x_usart.o(.ARM.exidx.text.usart_invert_config), (8 bytes).
    Removing gd32e10x_usart.o(.text.usart_receiver_timeout_enable), (14 bytes).
    Removing gd32e10x_usart.o(.ARM.exidx.text.usart_receiver_timeout_enable), (8 bytes).
    Removing gd32e10x_usart.o(.text.usart_receiver_timeout_disable), (14 bytes).
    Removing gd32e10x_usart.o(.ARM.exidx.text.usart_receiver_timeout_disable), (8 bytes).
    Removing gd32e10x_usart.o(.text.usart_receiver_timeout_threshold_config), (24 bytes).
    Removing gd32e10x_usart.o(.ARM.exidx.text.usart_receiver_timeout_threshold_config), (8 bytes).
    Removing gd32e10x_usart.o(.text.usart_data_transmit), (8 bytes).
    Removing gd32e10x_usart.o(.ARM.exidx.text.usart_data_transmit), (8 bytes).
    Removing gd32e10x_usart.o(.text.usart_data_receive), (8 bytes).
    Removing gd32e10x_usart.o(.ARM.exidx.text.usart_data_receive), (8 bytes).
    Removing gd32e10x_usart.o(.text.usart_address_config), (20 bytes).
    Removing gd32e10x_usart.o(.ARM.exidx.text.usart_address_config), (8 bytes).
    Removing gd32e10x_usart.o(.text.usart_mute_mode_enable), (10 bytes).
    Removing gd32e10x_usart.o(.ARM.exidx.text.usart_mute_mode_enable), (8 bytes).
    Removing gd32e10x_usart.o(.text.usart_mute_mode_disable), (10 bytes).
    Removing gd32e10x_usart.o(.ARM.exidx.text.usart_mute_mode_disable), (8 bytes).
    Removing gd32e10x_usart.o(.text.usart_mute_mode_wakeup_config), (16 bytes).
    Removing gd32e10x_usart.o(.ARM.exidx.text.usart_mute_mode_wakeup_config), (8 bytes).
    Removing gd32e10x_usart.o(.text.usart_lin_mode_enable), (10 bytes).
    Removing gd32e10x_usart.o(.ARM.exidx.text.usart_lin_mode_enable), (8 bytes).
    Removing gd32e10x_usart.o(.text.usart_lin_mode_disable), (10 bytes).
    Removing gd32e10x_usart.o(.ARM.exidx.text.usart_lin_mode_disable), (8 bytes).
    Removing gd32e10x_usart.o(.text.usart_lin_break_detection_length_config), (20 bytes).
    Removing gd32e10x_usart.o(.ARM.exidx.text.usart_lin_break_detection_length_config), (8 bytes).
    Removing gd32e10x_usart.o(.text.usart_send_break), (10 bytes).
    Removing gd32e10x_usart.o(.ARM.exidx.text.usart_send_break), (8 bytes).
    Removing gd32e10x_usart.o(.text.usart_halfduplex_enable), (10 bytes).
    Removing gd32e10x_usart.o(.ARM.exidx.text.usart_halfduplex_enable), (8 bytes).
    Removing gd32e10x_usart.o(.text.usart_halfduplex_disable), (10 bytes).
    Removing gd32e10x_usart.o(.ARM.exidx.text.usart_halfduplex_disable), (8 bytes).
    Removing gd32e10x_usart.o(.text.usart_synchronous_clock_enable), (10 bytes).
    Removing gd32e10x_usart.o(.ARM.exidx.text.usart_synchronous_clock_enable), (8 bytes).
    Removing gd32e10x_usart.o(.text.usart_synchronous_clock_disable), (10 bytes).
    Removing gd32e10x_usart.o(.ARM.exidx.text.usart_synchronous_clock_disable), (8 bytes).
    Removing gd32e10x_usart.o(.text.usart_synchronous_clock_config), (30 bytes).
    Removing gd32e10x_usart.o(.ARM.exidx.text.usart_synchronous_clock_config), (8 bytes).
    Removing gd32e10x_usart.o(.text.usart_guard_time_config), (20 bytes).
    Removing gd32e10x_usart.o(.ARM.exidx.text.usart_guard_time_config), (8 bytes).
    Removing gd32e10x_usart.o(.text.usart_smartcard_mode_enable), (10 bytes).
    Removing gd32e10x_usart.o(.ARM.exidx.text.usart_smartcard_mode_enable), (8 bytes).
    Removing gd32e10x_usart.o(.text.usart_smartcard_mode_disable), (10 bytes).
    Removing gd32e10x_usart.o(.ARM.exidx.text.usart_smartcard_mode_disable), (8 bytes).
    Removing gd32e10x_usart.o(.text.usart_smartcard_mode_nack_enable), (10 bytes).
    Removing gd32e10x_usart.o(.ARM.exidx.text.usart_smartcard_mode_nack_enable), (8 bytes).
    Removing gd32e10x_usart.o(.text.usart_smartcard_mode_nack_disable), (10 bytes).
    Removing gd32e10x_usart.o(.ARM.exidx.text.usart_smartcard_mode_nack_disable), (8 bytes).
    Removing gd32e10x_usart.o(.text.usart_smartcard_autoretry_config), (30 bytes).
    Removing gd32e10x_usart.o(.ARM.exidx.text.usart_smartcard_autoretry_config), (8 bytes).
    Removing gd32e10x_usart.o(.text.usart_block_length_config), (26 bytes).
    Removing gd32e10x_usart.o(.ARM.exidx.text.usart_block_length_config), (8 bytes).
    Removing gd32e10x_usart.o(.text.usart_irda_mode_enable), (10 bytes).
    Removing gd32e10x_usart.o(.ARM.exidx.text.usart_irda_mode_enable), (8 bytes).
    Removing gd32e10x_usart.o(.text.usart_irda_mode_disable), (10 bytes).
    Removing gd32e10x_usart.o(.ARM.exidx.text.usart_irda_mode_disable), (8 bytes).
    Removing gd32e10x_usart.o(.text.usart_prescaler_config), (16 bytes).
    Removing gd32e10x_usart.o(.ARM.exidx.text.usart_prescaler_config), (8 bytes).
    Removing gd32e10x_usart.o(.text.usart_irda_lowpower_config), (20 bytes).
    Removing gd32e10x_usart.o(.ARM.exidx.text.usart_irda_lowpower_config), (8 bytes).
    Removing gd32e10x_usart.o(.text.usart_hardware_flow_rts_config), (12 bytes).
    Removing gd32e10x_usart.o(.ARM.exidx.text.usart_hardware_flow_rts_config), (8 bytes).
    Removing gd32e10x_usart.o(.text.usart_hardware_flow_cts_config), (12 bytes).
    Removing gd32e10x_usart.o(.ARM.exidx.text.usart_hardware_flow_cts_config), (8 bytes).
    Removing gd32e10x_usart.o(.ARM.exidx.text.usart_dma_receive_config), (8 bytes).
    Removing gd32e10x_usart.o(.ARM.exidx.text.usart_dma_transmit_config), (8 bytes).
    Removing gd32e10x_usart.o(.text.usart_hardware_flow_coherence_config), (28 bytes).
    Removing gd32e10x_usart.o(.ARM.exidx.text.usart_hardware_flow_coherence_config), (8 bytes).
    Removing gd32e10x_usart.o(.text.usart_flag_get), (16 bytes).
    Removing gd32e10x_usart.o(.ARM.exidx.text.usart_flag_get), (8 bytes).
    Removing gd32e10x_usart.o(.text.usart_flag_clear), (24 bytes).
    Removing gd32e10x_usart.o(.ARM.exidx.text.usart_flag_clear), (8 bytes).
    Removing gd32e10x_usart.o(.ARM.exidx.text.usart_interrupt_enable), (8 bytes).
    Removing gd32e10x_usart.o(.text.usart_interrupt_disable), (24 bytes).
    Removing gd32e10x_usart.o(.ARM.exidx.text.usart_interrupt_disable), (8 bytes).
    Removing gd32e10x_usart.o(.ARM.exidx.text.usart_interrupt_flag_get), (8 bytes).
    Removing gd32e10x_usart.o(.text.usart_interrupt_flag_clear), (24 bytes).
    Removing gd32e10x_usart.o(.ARM.exidx.text.usart_interrupt_flag_clear), (8 bytes).
    Removing gd32e10x_wwdgt.o(.text), (0 bytes).
    Removing gd32e10x_wwdgt.o(.text.wwdgt_deinit), (22 bytes).
    Removing gd32e10x_wwdgt.o(.ARM.exidx.text.wwdgt_deinit), (8 bytes).
    Removing gd32e10x_wwdgt.o(.text.wwdgt_enable), (18 bytes).
    Removing gd32e10x_wwdgt.o(.ARM.exidx.text.wwdgt_enable), (8 bytes).
    Removing gd32e10x_wwdgt.o(.text.wwdgt_counter_update), (18 bytes).
    Removing gd32e10x_wwdgt.o(.ARM.exidx.text.wwdgt_counter_update), (8 bytes).
    Removing gd32e10x_wwdgt.o(.text.wwdgt_config), (50 bytes).
    Removing gd32e10x_wwdgt.o(.ARM.exidx.text.wwdgt_config), (8 bytes).
    Removing gd32e10x_wwdgt.o(.text.wwdgt_interrupt_enable), (18 bytes).
    Removing gd32e10x_wwdgt.o(.ARM.exidx.text.wwdgt_interrupt_enable), (8 bytes).
    Removing gd32e10x_wwdgt.o(.text.wwdgt_flag_get), (16 bytes).
    Removing gd32e10x_wwdgt.o(.ARM.exidx.text.wwdgt_flag_get), (8 bytes).
    Removing gd32e10x_wwdgt.o(.text.wwdgt_flag_clear), (18 bytes).
    Removing gd32e10x_wwdgt.o(.ARM.exidx.text.wwdgt_flag_clear), (8 bytes).
    Removing startup_gd32e10x.o(HEAP), (1024 bytes).
    Removing timer.o(.text), (0 bytes).
    Removing timer.o(.text.timer_config), (212 bytes).
    Removing timer.o(.ARM.exidx.text.timer_config), (8 bytes).
    Removing timer.o(.text.timer_config2), (212 bytes).
    Removing timer.o(.ARM.exidx.text.timer_config2), (8 bytes).
    Removing uart.o(.text), (0 bytes).
    Removing uart.o(.ARM.exidx.text.usart0_init), (8 bytes).
    Removing uart.o(.ARM.exidx.text.gd_eval_com_init), (8 bytes).
    Removing uart.o(.text.nvic_config), (96 bytes).
    Removing uart.o(.ARM.exidx.text.nvic_config), (8 bytes).
    Removing uart.o(.text.dma0_ch3_usart0_tx_init), (130 bytes).
    Removing uart.o(.ARM.exidx.text.dma0_ch3_usart0_tx_init), (8 bytes).
    Removing uart.o(.text.dma0_ch4_usart0_rx_init), (124 bytes).
    Removing uart.o(.ARM.exidx.text.dma0_ch4_usart0_rx_init), (8 bytes).
    Removing uart.o(.ARM.exidx.text.usart2_init), (8 bytes).
    Removing uart.o(.text.dma0_ch1_usart2_tx_init), (130 bytes).
    Removing uart.o(.ARM.exidx.text.dma0_ch1_usart2_tx_init), (8 bytes).
    Removing uart.o(.text.dma0_ch2_usart2_rx_init), (140 bytes).
    Removing uart.o(.ARM.exidx.text.dma0_ch2_usart2_rx_init), (8 bytes).
    Removing uart.o(.ARM.exidx.text.DMA0_Channel1_IRQHandler), (8 bytes).
    Removing uart.o(.ARM.exidx.text.DMA0_Channel3_IRQHandler), (8 bytes).
    Removing uart.o(.ARM.exidx.text.usart_dma_send_data), (8 bytes).
    Removing uart.o(.text.usart0_dma_send_data), (94 bytes).
    Removing uart.o(.ARM.exidx.text.usart0_dma_send_data), (8 bytes).
    Removing uart.o(.text.usart2_dma_send_data), (94 bytes).
    Removing uart.o(.ARM.exidx.text.usart2_dma_send_data), (8 bytes).
    Removing uart.o(.ARM.exidx.text.USART0_IRQHandler), (8 bytes).
    Removing uart.o(.ARM.exidx.text.USART2_IRQHandler), (8 bytes).
    Removing uart.o(.ARM.exidx.text.DMA0_Channel4_IRQHandler), (8 bytes).
    Removing uart.o(.text.usart_recv), (4 bytes).
    Removing uart.o(.ARM.exidx.text.usart_recv), (8 bytes).
    Removing uart.o(.text.usart_read), (4 bytes).
    Removing uart.o(.ARM.exidx.text.usart_read), (8 bytes).
    Removing uart.o(.text.usart_at), (4 bytes).
    Removing uart.o(.ARM.exidx.text.usart_at), (8 bytes).
    Removing uart.o(.text.usart_drop), (2 bytes).
    Removing uart.o(.ARM.exidx.text.usart_drop), (8 bytes).
    Removing uart.o(.text.usart_get_rx_data_count), (4 bytes).
    Removing uart.o(.ARM.exidx.text.usart_get_rx_data_count), (8 bytes).
    Removing uart.o(.text.usart_rx_probe), (4 bytes).
    Removing uart.o(.ARM.exidx.text.usart_rx_probe), (8 bytes).
    Removing uart.o(.text.fputc), (36 bytes).
    Removing uart.o(.ARM.exidx.text.fputc), (8 bytes).
    Removing uart.o(.bss.uart0_flag), (4 bytes).
    Removing uart.o(.bss.USART1_RX_CACHE_BUFFER), (2048 bytes).
    Removing uart.o(.bss.USART3_RX_CACHE_BUFFER), (2048 bytes).
    Removing uart.o(.data.dma0_ch6_idle), (1 bytes).
    Removing uart.o(.data.dma1_ch4_idle), (1 bytes).
    Removing circular_buffer.o(.text), (0 bytes).
    Removing circular_buffer.o(.text.IsPowerOf2), (32 bytes).
    Removing circular_buffer.o(.ARM.exidx.text.IsPowerOf2), (8 bytes).
    Removing circular_buffer.o(.text.RoundUp_PowerOf2), (112 bytes).
    Removing circular_buffer.o(.ARM.exidx.text.RoundUp_PowerOf2), (8 bytes).
    Removing circular_buffer.o(.text.RoundDown_PowerOf2), (112 bytes).
    Removing circular_buffer.o(.ARM.exidx.text.RoundDown_PowerOf2), (8 bytes).
    Removing circular_buffer.o(.ARM.exidx.text.CircBuf_Init), (8 bytes).
    Removing circular_buffer.o(.text.CircBuf_Alloc), (120 bytes).
    Removing circular_buffer.o(.ARM.exidx.text.CircBuf_Alloc), (8 bytes).
    Removing circular_buffer.o(.text.CircBuf_Free), (6 bytes).
    Removing circular_buffer.o(.ARM.exidx.text.CircBuf_Free), (8 bytes).
    Removing circular_buffer.o(.ARM.exidx.text.CircBuf_Push), (8 bytes).
    Removing circular_buffer.o(.ARM.exidx.text.CircBuf_Pop), (8 bytes).
    Removing circular_buffer.o(.text.CircBuf_PopOneChar), (70 bytes).
    Removing circular_buffer.o(.ARM.exidx.text.CircBuf_PopOneChar), (8 bytes).
    Removing circular_buffer.o(.text.CircBuf_At), (16 bytes).
    Removing circular_buffer.o(.ARM.exidx.text.CircBuf_At), (8 bytes).
    Removing circular_buffer.o(.text.CircBuf_Read), (62 bytes).
    Removing circular_buffer.o(.ARM.exidx.text.CircBuf_Read), (8 bytes).
    Removing circular_buffer.o(.text.CircBuf_Drop), (16 bytes).
    Removing circular_buffer.o(.ARM.exidx.text.CircBuf_Drop), (8 bytes).
    Removing circular_buffer.o(.text.CircBuf_GetAvalaibleSize), (18 bytes).
    Removing circular_buffer.o(.ARM.exidx.text.CircBuf_GetAvalaibleSize), (8 bytes).
    Removing circular_buffer.o(.text.CircBuf_GetUsedSize), (8 bytes).
    Removing circular_buffer.o(.ARM.exidx.text.CircBuf_GetUsedSize), (8 bytes).
    Removing circular_buffer.o(.text.CircBuf_IsEmpty), (24 bytes).
    Removing circular_buffer.o(.ARM.exidx.text.CircBuf_IsEmpty), (8 bytes).
    Removing circular_buffer.o(.text.CircBuf_IsFull), (26 bytes).
    Removing circular_buffer.o(.ARM.exidx.text.CircBuf_IsFull), (8 bytes).
    Removing filter.o(.text), (0 bytes).
    Removing filter.o(.text.get_filter_value), (532 bytes).
    Removing filter.o(.ARM.exidx.text.get_filter_value), (8 bytes).
    Removing filter.o(.bss.mean_temp_buffer), (2048 bytes).
    Removing filter.o(.bss.mean_buffer), (2048 bytes).
    Removing motor.o(.text), (0 bytes).
    Removing motor.o(.text.uint8_to_float), (18 bytes).
    Removing motor.o(.ARM.exidx.text.uint8_to_float), (8 bytes).
    Removing motor.o(.ARM.exidx.text.motor_init), (8 bytes).
    Removing motor.o(.text.motor_enable), (48 bytes).
    Removing motor.o(.ARM.exidx.text.motor_enable), (8 bytes).
    Removing motor.o(.text.clear_angele), (20 bytes).
    Removing motor.o(.ARM.exidx.text.clear_angele), (8 bytes).
    Removing motor.o(.text.speed_counter), (34 bytes).
    Removing motor.o(.ARM.exidx.text.speed_counter), (8 bytes).
    Removing motor.o(.text.Motor_run_), (108 bytes).
    Removing motor.o(.ARM.exidx.text.Motor_run_), (8 bytes).
    Removing motor.o(.text.Motor_run_H), (112 bytes).
    Removing motor.o(.ARM.exidx.text.Motor_run_H), (8 bytes).
    Removing motor.o(.text.get_curr), (26 bytes).
    Removing motor.o(.ARM.exidx.text.get_curr), (8 bytes).
    Removing motor.o(.text.get_err), (26 bytes).
    Removing motor.o(.ARM.exidx.text.get_err), (8 bytes).
    Removing motor.o(.ARM.exidx.text.Check_data_from_python), (8 bytes).
    Removing motor.o(.ARM.exidx.text.moto_to_zero), (8 bytes).
    Removing motor.o(.bss.get_curr.abc), (3 bytes).
    Removing motor.o(.bss.get_err.abc), (3 bytes).
    Removing motor.o(.bss.Motor1_curr), (5 bytes).
    Removing counter_robo.o(.text), (0 bytes).
    Removing adc.o(.text), (0 bytes).
    Removing adc.o(.text.rcu_config), (36 bytes).
    Removing adc.o(.ARM.exidx.text.rcu_config), (8 bytes).
    Removing adc.o(.ARM.exidx.text.DMA0_Channel0_IRQHandler), (8 bytes).
    Removing adc.o(.text.dma_config), (102 bytes).
    Removing adc.o(.ARM.exidx.text.dma_config), (8 bytes).
    Removing adc.o(.ARM.exidx.text.adc_config), (8 bytes).
    Removing adc.o(.ARM.exidx.text.adc_5init), (8 bytes).
    Removing adc.o(.bss.Vol_Value), (2 bytes).
    Removing pressure.o(.text), (0 bytes).
    Removing pressure.o(.ARM.exidx.text.get_pressure), (8 bytes).
    Removing uniaxial.o(.text), (0 bytes).
    Removing uniaxial.o(.text.uniaxial_init), (26 bytes).
    Removing uniaxial.o(.ARM.exidx.text.uniaxial_init), (8 bytes).
    Removing uniaxial.o(.text.send_press_resis), (28 bytes).
    Removing uniaxial.o(.ARM.exidx.text.send_press_resis), (8 bytes).
    Removing uniaxial.o(.ARM.exidx.text.demo), (8 bytes).

1226 unused section(s) (total 41523 bytes) removed from the image.

==============================================================================

Image Symbol Table

    Local Symbols

    Symbol Name                              Value     Ov Type        Size  Object(Section)

    ../clib/microlib/init/entry.s            0x00000000   Number         0  entry.o ABSOLUTE
    ../clib/microlib/init/entry.s            0x00000000   Number         0  entry2.o ABSOLUTE
    ../clib/microlib/init/entry.s            0x00000000   Number         0  entry5.o ABSOLUTE
    ../clib/microlib/init/entry.s            0x00000000   Number         0  entry7a.o ABSOLUTE
    ../clib/microlib/init/entry.s            0x00000000   Number         0  entry7b.o ABSOLUTE
    ../clib/microlib/init/entry.s            0x00000000   Number         0  entry8a.o ABSOLUTE
    ../clib/microlib/init/entry.s            0x00000000   Number         0  entry8b.o ABSOLUTE
    ../clib/microlib/init/entry.s            0x00000000   Number         0  entry9a.o ABSOLUTE
    ../clib/microlib/init/entry.s            0x00000000   Number         0  entry9b.o ABSOLUTE
    ../clib/microlib/init/entry.s            0x00000000   Number         0  entry10a.o ABSOLUTE
    ../clib/microlib/init/entry.s            0x00000000   Number         0  entry10b.o ABSOLUTE
    ../clib/microlib/init/entry.s            0x00000000   Number         0  entry11a.o ABSOLUTE
    ../clib/microlib/init/entry.s            0x00000000   Number         0  entry11b.o ABSOLUTE
    ../clib/microlib/malloc/calloc.c         0x00000000   Number         0  calloc.o ABSOLUTE
    ../clib/microlib/malloc/malloc.c         0x00000000   Number         0  malloc.o ABSOLUTE
    ../clib/microlib/malloc/malloc.c         0x00000000   Number         0  mallocr.o ABSOLUTE
    ../clib/microlib/malloc/malloc.c         0x00000000   Number         0  malloca.o ABSOLUTE
    ../clib/microlib/malloc/malloc.c         0x00000000   Number         0  mallocra.o ABSOLUTE
    ../clib/microlib/malloc/mvars.c          0x00000000   Number         0  mvars.o ABSOLUTE
    ../clib/microlib/string/memcpy.c         0x00000000   Number         0  memcpya.o ABSOLUTE
    ../clib/microlib/string/memcpy.c         0x00000000   Number         0  memcpyb.o ABSOLUTE
    ../clib/microlib/string/memset.c         0x00000000   Number         0  memseta.o ABSOLUTE
    ..\..\Firmware\CMSIS\GD\GD32E10x\Source\ARM\startup_gd32e10x.s 0x00000000   Number         0  startup_gd32e10x.o ABSOLUTE
    Counter_robo.c                           0x00000000   Number         0  counter_robo.o ABSOLUTE
    Filter.c                                 0x00000000   Number         0  filter.o ABSOLUTE
    Motor.c                                  0x00000000   Number         0  motor.o ABSOLUTE
    Uniaxial.c                               0x00000000   Number         0  uniaxial.o ABSOLUTE
    adc.c                                    0x00000000   Number         0  adc.o ABSOLUTE
    circular_buffer.c                        0x00000000   Number         0  circular_buffer.o ABSOLUTE
    dc.s                                     0x00000000   Number         0  dc.o ABSOLUTE
    gd32e10x_adc.c                           0x00000000   Number         0  gd32e10x_adc.o ABSOLUTE
    gd32e10x_bkp.c                           0x00000000   Number         0  gd32e10x_bkp.o ABSOLUTE
    gd32e10x_can.c                           0x00000000   Number         0  gd32e10x_can.o ABSOLUTE
    gd32e10x_crc.c                           0x00000000   Number         0  gd32e10x_crc.o ABSOLUTE
    gd32e10x_ctc.c                           0x00000000   Number         0  gd32e10x_ctc.o ABSOLUTE
    gd32e10x_dac.c                           0x00000000   Number         0  gd32e10x_dac.o ABSOLUTE
    gd32e10x_dbg.c                           0x00000000   Number         0  gd32e10x_dbg.o ABSOLUTE
    gd32e10x_dma.c                           0x00000000   Number         0  gd32e10x_dma.o ABSOLUTE
    gd32e10x_exmc.c                          0x00000000   Number         0  gd32e10x_exmc.o ABSOLUTE
    gd32e10x_exti.c                          0x00000000   Number         0  gd32e10x_exti.o ABSOLUTE
    gd32e10x_fmc.c                           0x00000000   Number         0  gd32e10x_fmc.o ABSOLUTE
    gd32e10x_fwdgt.c                         0x00000000   Number         0  gd32e10x_fwdgt.o ABSOLUTE
    gd32e10x_gpio.c                          0x00000000   Number         0  gd32e10x_gpio.o ABSOLUTE
    gd32e10x_hw.c                            0x00000000   Number         0  gd32e10x_hw.o ABSOLUTE
    gd32e10x_i2c.c                           0x00000000   Number         0  gd32e10x_i2c.o ABSOLUTE
    gd32e10x_it.c                            0x00000000   Number         0  gd32e10x_it.o ABSOLUTE
    gd32e10x_misc.c                          0x00000000   Number         0  gd32e10x_misc.o ABSOLUTE
    gd32e10x_pmu.c                           0x00000000   Number         0  gd32e10x_pmu.o ABSOLUTE
    gd32e10x_rcu.c                           0x00000000   Number         0  gd32e10x_rcu.o ABSOLUTE
    gd32e10x_rtc.c                           0x00000000   Number         0  gd32e10x_rtc.o ABSOLUTE
    gd32e10x_spi.c                           0x00000000   Number         0  gd32e10x_spi.o ABSOLUTE
    gd32e10x_timer.c                         0x00000000   Number         0  gd32e10x_timer.o ABSOLUTE
    gd32e10x_usart.c                         0x00000000   Number         0  gd32e10x_usart.o ABSOLUTE
    gd32e10x_wwdgt.c                         0x00000000   Number         0  gd32e10x_wwdgt.o ABSOLUTE
    handlers.s                               0x00000000   Number         0  handlers.o ABSOLUTE
    init.s                                   0x00000000   Number         0  init.o ABSOLUTE
    main.c                                   0x00000000   Number         0  main.o ABSOLUTE
    pressure.c                               0x00000000   Number         0  pressure.o ABSOLUTE
    system_gd32e10x.c                        0x00000000   Number         0  system_gd32e10x.o ABSOLUTE
    systick.c                                0x00000000   Number         0  systick.o ABSOLUTE
    timer.c                                  0x00000000   Number         0  timer.o ABSOLUTE
    uart.c                                   0x00000000   Number         0  uart.o ABSOLUTE
    RESET                                    0x08000000   Section      336  startup_gd32e10x.o(RESET)
    .ARM.Collect$$$$00000000                 0x08000150   Section        0  entry.o(.ARM.Collect$$$$00000000)
    .ARM.Collect$$$$00000001                 0x08000150   Section        4  entry2.o(.ARM.Collect$$$$00000001)
    .ARM.Collect$$$$00000004                 0x08000154   Section        4  entry5.o(.ARM.Collect$$$$00000004)
    .ARM.Collect$$$$00000008                 0x08000158   Section        0  entry7b.o(.ARM.Collect$$$$00000008)
    .ARM.Collect$$$$0000000A                 0x08000158   Section        0  entry8b.o(.ARM.Collect$$$$0000000A)
    .ARM.Collect$$$$0000000B                 0x08000158   Section        8  entry9a.o(.ARM.Collect$$$$0000000B)
    __lit__00000000                          0x08000160   Data           4  entry2.o(.ARM.Collect$$$$00002712)
    .ARM.Collect$$$$0000000D                 0x08000160   Section        0  entry10a.o(.ARM.Collect$$$$0000000D)
    .ARM.Collect$$$$0000000F                 0x08000160   Section        0  entry11a.o(.ARM.Collect$$$$0000000F)
    .ARM.Collect$$$$00002712                 0x08000160   Section        4  entry2.o(.ARM.Collect$$$$00002712)
    $v0                                      0x08000164   Number         0  startup_gd32e10x.o(.text)
    .text                                    0x08000164   Section       36  startup_gd32e10x.o(.text)
    .text                                    0x08000188   Section        0  memcpya.o(.text)
    .text                                    0x080001ac   Section        0  memseta.o(.text)
    .text                                    0x080001d0   Section       36  init.o(.text)
    [Anonymous Symbol]                       0x080001f4   Section        0  gd32e10x_it.o(.text.BusFault_Handler)
    [Anonymous Symbol]                       0x080001f8   Section        0  motor.o(.text.Check_data_from_python)
    [Anonymous Symbol]                       0x0800037c   Section        0  circular_buffer.o(.text.CircBuf_Init)
    [Anonymous Symbol]                       0x080003ec   Section        0  circular_buffer.o(.text.CircBuf_Pop)
    [Anonymous Symbol]                       0x08000430   Section        0  circular_buffer.o(.text.CircBuf_Push)
    [Anonymous Symbol]                       0x08000478   Section        0  adc.o(.text.DMA0_Channel0_IRQHandler)
    [Anonymous Symbol]                       0x080004a0   Section        0  uart.o(.text.DMA0_Channel1_IRQHandler)
    [Anonymous Symbol]                       0x080004d0   Section        0  uart.o(.text.DMA0_Channel3_IRQHandler)
    [Anonymous Symbol]                       0x08000500   Section        0  uart.o(.text.DMA0_Channel4_IRQHandler)
    [Anonymous Symbol]                       0x08000528   Section        0  gd32e10x_it.o(.text.DebugMon_Handler)
    [Anonymous Symbol]                       0x0800052c   Section        0  gd32e10x_it.o(.text.HardFault_Handler)
    [Anonymous Symbol]                       0x08000530   Section        0  gd32e10x_it.o(.text.MemManage_Handler)
    [Anonymous Symbol]                       0x08000534   Section        0  gd32e10x_it.o(.text.NMI_Handler)
    [Anonymous Symbol]                       0x08000538   Section        0  gd32e10x_it.o(.text.PendSV_Handler)
    [Anonymous Symbol]                       0x0800053c   Section        0  gd32e10x_it.o(.text.SVC_Handler)
    [Anonymous Symbol]                       0x08000540   Section        0  gd32e10x_it.o(.text.SysTick_Handler)
    [Anonymous Symbol]                       0x08000544   Section        0  system_gd32e10x.o(.text.SystemInit)
    [Anonymous Symbol]                       0x08000690   Section        0  gd32e10x_it.o(.text.TIMER2_IRQHandler)
    [Anonymous Symbol]                       0x08000708   Section        0  main.o(.text.TIMER3_IRQHandler)
    [Anonymous Symbol]                       0x0800072c   Section        0  uart.o(.text.USART0_IRQHandler)
    [Anonymous Symbol]                       0x080007b0   Section        0  uart.o(.text.USART2_IRQHandler)
    [Anonymous Symbol]                       0x0800082c   Section        0  gd32e10x_it.o(.text.UsageFault_Handler)
    [Anonymous Symbol]                       0x08000830   Section        0  adc.o(.text.adc_5init)
    [Anonymous Symbol]                       0x08000924   Section        0  gd32e10x_adc.o(.text.adc_calibration_enable)
    [Anonymous Symbol]                       0x08000970   Section        0  gd32e10x_adc.o(.text.adc_channel_length_config)
    [Anonymous Symbol]                       0x080009ac   Section        0  adc.o(.text.adc_config)
    [Anonymous Symbol]                       0x08000a8c   Section        0  gd32e10x_adc.o(.text.adc_data_alignment_config)
    [Anonymous Symbol]                       0x08000aa0   Section        0  gd32e10x_adc.o(.text.adc_deinit)
    [Anonymous Symbol]                       0x08000ad8   Section        0  gd32e10x_adc.o(.text.adc_dma_mode_enable)
    [Anonymous Symbol]                       0x08000ae4   Section        0  gd32e10x_adc.o(.text.adc_enable)
    [Anonymous Symbol]                       0x08000af8   Section        0  gd32e10x_adc.o(.text.adc_external_trigger_config)
    [Anonymous Symbol]                       0x08000b38   Section        0  gd32e10x_adc.o(.text.adc_external_trigger_source_config)
    [Anonymous Symbol]                       0x08000b5c   Section        0  gd32e10x_adc.o(.text.adc_mode_config)
    [Anonymous Symbol]                       0x08000b74   Section        0  gd32e10x_adc.o(.text.adc_regular_channel_config)
    [Anonymous Symbol]                       0x08000c18   Section        0  gd32e10x_adc.o(.text.adc_software_trigger_enable)
    [Anonymous Symbol]                       0x08000c34   Section        0  gd32e10x_adc.o(.text.adc_special_function_config)
    [Anonymous Symbol]                       0x08000c90   Section        0  systick.o(.text.delay_1ms)
    [Anonymous Symbol]                       0x08000cb4   Section        0  systick.o(.text.delay_decrement)
    [Anonymous Symbol]                       0x08000ccc   Section        0  uniaxial.o(.text.demo)
    [Anonymous Symbol]                       0x08000d40   Section        0  gd32e10x_dma.o(.text.dma_channel_disable)
    [Anonymous Symbol]                       0x08000d64   Section        0  gd32e10x_dma.o(.text.dma_channel_enable)
    [Anonymous Symbol]                       0x08000d88   Section        0  gd32e10x_dma.o(.text.dma_circulation_disable)
    [Anonymous Symbol]                       0x08000dac   Section        0  gd32e10x_dma.o(.text.dma_circulation_enable)
    [Anonymous Symbol]                       0x08000dd0   Section        0  gd32e10x_dma.o(.text.dma_deinit)
    [Anonymous Symbol]                       0x08000e0c   Section        0  gd32e10x_dma.o(.text.dma_init)
    [Anonymous Symbol]                       0x08000e80   Section        0  gd32e10x_dma.o(.text.dma_interrupt_enable)
    [Anonymous Symbol]                       0x08000ea4   Section        0  gd32e10x_dma.o(.text.dma_interrupt_flag_clear)
    [Anonymous Symbol]                       0x08000eb4   Section        0  gd32e10x_dma.o(.text.dma_interrupt_flag_get)
    [Anonymous Symbol]                       0x08000ef0   Section        0  gd32e10x_dma.o(.text.dma_memory_address_config)
    [Anonymous Symbol]                       0x08000f10   Section        0  gd32e10x_dma.o(.text.dma_memory_to_memory_disable)
    [Anonymous Symbol]                       0x08000f34   Section        0  gd32e10x_dma.o(.text.dma_struct_para_init)
    [Anonymous Symbol]                       0x08000f50   Section        0  gd32e10x_dma.o(.text.dma_transfer_number_config)
    [Anonymous Symbol]                       0x08000f70   Section        0  gd32e10x_dma.o(.text.dma_transfer_number_get)
    [Anonymous Symbol]                       0x08000f90   Section        0  uart.o(.text.gd_eval_com_init)
    COM_GPIO_CLK                             0x08001014   Number         0  uart.o(.text.gd_eval_com_init)
    COM_CLK                                  0x0800101c   Number         0  uart.o(.text.gd_eval_com_init)
    COM_GPIO_PORT                            0x08001024   Number         0  uart.o(.text.gd_eval_com_init)
    COM_TX_PIN                               0x08001034   Number         0  uart.o(.text.gd_eval_com_init)
    COM_RX_PIN                               0x08001044   Number         0  uart.o(.text.gd_eval_com_init)
    [Anonymous Symbol]                       0x08001054   Section        0  pressure.o(.text.get_pressure)
    [Anonymous Symbol]                       0x08001074   Section        0  gd32e10x_gpio.o(.text.gpio_init)
    [Anonymous Symbol]                       0x080015ac   Section        0  main.o(.text.main)
    [Anonymous Symbol]                       0x08001610   Section        0  motor.o(.text.moto_to_zero)
    [Anonymous Symbol]                       0x080016cc   Section        0  motor.o(.text.motor_init)
    [Anonymous Symbol]                       0x0800174c   Section        0  gd32e10x_misc.o(.text.nvic_irq_enable)
    [Anonymous Symbol]                       0x080017b0   Section        0  gd32e10x_misc.o(.text.nvic_vector_table_set)
    [Anonymous Symbol]                       0x080017c8   Section        0  gd32e10x_rcu.o(.text.rcu_adc_clock_config)
    [Anonymous Symbol]                       0x0800184c   Section        0  gd32e10x_rcu.o(.text.rcu_clock_freq_get)
    [Anonymous Symbol]                       0x0800195c   Section        0  gd32e10x_rcu.o(.text.rcu_periph_clock_enable)
    [Anonymous Symbol]                       0x0800197c   Section        0  gd32e10x_rcu.o(.text.rcu_periph_reset_disable)
    [Anonymous Symbol]                       0x0800199c   Section        0  gd32e10x_rcu.o(.text.rcu_periph_reset_enable)
    [Anonymous Symbol]                       0x080019bc   Section        0  systick.o(.text.systick_config)
    [Anonymous Symbol]                       0x08001a04   Section        0  gd32e10x_timer.o(.text.timer_channel_capture_value_register_read)
    [Anonymous Symbol]                       0x08001a14   Section        0  gd32e10x_timer.o(.text.timer_interrupt_flag_clear)
    [Anonymous Symbol]                       0x08001a1c   Section        0  gd32e10x_timer.o(.text.timer_interrupt_flag_get)
    [Anonymous Symbol]                       0x08001a34   Section        0  uart.o(.text.usart0_init)
    [Anonymous Symbol]                       0x08001b5c   Section        0  uart.o(.text.usart2_init)
    [Anonymous Symbol]                       0x08001c90   Section        0  gd32e10x_usart.o(.text.usart_baudrate_set)
    [Anonymous Symbol]                       0x08001cfc   Section        0  gd32e10x_usart.o(.text.usart_deinit)
    [Anonymous Symbol]                       0x08001d78   Section        0  gd32e10x_usart.o(.text.usart_dma_receive_config)
    [Anonymous Symbol]                       0x08001d84   Section        0  uart.o(.text.usart_dma_send_data)
    [Anonymous Symbol]                       0x08001e20   Section        0  gd32e10x_usart.o(.text.usart_dma_transmit_config)
    [Anonymous Symbol]                       0x08001e2c   Section        0  gd32e10x_usart.o(.text.usart_enable)
    [Anonymous Symbol]                       0x08001e38   Section        0  gd32e10x_usart.o(.text.usart_interrupt_enable)
    [Anonymous Symbol]                       0x08001e50   Section        0  gd32e10x_usart.o(.text.usart_interrupt_flag_get)
    [Anonymous Symbol]                       0x08001e74   Section        0  gd32e10x_usart.o(.text.usart_receive_config)
    [Anonymous Symbol]                       0x08001e80   Section        0  gd32e10x_usart.o(.text.usart_transmit_config)
    i.__scatterload_copy                     0x08001e8c   Section       14  handlers.o(i.__scatterload_copy)
    i.__scatterload_null                     0x08001e9a   Section        2  handlers.o(i.__scatterload_null)
    i.__scatterload_zeroinit                 0x08001e9c   Section       14  handlers.o(i.__scatterload_zeroinit)
    .L__const.rcu_clock_freq_get.apb2_exp    0x08001eaa   Data           8  gd32e10x_rcu.o(.rodata.cst8)
    .L_MergedGlobals                         0x20000000   Data           2  uart.o(.data..L_MergedGlobals)
    [Anonymous Symbol]                       0x20000000   Section        0  uart.o(.data..L_MergedGlobals)
    demo.resis                               0x20000008   Data           4  uniaxial.o(.data.demo.resis)
    [Anonymous Symbol]                       0x20000008   Section        0  uniaxial.o(.data.demo.resis)
    .L_MergedGlobals                         0x20000010   Data          12  gd32e10x_it.o(.bss..L_MergedGlobals)
    [Anonymous Symbol]                       0x20000010   Section        0  gd32e10x_it.o(.bss..L_MergedGlobals)
    .L_MergedGlobals                         0x2000001c   Data          43  motor.o(.bss..L_MergedGlobals)
    [Anonymous Symbol]                       0x2000001c   Section        0  motor.o(.bss..L_MergedGlobals)
    .L_MergedGlobals                         0x20000048   Data          22  uniaxial.o(.bss..L_MergedGlobals)
    demo.a                                   0x20000048   Data           1  uniaxial.o(.bss..L_MergedGlobals)
    [Anonymous Symbol]                       0x20000048   Section        0  uniaxial.o(.bss..L_MergedGlobals)
    demo.b                                   0x2000004c   Data           1  uniaxial.o(.bss..L_MergedGlobals)
    demo.press                               0x20000050   Data           4  uniaxial.o(.bss..L_MergedGlobals)
    .L_MergedGlobals.1                       0x20000060   Data          24  uart.o(.bss..L_MergedGlobals.1)
    [Anonymous Symbol]                       0x20000060   Section        0  uart.o(.bss..L_MergedGlobals.1)
    delay                                    0x20002198   Data           4  systick.o(.bss.delay)
    [Anonymous Symbol]                       0x20002198   Section        0  systick.o(.bss.delay)
    get_pressure.abc                         0x2000221c   Data           8  pressure.o(.bss.get_pressure.abc)
    [Anonymous Symbol]                       0x2000221c   Section        0  pressure.o(.bss.get_pressure.abc)
    STACK                                    0x200022a8   Section     1024  startup_gd32e10x.o(STACK)

    Global Symbols

    Symbol Name                              Value     Ov Type        Size  Object(Section)

    BuildAttributes$$THM_ISAv4$E$P$D$K$B$S$7EM$VFPi3$EXTD16$VFPS$VFMA$PE$A:L22UL41UL21$X:L11$S22US41US21$IEEE1$IW$~IW$USESV6$~STKCKD$USESV7$~SHL$OTIME$EBA8$MICROLIB$REQ8$PRES8$EABIv2 0x00000000   Number         0  anon$$obj.o ABSOLUTE
    __cpp_initialize__aeabi_                  - Undefined Weak Reference
    __cxa_finalize                            - Undefined Weak Reference
    __decompress                              - Undefined Weak Reference
    _clock_init                               - Undefined Weak Reference
    _microlib_exit                            - Undefined Weak Reference
    __Vectors_Size                           0x00000150   Number         0  startup_gd32e10x.o ABSOLUTE
    __Vectors                                0x08000000   Data           4  startup_gd32e10x.o(RESET)
    __Vectors_End                            0x08000150   Data           0  startup_gd32e10x.o(RESET)
    __main                                   0x08000151   Thumb Code     0  entry.o(.ARM.Collect$$$$00000000)
    _main_stk                                0x08000151   Thumb Code     0  entry2.o(.ARM.Collect$$$$00000001)
    _main_scatterload                        0x08000155   Thumb Code     0  entry5.o(.ARM.Collect$$$$00000004)
    __main_after_scatterload                 0x08000159   Thumb Code     0  entry5.o(.ARM.Collect$$$$00000004)
    _main_clock                              0x08000159   Thumb Code     0  entry7b.o(.ARM.Collect$$$$00000008)
    _main_cpp_init                           0x08000159   Thumb Code     0  entry8b.o(.ARM.Collect$$$$0000000A)
    _main_init                               0x08000159   Thumb Code     0  entry9a.o(.ARM.Collect$$$$0000000B)
    __rt_final_cpp                           0x08000161   Thumb Code     0  entry10a.o(.ARM.Collect$$$$0000000D)
    __rt_final_exit                          0x08000161   Thumb Code     0  entry11a.o(.ARM.Collect$$$$0000000F)
    Reset_Handler                            0x08000165   Thumb Code     8  startup_gd32e10x.o(.text)
    ADC0_1_IRQHandler                        0x0800017f   Thumb Code     0  startup_gd32e10x.o(.text)
    CAN0_EWMC_IRQHandler                     0x0800017f   Thumb Code     0  startup_gd32e10x.o(.text)
    CAN0_RX0_IRQHandler                      0x0800017f   Thumb Code     0  startup_gd32e10x.o(.text)
    CAN0_RX1_IRQHandler                      0x0800017f   Thumb Code     0  startup_gd32e10x.o(.text)
    CAN0_TX_IRQHandler                       0x0800017f   Thumb Code     0  startup_gd32e10x.o(.text)
    CAN1_EWMC_IRQHandler                     0x0800017f   Thumb Code     0  startup_gd32e10x.o(.text)
    CAN1_RX0_IRQHandler                      0x0800017f   Thumb Code     0  startup_gd32e10x.o(.text)
    CAN1_RX1_IRQHandler                      0x0800017f   Thumb Code     0  startup_gd32e10x.o(.text)
    CAN1_TX_IRQHandler                       0x0800017f   Thumb Code     0  startup_gd32e10x.o(.text)
    DMA0_Channel2_IRQHandler                 0x0800017f   Thumb Code     0  startup_gd32e10x.o(.text)
    DMA0_Channel5_IRQHandler                 0x0800017f   Thumb Code     0  startup_gd32e10x.o(.text)
    DMA0_Channel6_IRQHandler                 0x0800017f   Thumb Code     0  startup_gd32e10x.o(.text)
    DMA1_Channel0_IRQHandler                 0x0800017f   Thumb Code     0  startup_gd32e10x.o(.text)
    DMA1_Channel1_IRQHandler                 0x0800017f   Thumb Code     0  startup_gd32e10x.o(.text)
    DMA1_Channel2_IRQHandler                 0x0800017f   Thumb Code     0  startup_gd32e10x.o(.text)
    DMA1_Channel3_IRQHandler                 0x0800017f   Thumb Code     0  startup_gd32e10x.o(.text)
    DMA1_Channel4_IRQHandler                 0x0800017f   Thumb Code     0  startup_gd32e10x.o(.text)
    EXMC_IRQHandler                          0x0800017f   Thumb Code     0  startup_gd32e10x.o(.text)
    EXTI0_IRQHandler                         0x0800017f   Thumb Code     0  startup_gd32e10x.o(.text)
    EXTI10_15_IRQHandler                     0x0800017f   Thumb Code     0  startup_gd32e10x.o(.text)
    EXTI1_IRQHandler                         0x0800017f   Thumb Code     0  startup_gd32e10x.o(.text)
    EXTI2_IRQHandler                         0x0800017f   Thumb Code     0  startup_gd32e10x.o(.text)
    EXTI3_IRQHandler                         0x0800017f   Thumb Code     0  startup_gd32e10x.o(.text)
    EXTI4_IRQHandler                         0x0800017f   Thumb Code     0  startup_gd32e10x.o(.text)
    EXTI5_9_IRQHandler                       0x0800017f   Thumb Code     0  startup_gd32e10x.o(.text)
    FMC_IRQHandler                           0x0800017f   Thumb Code     0  startup_gd32e10x.o(.text)
    I2C0_ER_IRQHandler                       0x0800017f   Thumb Code     0  startup_gd32e10x.o(.text)
    I2C0_EV_IRQHandler                       0x0800017f   Thumb Code     0  startup_gd32e10x.o(.text)
    I2C1_ER_IRQHandler                       0x0800017f   Thumb Code     0  startup_gd32e10x.o(.text)
    I2C1_EV_IRQHandler                       0x0800017f   Thumb Code     0  startup_gd32e10x.o(.text)
    LVD_IRQHandler                           0x0800017f   Thumb Code     0  startup_gd32e10x.o(.text)
    RCU_CTC_IRQHandler                       0x0800017f   Thumb Code     0  startup_gd32e10x.o(.text)
    RTC_Alarm_IRQHandler                     0x0800017f   Thumb Code     0  startup_gd32e10x.o(.text)
    RTC_IRQHandler                           0x0800017f   Thumb Code     0  startup_gd32e10x.o(.text)
    SPI0_IRQHandler                          0x0800017f   Thumb Code     0  startup_gd32e10x.o(.text)
    SPI1_IRQHandler                          0x0800017f   Thumb Code     0  startup_gd32e10x.o(.text)
    SPI2_IRQHandler                          0x0800017f   Thumb Code     0  startup_gd32e10x.o(.text)
    TAMPER_IRQHandler                        0x0800017f   Thumb Code     0  startup_gd32e10x.o(.text)
    TIMER0_BRK_TIMER8_IRQHandler             0x0800017f   Thumb Code     0  startup_gd32e10x.o(.text)
    TIMER0_Channel_IRQHandler                0x0800017f   Thumb Code     0  startup_gd32e10x.o(.text)
    TIMER0_TRG_CMT_TIMER10_IRQHandler        0x0800017f   Thumb Code     0  startup_gd32e10x.o(.text)
    TIMER0_UP_TIMER9_IRQHandler              0x0800017f   Thumb Code     0  startup_gd32e10x.o(.text)
    TIMER1_IRQHandler                        0x0800017f   Thumb Code     0  startup_gd32e10x.o(.text)
    TIMER4_IRQHandler                        0x0800017f   Thumb Code     0  startup_gd32e10x.o(.text)
    TIMER5_IRQHandler                        0x0800017f   Thumb Code     0  startup_gd32e10x.o(.text)
    TIMER6_IRQHandler                        0x0800017f   Thumb Code     0  startup_gd32e10x.o(.text)
    TIMER7_BRK_TIMER11_IRQHandler            0x0800017f   Thumb Code     0  startup_gd32e10x.o(.text)
    TIMER7_Channel_IRQHandler                0x0800017f   Thumb Code     0  startup_gd32e10x.o(.text)
    TIMER7_TRG_CMT_TIMER13_IRQHandler        0x0800017f   Thumb Code     0  startup_gd32e10x.o(.text)
    TIMER7_UP_TIMER12_IRQHandler             0x0800017f   Thumb Code     0  startup_gd32e10x.o(.text)
    UART3_IRQHandler                         0x0800017f   Thumb Code     0  startup_gd32e10x.o(.text)
    UART4_IRQHandler                         0x0800017f   Thumb Code     0  startup_gd32e10x.o(.text)
    USART1_IRQHandler                        0x0800017f   Thumb Code     0  startup_gd32e10x.o(.text)
    USBFS_IRQHandler                         0x0800017f   Thumb Code     0  startup_gd32e10x.o(.text)
    USBFS_WKUP_IRQHandler                    0x0800017f   Thumb Code     0  startup_gd32e10x.o(.text)
    WWDGT_IRQHandler                         0x0800017f   Thumb Code     0  startup_gd32e10x.o(.text)
    __aeabi_memcpy                           0x08000189   Thumb Code    36  memcpya.o(.text)
    __aeabi_memcpy4                          0x08000189   Thumb Code     0  memcpya.o(.text)
    __aeabi_memcpy8                          0x08000189   Thumb Code     0  memcpya.o(.text)
    __aeabi_memset                           0x080001ad   Thumb Code    14  memseta.o(.text)
    __aeabi_memset4                          0x080001ad   Thumb Code     0  memseta.o(.text)
    __aeabi_memset8                          0x080001ad   Thumb Code     0  memseta.o(.text)
    __aeabi_memclr                           0x080001bb   Thumb Code     4  memseta.o(.text)
    __aeabi_memclr4                          0x080001bb   Thumb Code     0  memseta.o(.text)
    __aeabi_memclr8                          0x080001bb   Thumb Code     0  memseta.o(.text)
    _memset$wrapper                          0x080001bf   Thumb Code    18  memseta.o(.text)
    __scatterload                            0x080001d1   Thumb Code    28  init.o(.text)
    __scatterload_rt2                        0x080001d1   Thumb Code     0  init.o(.text)
    BusFault_Handler                         0x080001f5   Thumb Code     2  gd32e10x_it.o(.text.BusFault_Handler)
    Check_data_from_python                   0x080001f9   Thumb Code   388  motor.o(.text.Check_data_from_python)
    CircBuf_Init                             0x0800037d   Thumb Code   110  circular_buffer.o(.text.CircBuf_Init)
    CircBuf_Pop                              0x080003ed   Thumb Code    68  circular_buffer.o(.text.CircBuf_Pop)
    CircBuf_Push                             0x08000431   Thumb Code    70  circular_buffer.o(.text.CircBuf_Push)
    DMA0_Channel0_IRQHandler                 0x08000479   Thumb Code    38  adc.o(.text.DMA0_Channel0_IRQHandler)
    DMA0_Channel1_IRQHandler                 0x080004a1   Thumb Code    48  uart.o(.text.DMA0_Channel1_IRQHandler)
    DMA0_Channel3_IRQHandler                 0x080004d1   Thumb Code    48  uart.o(.text.DMA0_Channel3_IRQHandler)
    DMA0_Channel4_IRQHandler                 0x08000501   Thumb Code    38  uart.o(.text.DMA0_Channel4_IRQHandler)
    DebugMon_Handler                         0x08000529   Thumb Code     2  gd32e10x_it.o(.text.DebugMon_Handler)
    HardFault_Handler                        0x0800052d   Thumb Code     2  gd32e10x_it.o(.text.HardFault_Handler)
    MemManage_Handler                        0x08000531   Thumb Code     2  gd32e10x_it.o(.text.MemManage_Handler)
    NMI_Handler                              0x08000535   Thumb Code     2  gd32e10x_it.o(.text.NMI_Handler)
    PendSV_Handler                           0x08000539   Thumb Code     2  gd32e10x_it.o(.text.PendSV_Handler)
    SVC_Handler                              0x0800053d   Thumb Code     2  gd32e10x_it.o(.text.SVC_Handler)
    SysTick_Handler                          0x08000541   Thumb Code     4  gd32e10x_it.o(.text.SysTick_Handler)
    SystemInit                               0x08000545   Thumb Code   330  system_gd32e10x.o(.text.SystemInit)
    TIMER2_IRQHandler                        0x08000691   Thumb Code   120  gd32e10x_it.o(.text.TIMER2_IRQHandler)
    TIMER3_IRQHandler                        0x08000709   Thumb Code    36  main.o(.text.TIMER3_IRQHandler)
    USART0_IRQHandler                        0x0800072d   Thumb Code   132  uart.o(.text.USART0_IRQHandler)
    USART2_IRQHandler                        0x080007b1   Thumb Code   122  uart.o(.text.USART2_IRQHandler)
    UsageFault_Handler                       0x0800082d   Thumb Code     2  gd32e10x_it.o(.text.UsageFault_Handler)
    adc_5init                                0x08000831   Thumb Code   244  adc.o(.text.adc_5init)
    adc_calibration_enable                   0x08000925   Thumb Code    74  gd32e10x_adc.o(.text.adc_calibration_enable)
    adc_channel_length_config                0x08000971   Thumb Code    58  gd32e10x_adc.o(.text.adc_channel_length_config)
    adc_config                               0x080009ad   Thumb Code   222  adc.o(.text.adc_config)
    adc_data_alignment_config                0x08000a8d   Thumb Code    18  gd32e10x_adc.o(.text.adc_data_alignment_config)
    adc_deinit                               0x08000aa1   Thumb Code    54  gd32e10x_adc.o(.text.adc_deinit)
    adc_dma_mode_enable                      0x08000ad9   Thumb Code    10  gd32e10x_adc.o(.text.adc_dma_mode_enable)
    adc_enable                               0x08000ae5   Thumb Code    18  gd32e10x_adc.o(.text.adc_enable)
    adc_external_trigger_config              0x08000af9   Thumb Code    64  gd32e10x_adc.o(.text.adc_external_trigger_config)
    adc_external_trigger_source_config       0x08000b39   Thumb Code    34  gd32e10x_adc.o(.text.adc_external_trigger_source_config)
    adc_mode_config                          0x08000b5d   Thumb Code    24  gd32e10x_adc.o(.text.adc_mode_config)
    adc_regular_channel_config               0x08000b75   Thumb Code   164  gd32e10x_adc.o(.text.adc_regular_channel_config)
    adc_software_trigger_enable              0x08000c19   Thumb Code    28  gd32e10x_adc.o(.text.adc_software_trigger_enable)
    adc_special_function_config              0x08000c35   Thumb Code    92  gd32e10x_adc.o(.text.adc_special_function_config)
    delay_1ms                                0x08000c91   Thumb Code    36  systick.o(.text.delay_1ms)
    delay_decrement                          0x08000cb5   Thumb Code    24  systick.o(.text.delay_decrement)
    demo                                     0x08000ccd   Thumb Code   114  uniaxial.o(.text.demo)
    dma_channel_disable                      0x08000d41   Thumb Code    36  gd32e10x_dma.o(.text.dma_channel_disable)
    dma_channel_enable                       0x08000d65   Thumb Code    36  gd32e10x_dma.o(.text.dma_channel_enable)
    dma_circulation_disable                  0x08000d89   Thumb Code    36  gd32e10x_dma.o(.text.dma_circulation_disable)
    dma_circulation_enable                   0x08000dad   Thumb Code    36  gd32e10x_dma.o(.text.dma_circulation_enable)
    dma_deinit                               0x08000dd1   Thumb Code    60  gd32e10x_dma.o(.text.dma_deinit)
    dma_init                                 0x08000e0d   Thumb Code   116  gd32e10x_dma.o(.text.dma_init)
    dma_interrupt_enable                     0x08000e81   Thumb Code    34  gd32e10x_dma.o(.text.dma_interrupt_enable)
    dma_interrupt_flag_clear                 0x08000ea5   Thumb Code    14  gd32e10x_dma.o(.text.dma_interrupt_flag_clear)
    dma_interrupt_flag_get                   0x08000eb5   Thumb Code    58  gd32e10x_dma.o(.text.dma_interrupt_flag_get)
    dma_memory_address_config                0x08000ef1   Thumb Code    30  gd32e10x_dma.o(.text.dma_memory_address_config)
    dma_memory_to_memory_disable             0x08000f11   Thumb Code    36  gd32e10x_dma.o(.text.dma_memory_to_memory_disable)
    dma_struct_para_init                     0x08000f35   Thumb Code    26  gd32e10x_dma.o(.text.dma_struct_para_init)
    dma_transfer_number_config               0x08000f51   Thumb Code    32  gd32e10x_dma.o(.text.dma_transfer_number_config)
    dma_transfer_number_get                  0x08000f71   Thumb Code    30  gd32e10x_dma.o(.text.dma_transfer_number_get)
    gd_eval_com_init                         0x08000f91   Thumb Code   196  uart.o(.text.gd_eval_com_init)
    get_pressure                             0x08001055   Thumb Code    32  pressure.o(.text.get_pressure)
    gpio_init                                0x08001075   Thumb Code  1336  gd32e10x_gpio.o(.text.gpio_init)
    main                                     0x080015ad   Thumb Code    98  main.o(.text.main)
    moto_to_zero                             0x08001611   Thumb Code   188  motor.o(.text.moto_to_zero)
    motor_init                               0x080016cd   Thumb Code   128  motor.o(.text.motor_init)
    nvic_irq_enable                          0x0800174d   Thumb Code   100  gd32e10x_misc.o(.text.nvic_irq_enable)
    nvic_vector_table_set                    0x080017b1   Thumb Code    24  gd32e10x_misc.o(.text.nvic_vector_table_set)
    rcu_adc_clock_config                     0x080017c9   Thumb Code   130  gd32e10x_rcu.o(.text.rcu_adc_clock_config)
    rcu_clock_freq_get                       0x0800184d   Thumb Code   272  gd32e10x_rcu.o(.text.rcu_clock_freq_get)
    rcu_periph_clock_enable                  0x0800195d   Thumb Code    30  gd32e10x_rcu.o(.text.rcu_periph_clock_enable)
    rcu_periph_reset_disable                 0x0800197d   Thumb Code    32  gd32e10x_rcu.o(.text.rcu_periph_reset_disable)
    rcu_periph_reset_enable                  0x0800199d   Thumb Code    30  gd32e10x_rcu.o(.text.rcu_periph_reset_enable)
    systick_config                           0x080019bd   Thumb Code    72  systick.o(.text.systick_config)
    timer_channel_capture_value_register_read 0x08001a05   Thumb Code    14  gd32e10x_timer.o(.text.timer_channel_capture_value_register_read)
    timer_interrupt_flag_clear               0x08001a15   Thumb Code     6  gd32e10x_timer.o(.text.timer_interrupt_flag_clear)
    timer_interrupt_flag_get                 0x08001a1d   Thumb Code    22  gd32e10x_timer.o(.text.timer_interrupt_flag_get)
    usart0_init                              0x08001a35   Thumb Code   294  uart.o(.text.usart0_init)
    usart2_init                              0x08001b5d   Thumb Code   308  uart.o(.text.usart2_init)
    usart_baudrate_set                       0x08001c91   Thumb Code   106  gd32e10x_usart.o(.text.usart_baudrate_set)
    usart_deinit                             0x08001cfd   Thumb Code   122  gd32e10x_usart.o(.text.usart_deinit)
    usart_dma_receive_config                 0x08001d79   Thumb Code    12  gd32e10x_usart.o(.text.usart_dma_receive_config)
    usart_dma_send_data                      0x08001d85   Thumb Code   154  uart.o(.text.usart_dma_send_data)
    usart_dma_transmit_config                0x08001e21   Thumb Code    12  gd32e10x_usart.o(.text.usart_dma_transmit_config)
    usart_enable                             0x08001e2d   Thumb Code    10  gd32e10x_usart.o(.text.usart_enable)
    usart_interrupt_enable                   0x08001e39   Thumb Code    22  gd32e10x_usart.o(.text.usart_interrupt_enable)
    usart_interrupt_flag_get                 0x08001e51   Thumb Code    34  gd32e10x_usart.o(.text.usart_interrupt_flag_get)
    usart_receive_config                     0x08001e75   Thumb Code    12  gd32e10x_usart.o(.text.usart_receive_config)
    usart_transmit_config                    0x08001e81   Thumb Code    12  gd32e10x_usart.o(.text.usart_transmit_config)
    __scatterload_copy                       0x08001e8d   Thumb Code    14  handlers.o(i.__scatterload_copy)
    __scatterload_null                       0x08001e9b   Thumb Code     2  handlers.o(i.__scatterload_null)
    __scatterload_zeroinit                   0x08001e9d   Thumb Code    14  handlers.o(i.__scatterload_zeroinit)
    Region$$Table$$Base                      0x08001eb4   Number         0  anon$$obj.o(Region$$Table)
    Region$$Table$$Limit                     0x08001ed4   Number         0  anon$$obj.o(Region$$Table)
    dma0_ch1_idle                            0x20000000   Data           1  uart.o(.data..L_MergedGlobals)
    dma0_ch3_idle                            0x20000001   Data           1  uart.o(.data..L_MergedGlobals)
    SystemCoreClock                          0x20000004   Data           4  system_gd32e10x.o(.data.SystemCoreClock)
    readvalue1                               0x20000010   Data           2  gd32e10x_it.o(.bss..L_MergedGlobals)
    readvalue2                               0x20000012   Data           2  gd32e10x_it.o(.bss..L_MergedGlobals)
    ccnumber                                 0x20000014   Data           2  gd32e10x_it.o(.bss..L_MergedGlobals)
    fre                                      0x20000016   Data           2  gd32e10x_it.o(.bss..L_MergedGlobals)
    count                                    0x20000018   Data           4  gd32e10x_it.o(.bss..L_MergedGlobals)
    motor_curr                               0x2000001c   Data           2  motor.o(.bss..L_MergedGlobals)
    a                                        0x2000001e   Data           2  motor.o(.bss..L_MergedGlobals)
    pressure                                 0x20000020   Data           2  motor.o(.bss..L_MergedGlobals)
    cbuff_state                              0x20000024   Data           4  motor.o(.bss..L_MergedGlobals)
    cbuff_state2                             0x20000028   Data           4  motor.o(.bss..L_MergedGlobals)
    Clear_angele                             0x2000002c   Data           4  motor.o(.bss..L_MergedGlobals)
    motor_err                                0x20000030   Data           4  motor.o(.bss..L_MergedGlobals)
    Motor_enable                             0x20000034   Data           6  motor.o(.bss..L_MergedGlobals)
    Location_send                            0x2000003a   Data          13  motor.o(.bss..L_MergedGlobals)
    Uniaxial_date                            0x20000054   Data          10  uniaxial.o(.bss..L_MergedGlobals)
    test1231                                 0x20000060   Data           1  uart.o(.bss..L_MergedGlobals.1)
    get_dma_len                              0x20000064   Data           4  uart.o(.bss..L_MergedGlobals.1)
    USART0_RxCBuf                            0x20000068   Data          16  uart.o(.bss..L_MergedGlobals.1)
    USART0_RX_CACHE_BUFFER                   0x20000078   Data        2048  uart.o(.bss.USART0_RX_CACHE_BUFFER)
    USART0_RxBuff                            0x20000878   Data        2048  uart.o(.bss.USART0_RxBuff)
    USART0_TxBuff                            0x20001078   Data        2048  uart.o(.bss.USART0_TxBuff)
    USART2_RX_CACHE_BUFFER                   0x20001878   Data        2048  uart.o(.bss.USART2_RX_CACHE_BUFFER)
    USART2_RxBuff                            0x20002078   Data         128  uart.o(.bss.USART2_RxBuff)
    USART2_RxCBuf                            0x200020f8   Data          16  uart.o(.bss.USART2_RxCBuf)
    USART2_TxBuff                            0x20002108   Data         128  uart.o(.bss.USART2_TxBuff)
    adc_value                                0x20002188   Data          16  adc.o(.bss.adc_value)
    get_motor                                0x2000219c   Data         128  motor.o(.bss.get_motor)
    get_vofa                                 0x20002224   Data         128  motor.o(.bss.get_vofa)
    time_1ms                                 0x200022a4   Data           4  main.o(.bss.time_1ms)
    __initial_sp                             0x200026a8   Data           0  startup_gd32e10x.o(STACK)



==============================================================================

Memory Map of the image

  Image Entry point : 0x08000151

  Load Region LR_IROM1 (Base: 0x08000000, Size: 0x00001ee8, Max: 0x00020000, ABSOLUTE)

    Execution Region ER_IROM1 (Exec base: 0x08000000, Load base: 0x08000000, Size: 0x00001ed4, Max: 0x00020000, ABSOLUTE)

    Exec Addr    Load Addr    Size         Type   Attr      Idx    E Section Name        Object

    0x08000000   0x08000000   0x00000150   Data   RO         1358    RESET               startup_gd32e10x.o
    0x08000150   0x08000150   0x00000000   Code   RO         1577  * .ARM.Collect$$$$00000000  mc_w.l(entry.o)
    0x08000150   0x08000150   0x00000004   Code   RO         1616    .ARM.Collect$$$$00000001  mc_w.l(entry2.o)
    0x08000154   0x08000154   0x00000004   Code   RO         1619    .ARM.Collect$$$$00000004  mc_w.l(entry5.o)
    0x08000158   0x08000158   0x00000000   Code   RO         1621    .ARM.Collect$$$$00000008  mc_w.l(entry7b.o)
    0x08000158   0x08000158   0x00000000   Code   RO         1623    .ARM.Collect$$$$0000000A  mc_w.l(entry8b.o)
    0x08000158   0x08000158   0x00000008   Code   RO         1624    .ARM.Collect$$$$0000000B  mc_w.l(entry9a.o)
    0x08000160   0x08000160   0x00000000   Code   RO         1626    .ARM.Collect$$$$0000000D  mc_w.l(entry10a.o)
    0x08000160   0x08000160   0x00000000   Code   RO         1628    .ARM.Collect$$$$0000000F  mc_w.l(entry11a.o)
    0x08000160   0x08000160   0x00000004   Code   RO         1617    .ARM.Collect$$$$00002712  mc_w.l(entry2.o)
    0x08000164   0x08000164   0x00000024   Code   RO         1359    .text               startup_gd32e10x.o
    0x08000188   0x08000188   0x00000024   Code   RO         1580    .text               mc_w.l(memcpya.o)
    0x080001ac   0x080001ac   0x00000024   Code   RO         1582    .text               mc_w.l(memseta.o)
    0x080001d0   0x080001d0   0x00000024   Code   RO         1632    .text               mc_w.l(init.o)
    0x080001f4   0x080001f4   0x00000002   Code   RO           37    .text.BusFault_Handler  gd32e10x_it.o
    0x080001f6   0x080001f6   0x00000002   PAD
    0x080001f8   0x080001f8   0x00000184   Code   RO         1515    .text.Check_data_from_python  motor.o
    0x0800037c   0x0800037c   0x0000006e   Code   RO         1452    .text.CircBuf_Init  circular_buffer.o
    0x080003ea   0x080003ea   0x00000002   PAD
    0x080003ec   0x080003ec   0x00000044   Code   RO         1460    .text.CircBuf_Pop   circular_buffer.o
    0x08000430   0x08000430   0x00000046   Code   RO         1458    .text.CircBuf_Push  circular_buffer.o
    0x08000476   0x08000476   0x00000002   PAD
    0x08000478   0x08000478   0x00000026   Code   RO         1536    .text.DMA0_Channel0_IRQHandler  adc.o
    0x0800049e   0x0800049e   0x00000002   PAD
    0x080004a0   0x080004a0   0x00000030   Code   RO         1394    .text.DMA0_Channel1_IRQHandler  uart.o
    0x080004d0   0x080004d0   0x00000030   Code   RO         1396    .text.DMA0_Channel3_IRQHandler  uart.o
    0x08000500   0x08000500   0x00000026   Code   RO         1408    .text.DMA0_Channel4_IRQHandler  uart.o
    0x08000526   0x08000526   0x00000002   PAD
    0x08000528   0x08000528   0x00000002   Code   RO           43    .text.DebugMon_Handler  gd32e10x_it.o
    0x0800052a   0x0800052a   0x00000002   PAD
    0x0800052c   0x0800052c   0x00000002   Code   RO           33    .text.HardFault_Handler  gd32e10x_it.o
    0x0800052e   0x0800052e   0x00000002   PAD
    0x08000530   0x08000530   0x00000002   Code   RO           35    .text.MemManage_Handler  gd32e10x_it.o
    0x08000532   0x08000532   0x00000002   PAD
    0x08000534   0x08000534   0x00000002   Code   RO           31    .text.NMI_Handler   gd32e10x_it.o
    0x08000536   0x08000536   0x00000002   PAD
    0x08000538   0x08000538   0x00000002   Code   RO           45    .text.PendSV_Handler  gd32e10x_it.o
    0x0800053a   0x0800053a   0x00000002   PAD
    0x0800053c   0x0800053c   0x00000002   Code   RO           41    .text.SVC_Handler   gd32e10x_it.o
    0x0800053e   0x0800053e   0x00000002   PAD
    0x08000540   0x08000540   0x00000004   Code   RO           47    .text.SysTick_Handler  gd32e10x_it.o
    0x08000544   0x08000544   0x0000014a   Code   RO           84    .text.SystemInit    system_gd32e10x.o
    0x0800068e   0x0800068e   0x00000002   PAD
    0x08000690   0x08000690   0x00000078   Code   RO           49    .text.TIMER2_IRQHandler  gd32e10x_it.o
    0x08000708   0x08000708   0x00000024   Code   RO            4    .text.TIMER3_IRQHandler  main.o
    0x0800072c   0x0800072c   0x00000084   Code   RO         1404    .text.USART0_IRQHandler  uart.o
    0x080007b0   0x080007b0   0x0000007a   Code   RO         1406    .text.USART2_IRQHandler  uart.o
    0x0800082a   0x0800082a   0x00000002   PAD
    0x0800082c   0x0800082c   0x00000002   Code   RO           39    .text.UsageFault_Handler  gd32e10x_it.o
    0x0800082e   0x0800082e   0x00000002   PAD
    0x08000830   0x08000830   0x000000f4   Code   RO         1542    .text.adc_5init     adc.o
    0x08000924   0x08000924   0x0000004a   Code   RO          109    .text.adc_calibration_enable  gd32e10x_adc.o
    0x0800096e   0x0800096e   0x00000002   PAD
    0x08000970   0x08000970   0x0000003a   Code   RO          129    .text.adc_channel_length_config  gd32e10x_adc.o
    0x080009aa   0x080009aa   0x00000002   PAD
    0x080009ac   0x080009ac   0x000000de   Code   RO         1540    .text.adc_config    adc.o
    0x08000a8a   0x08000a8a   0x00000002   PAD
    0x08000a8c   0x08000a8c   0x00000012   Code   RO          103    .text.adc_data_alignment_config  gd32e10x_adc.o
    0x08000a9e   0x08000a9e   0x00000002   PAD
    0x08000aa0   0x08000aa0   0x00000036   Code   RO           97    .text.adc_deinit    gd32e10x_adc.o
    0x08000ad6   0x08000ad6   0x00000002   PAD
    0x08000ad8   0x08000ad8   0x0000000a   Code   RO          123    .text.adc_dma_mode_enable  gd32e10x_adc.o
    0x08000ae2   0x08000ae2   0x00000002   PAD
    0x08000ae4   0x08000ae4   0x00000012   Code   RO          105    .text.adc_enable    gd32e10x_adc.o
    0x08000af6   0x08000af6   0x00000002   PAD
    0x08000af8   0x08000af8   0x00000040   Code   RO          139    .text.adc_external_trigger_config  gd32e10x_adc.o
    0x08000b38   0x08000b38   0x00000022   Code   RO          137    .text.adc_external_trigger_source_config  gd32e10x_adc.o
    0x08000b5a   0x08000b5a   0x00000002   PAD
    0x08000b5c   0x08000b5c   0x00000018   Code   RO           99    .text.adc_mode_config  gd32e10x_adc.o
    0x08000b74   0x08000b74   0x000000a4   Code   RO          131    .text.adc_regular_channel_config  gd32e10x_adc.o
    0x08000c18   0x08000c18   0x0000001c   Code   RO          141    .text.adc_software_trigger_enable  gd32e10x_adc.o
    0x08000c34   0x08000c34   0x0000005c   Code   RO          101    .text.adc_special_function_config  gd32e10x_adc.o
    0x08000c90   0x08000c90   0x00000024   Code   RO           18    .text.delay_1ms     systick.o
    0x08000cb4   0x08000cb4   0x00000018   Code   RO           20    .text.delay_decrement  systick.o
    0x08000ccc   0x08000ccc   0x00000072   Code   RO         1566    .text.demo          uniaxial.o
    0x08000d3e   0x08000d3e   0x00000002   PAD
    0x08000d40   0x08000d40   0x00000024   Code   RO          477    .text.dma_channel_disable  gd32e10x_dma.o
    0x08000d64   0x08000d64   0x00000024   Code   RO          475    .text.dma_channel_enable  gd32e10x_dma.o
    0x08000d88   0x08000d88   0x00000024   Code   RO          469    .text.dma_circulation_disable  gd32e10x_dma.o
    0x08000dac   0x08000dac   0x00000024   Code   RO          467    .text.dma_circulation_enable  gd32e10x_dma.o
    0x08000dd0   0x08000dd0   0x0000003c   Code   RO          461    .text.dma_deinit    gd32e10x_dma.o
    0x08000e0c   0x08000e0c   0x00000074   Code   RO          465    .text.dma_init      gd32e10x_dma.o
    0x08000e80   0x08000e80   0x00000022   Code   RO          511    .text.dma_interrupt_enable  gd32e10x_dma.o
    0x08000ea2   0x08000ea2   0x00000002   PAD
    0x08000ea4   0x08000ea4   0x0000000e   Code   RO          509    .text.dma_interrupt_flag_clear  gd32e10x_dma.o
    0x08000eb2   0x08000eb2   0x00000002   PAD
    0x08000eb4   0x08000eb4   0x0000003a   Code   RO          507    .text.dma_interrupt_flag_get  gd32e10x_dma.o
    0x08000eee   0x08000eee   0x00000002   PAD
    0x08000ef0   0x08000ef0   0x0000001e   Code   RO          481    .text.dma_memory_address_config  gd32e10x_dma.o
    0x08000f0e   0x08000f0e   0x00000002   PAD
    0x08000f10   0x08000f10   0x00000024   Code   RO          473    .text.dma_memory_to_memory_disable  gd32e10x_dma.o
    0x08000f34   0x08000f34   0x0000001a   Code   RO          463    .text.dma_struct_para_init  gd32e10x_dma.o
    0x08000f4e   0x08000f4e   0x00000002   PAD
    0x08000f50   0x08000f50   0x00000020   Code   RO          483    .text.dma_transfer_number_config  gd32e10x_dma.o
    0x08000f70   0x08000f70   0x0000001e   Code   RO          485    .text.dma_transfer_number_get  gd32e10x_dma.o
    0x08000f8e   0x08000f8e   0x00000002   PAD
    0x08000f90   0x08000f90   0x000000c4   Code   RO         1380    .text.gd_eval_com_init  uart.o
    0x08001054   0x08001054   0x00000020   Code   RO         1553    .text.get_pressure  pressure.o
    0x08001074   0x08001074   0x00000538   Code   RO          675    .text.gpio_init     gd32e10x_gpio.o
    0x080015ac   0x080015ac   0x00000062   Code   RO            2    .text.main          main.o
    0x0800160e   0x0800160e   0x00000002   PAD
    0x08001610   0x08001610   0x000000bc   Code   RO         1517    .text.moto_to_zero  motor.o
    0x080016cc   0x080016cc   0x00000080   Code   RO         1499    .text.motor_init    motor.o
    0x0800174c   0x0800174c   0x00000064   Code   RO          797    .text.nvic_irq_enable  gd32e10x_misc.o
    0x080017b0   0x080017b0   0x00000018   Code   RO          801    .text.nvic_vector_table_set  gd32e10x_misc.o
    0x080017c8   0x080017c8   0x00000082   Code   RO          896    .text.rcu_adc_clock_config  gd32e10x_rcu.o
    0x0800184a   0x0800184a   0x00000002   PAD
    0x0800184c   0x0800184c   0x00000110   Code   RO          938    .text.rcu_clock_freq_get  gd32e10x_rcu.o
    0x0800195c   0x0800195c   0x0000001e   Code   RO          856    .text.rcu_periph_clock_enable  gd32e10x_rcu.o
    0x0800197a   0x0800197a   0x00000002   PAD
    0x0800197c   0x0800197c   0x00000020   Code   RO          866    .text.rcu_periph_reset_disable  gd32e10x_rcu.o
    0x0800199c   0x0800199c   0x0000001e   Code   RO          864    .text.rcu_periph_reset_enable  gd32e10x_rcu.o
    0x080019ba   0x080019ba   0x00000002   PAD
    0x080019bc   0x080019bc   0x00000048   Code   RO           16    .text.systick_config  systick.o
    0x08001a04   0x08001a04   0x0000000e   Code   RO         1171    .text.timer_channel_capture_value_register_read  gd32e10x_timer.o
    0x08001a12   0x08001a12   0x00000002   PAD
    0x08001a14   0x08001a14   0x00000006   Code   RO         1211    .text.timer_interrupt_flag_clear  gd32e10x_timer.o
    0x08001a1a   0x08001a1a   0x00000002   PAD
    0x08001a1c   0x08001a1c   0x00000016   Code   RO         1209    .text.timer_interrupt_flag_get  gd32e10x_timer.o
    0x08001a32   0x08001a32   0x00000002   PAD
    0x08001a34   0x08001a34   0x00000126   Code   RO         1378    .text.usart0_init   uart.o
    0x08001b5a   0x08001b5a   0x00000002   PAD
    0x08001b5c   0x08001b5c   0x00000134   Code   RO         1388    .text.usart2_init   uart.o
    0x08001c90   0x08001c90   0x0000006a   Code   RO         1227    .text.usart_baudrate_set  gd32e10x_usart.o
    0x08001cfa   0x08001cfa   0x00000002   PAD
    0x08001cfc   0x08001cfc   0x0000007a   Code   RO         1225    .text.usart_deinit  gd32e10x_usart.o
    0x08001d76   0x08001d76   0x00000002   PAD
    0x08001d78   0x08001d78   0x0000000c   Code   RO         1309    .text.usart_dma_receive_config  gd32e10x_usart.o
    0x08001d84   0x08001d84   0x0000009a   Code   RO         1398    .text.usart_dma_send_data  uart.o
    0x08001e1e   0x08001e1e   0x00000002   PAD
    0x08001e20   0x08001e20   0x0000000c   Code   RO         1311    .text.usart_dma_transmit_config  gd32e10x_usart.o
    0x08001e2c   0x08001e2c   0x0000000a   Code   RO         1235    .text.usart_enable  gd32e10x_usart.o
    0x08001e36   0x08001e36   0x00000002   PAD
    0x08001e38   0x08001e38   0x00000016   Code   RO         1319    .text.usart_interrupt_enable  gd32e10x_usart.o
    0x08001e4e   0x08001e4e   0x00000002   PAD
    0x08001e50   0x08001e50   0x00000022   Code   RO         1323    .text.usart_interrupt_flag_get  gd32e10x_usart.o
    0x08001e72   0x08001e72   0x00000002   PAD
    0x08001e74   0x08001e74   0x0000000c   Code   RO         1241    .text.usart_receive_config  gd32e10x_usart.o
    0x08001e80   0x08001e80   0x0000000c   Code   RO         1239    .text.usart_transmit_config  gd32e10x_usart.o
    0x08001e8c   0x08001e8c   0x0000000e   Code   RO         1636    i.__scatterload_copy  mc_w.l(handlers.o)
    0x08001e9a   0x08001e9a   0x00000002   Code   RO         1637    i.__scatterload_null  mc_w.l(handlers.o)
    0x08001e9c   0x08001e9c   0x0000000e   Code   RO         1638    i.__scatterload_zeroinit  mc_w.l(handlers.o)
    0x08001eaa   0x08001eaa   0x00000008   Data   RO          940    .rodata.cst8        gd32e10x_rcu.o
    0x08001eb2   0x08001eb2   0x00000002   PAD
    0x08001eb4   0x08001eb4   0x00000020   Data   RO         1635    Region$$Table       anon$$obj.o


    Execution Region RW_IRAM1 (Exec base: 0x20000000, Load base: 0x08001ed8, Size: 0x000026a8, Max: 0x00008000, ABSOLUTE)

    Exec Addr    Load Addr    Size         Type   Attr      Idx    E Section Name        Object

    0x20000000   0x08001ed8   0x00000002   Data   RW         1436    .data..L_MergedGlobals  uart.o
    0x20000002   0x08001eda   0x00000002   PAD
    0x20000004   0x08001edc   0x00000004   Data   RW           88    .data.SystemCoreClock  system_gd32e10x.o
    0x20000008   0x08001ee0   0x00000004   Data   RW         1568    .data.demo.resis    uniaxial.o
    0x2000000c   0x08001ee4   0x00000004   PAD
    0x20000010        -       0x0000000c   Zero   RW           51    .bss..L_MergedGlobals  gd32e10x_it.o
    0x2000001c        -       0x0000002b   Zero   RW         1524    .bss..L_MergedGlobals  motor.o
    0x20000047   0x08001ee4   0x00000001   PAD
    0x20000048        -       0x00000016   Zero   RW         1569    .bss..L_MergedGlobals  uniaxial.o
    0x2000005e   0x08001ee4   0x00000002   PAD
    0x20000060        -       0x00000018   Zero   RW         1437    .bss..L_MergedGlobals.1  uart.o
    0x20000078        -       0x00000800   Zero   RW         1429    .bss.USART0_RX_CACHE_BUFFER  uart.o
    0x20000878        -       0x00000800   Zero   RW         1425    .bss.USART0_RxBuff  uart.o
    0x20001078        -       0x00000800   Zero   RW         1426    .bss.USART0_TxBuff  uart.o
    0x20001878        -       0x00000800   Zero   RW         1431    .bss.USART2_RX_CACHE_BUFFER  uart.o
    0x20002078        -       0x00000080   Zero   RW         1427    .bss.USART2_RxBuff  uart.o
    0x200020f8        -       0x00000010   Zero   RW         1433    .bss.USART2_RxCBuf  uart.o
    0x20002108        -       0x00000080   Zero   RW         1428    .bss.USART2_TxBuff  uart.o
    0x20002188        -       0x00000010   Zero   RW         1544    .bss.adc_value      adc.o
    0x20002198        -       0x00000004   Zero   RW           22    .bss.delay          systick.o
    0x2000219c        -       0x00000080   Zero   RW         1520    .bss.get_motor      motor.o
    0x2000221c        -       0x00000008   Zero   RW         1555    .bss.get_pressure.abc  pressure.o
    0x20002224        -       0x00000080   Zero   RW         1519    .bss.get_vofa       motor.o
    0x200022a4        -       0x00000004   Zero   RW            7    .bss.time_1ms       main.o
    0x200022a8        -       0x00000400   Zero   RW         1356    STACK               startup_gd32e10x.o


==============================================================================

Image component sizes


      Code (inc. data)   RO Data    RW Data    ZI Data      Debug   Object Name

       504          0          0          0         16       2792   adc.o
       248          0          0          0          0       5485   circular_buffer.o
       638          0          0          0          0      10023   gd32e10x_adc.o
       580          0          0          0          0       7720   gd32e10x_dma.o
      1336          0          0          0          0       8760   gd32e10x_gpio.o
       140          0          0          0         12       1569   gd32e10x_it.o
       124          0          0          0          0       3396   gd32e10x_misc.o
       494         20          8          0          0      16516   gd32e10x_rcu.o
        42          0          0          0          0      20444   gd32e10x_timer.o
       342          0          0          0          0      12246   gd32e10x_usart.o
       134          0          0          0          4        836   main.o
       704          8          0          0        299       4484   motor.o
        32          0          0          0          8        692   pressure.o
        36          8        336          0       1024        912   startup_gd32e10x.o
       330          0          0          4          0       2639   system_gd32e10x.o
       132          0          0          0          4       3983   systick.o
      1340         64          0          2       8488      10826   uart.o
       114          0          0          4         22       1659   uniaxial.o

    ----------------------------------------------------------------------
      7356        100        378         12       9884     114982   Object Totals
         0          0         32          0          0          0   (incl. Generated)
        86          0          2          2          7          0   (incl. Padding)

    ----------------------------------------------------------------------

      Code (inc. data)   RO Data    RW Data    ZI Data      Debug   Library Member Name

         0          0          0          0          0          0   entry.o
         0          0          0          0          0          0   entry10a.o
         0          0          0          0          0          0   entry11a.o
         8          4          0          0          0          0   entry2.o
         4          0          0          0          0          0   entry5.o
         0          0          0          0          0          0   entry7b.o
         0          0          0          0          0          0   entry8b.o
         8          4          0          0          0          0   entry9a.o
        30          0          0          0          0          0   handlers.o
        36          8          0          0          0         68   init.o
        36          0          0          0          0         68   memcpya.o
        36          0          0          0          0        108   memseta.o

    ----------------------------------------------------------------------
       158         16          0          0          0        244   Library Totals
         0          0          0          0          0          0   (incl. Padding)

    ----------------------------------------------------------------------

      Code (inc. data)   RO Data    RW Data    ZI Data      Debug   Library Name

       158         16          0          0          0        244   mc_w.l

    ----------------------------------------------------------------------
       158         16          0          0          0        244   Library Totals

    ----------------------------------------------------------------------

==============================================================================


      Code (inc. data)   RO Data    RW Data    ZI Data      Debug   

      7514        116        378         12       9884     115122   Grand Totals
      7514        116        378         12       9884     115122   ELF Image Totals
      7514        116        378         12          0          0   ROM Totals

==============================================================================

    Total RO  Size (Code + RO Data)                 7892 (   7.71kB)
    Total RW  Size (RW Data + ZI Data)              9896 (   9.66kB)
    Total ROM Size (Code + RO Data + RW Data)       7904 (   7.72kB)

==============================================================================

